<html>
<body>
<pre>
<h1>µVision Build Log</h1>
<h2>Tool Versions:</h2>
IDE-Version: ¦ÌVision V5.38.0.0
Copyright (C) 2022 ARM Ltd and ARM Germany GmbH. All rights reserved.
License Information: A A, A, LIC=FYKYW-QYR78-LQ20Q-NIHIA-RX7R6-ALUQ1
 
Tool Versions:
Toolchain:       MDK-ARM Plus  Version: 5.38.0.0
Toolchain Path:  C:\Keil_v5\ARM\ARMV5\Bin
C Compiler:      Armcc.exe V5.06 update 7 (build 960)
Assembler:       Armasm.exe V5.06 update 7 (build 960)
Linker/Locator:  ArmLink.exe V5.06 update 7 (build 960)
Library Manager: ArmAr.exe V5.06 update 7 (build 960)
Hex Converter:   FromElf.exe V5.06 update 7 (build 960)
CPU DLL:         SARMCM3.DLL V5.38.0.0
Dialog DLL:      DCM.DLL V1.17.5.0
Target DLL:      CMSIS_AGDI.dll V1.33.15.0
Dialog DLL:      TCM.DLL V1.56.4.0
 
<h2>Project:</h2>
C:\Users\Admin\Desktop\GIT´¢´æ¿â\AT32F415-\F415\project\MDK_V5\F415.uvprojx
Project File Date:  06/06/2024

<h2>Output:</h2>
*** Using Compiler 'V5.06 update 7 (build 960)', folder: 'C:\Keil_v5\ARM\ARMV5\Bin'
Rebuild target 'F415'
compiling main.c...
compiling at32f415_int.c...
compiling at32f415_wk_config.c...
compiling at32f415_debug.c...
compiling at32f415_gpio.c...
compiling at32f415_crc.c...
compiling value.c...
compiling at32f415_exint.c...
compiling at32f415_flash.c...
compiling delay.c...
compiling at32f415_crm.c...
compiling W5500.c...
compiling at32f415_ertc.c...
compiling at32f415_misc.c...
compiling at32f415_pwc.c...
compiling at32f415_spi.c...
compiling at32f415_i2c.c...
assembling startup_at32f415.s...
compiling at32f415_tmr.c...
compiling at32f415_usart.c...
compiling at32f415_usb.c...
compiling at32f415_dma.c...
compiling system_at32f415.c...
linking...
Program Size: Code=10296 RO-data=456 RW-data=16 ZI-data=5168  
FromELF: creating hex file...
After Build - User command #1: keil-build-viewer.exe
=================================================== keil-build-viewer v1.5b ==================================================
 
[F415.uvprojx]  [F415]  [-AT32F415CBT7]
 
----------------------------------------------------------------------------------------------------------------------
                            FILE(s)                            |         RAM (byte)       |       FLASH (byte)       |
----------------------------------------------------------------------------------------------------------------------
..\..\libraries\drivers\src\at32f415_crc.c():                  |           0              |         104              |
..\..\libraries\drivers\src\at32f415_crm.c():                  |           0              |        1384              |
..\..\libraries\drivers\src\at32f415_dma.c():                  |           0              |         430              |
..\..\libraries\drivers\src\at32f415_ertc.c():                 |           0              |         672              |
..\..\libraries\drivers\src\at32f415_exint.c():                |           0              |         166              |
..\..\libraries\drivers\src\at32f415_gpio.c():                 |           0              |         434              |
..\..\libraries\drivers\src\at32f415_i2c.c():                  |           0              |         336              |
..\src\at32f415_int.c():                                       |           0              |         230              |
..\..\libraries\drivers\src\at32f415_misc.c():                 |           0              |         240              |
..\..\libraries\drivers\src\at32f415_pwc.c():                  |           0              |          20              |
..\..\libraries\drivers\src\at32f415_spi.c():                  |           0              |         344              |
..\..\libraries\drivers\src\at32f415_tmr.c():                  |           0              |         450              |
..\..\libraries\drivers\src\at32f415_usart.c():                |           0              |         414              |
..\src\at32f415_wk_config.c():                                 |           0              |        3316              |
.\delay.c():                                                   |           8              |         124              |
..\src\main.c():                                               |           0              |         540              |
.\startup_at32f415.s():                                        |        1024              |         404              |
..\..\libraries\cmsis\cm4\device_support\system_at32f415.c():  |           4              |         516              |
.\value.c():                                                   |        4144              |          56              |
----------------------------------------------------------------------------------------------------------------------
LR_IROM1
        RAM 1             [0x20000000 | 0x02000000 (33554432)]
                RW_IRAM1  [0x20000000]|¡ö¡õ¡õ¡õ¡õ¡õ¡õ___________________________________________| (   5.0 KB /  32.0 KB )  15.8%  
 
        FLASH 1           [0x08000000 | 0x08000000 (134217728)]
                ER_IROM1  [0x08000000]|¡ö¡ö¡ö¡ö______________________________________________| (  10.5 KB / 128.0 KB )   8.2%  
 
Maximum Stack Usage =        160 bytes + Unknown(Cycles, Untraceable Function Pointers)
 
=============================================================================================================================
".\objects\F415.axf" - 0 Error(s), 0 Warning(s).

<h2>Software Packages used:</h2>

Package Vendor: ArteryTek
                
                ArteryTek.AT32F415_DFP.2.1.4
                ArteryTek AT32F415 Series Device Support,Drivers

<h2>Collection of Component include folders:</h2>
  C:/Users/Admin/AppData/Local/Arm/Packs/ArteryTek/AT32F415_DFP/2.1.4/Device/Include

<h2>Collection of Component Files used:</h2>
Build Time Elapsed:  00:00:01
</pre>
</body>
</html>
