Component: ARM Compiler 5.06 update 7 (build 960) Tool: armlink [4d3601]

==============================================================================

Section Cross References

    main.o(i.fputc) refers to at32f415_usart.o(i.usart_flag_get) for usart_flag_get
    main.o(i.fputc) refers to at32f415_usart.o(i.usart_data_transmit) for usart_data_transmit
    main.o(i.main) refers to at32f415_wk_config.o(i.wk_system_clock_config) for wk_system_clock_config
    main.o(i.main) refers to at32f415_wk_config.o(i.wk_periph_clock_config) for wk_periph_clock_config
    main.o(i.main) refers to at32f415_wk_config.o(i.wk_debug_config) for wk_debug_config
    main.o(i.main) refers to at32f415_wk_config.o(i.wk_nvic_config) for wk_nvic_config
    main.o(i.main) refers to at32f415_wk_config.o(i.wk_dma1_channel1_init) for wk_dma1_channel1_init
    main.o(i.main) refers to at32f415_wk_config.o(i.wk_dma_channel_config) for wk_dma_channel_config
    main.o(i.main) refers to at32f415_dma.o(i.dma_channel_enable) for dma_channel_enable
    main.o(i.main) refers to at32f415_wk_config.o(i.wk_dma1_channel3_init) for wk_dma1_channel3_init
    main.o(i.main) refers to at32f415_wk_config.o(i.wk_dma1_channel4_init) for wk_dma1_channel4_init
    main.o(i.main) refers to at32f415_wk_config.o(i.wk_dma1_channel5_init) for wk_dma1_channel5_init
    main.o(i.main) refers to at32f415_wk_config.o(i.wk_dma1_channel6_init) for wk_dma1_channel6_init
    main.o(i.main) refers to at32f415_wk_config.o(i.wk_dma1_channel7_init) for wk_dma1_channel7_init
    main.o(i.main) refers to at32f415_wk_config.o(i.wk_dma2_channel1_init) for wk_dma2_channel1_init
    main.o(i.main) refers to at32f415_wk_config.o(i.wk_dma2_channel2_init) for wk_dma2_channel2_init
    main.o(i.main) refers to at32f415_wk_config.o(i.wk_dma2_channel3_init) for wk_dma2_channel3_init
    main.o(i.main) refers to at32f415_wk_config.o(i.wk_dma2_channel4_init) for wk_dma2_channel4_init
    main.o(i.main) refers to at32f415_wk_config.o(i.wk_dma2_channel5_init) for wk_dma2_channel5_init
    main.o(i.main) refers to at32f415_wk_config.o(i.wk_usart1_init) for wk_usart1_init
    main.o(i.main) refers to at32f415_wk_config.o(i.wk_usart2_init) for wk_usart2_init
    main.o(i.main) refers to at32f415_wk_config.o(i.wk_usart3_init) for wk_usart3_init
    main.o(i.main) refers to at32f415_wk_config.o(i.wk_spi1_init) for wk_spi1_init
    main.o(i.main) refers to at32f415_wk_config.o(i.wk_spi2_init) for wk_spi2_init
    main.o(i.main) refers to at32f415_wk_config.o(i.wk_i2c1_init) for wk_i2c1_init
    main.o(i.main) refers to at32f415_wk_config.o(i.wk_i2c2_init) for wk_i2c2_init
    main.o(i.main) refers to at32f415_wk_config.o(i.wk_ertc_init) for wk_ertc_init
    main.o(i.main) refers to at32f415_wk_config.o(i.wk_exint_config) for wk_exint_config
    main.o(i.main) refers to at32f415_wk_config.o(i.wk_tmr3_init) for wk_tmr3_init
    main.o(i.main) refers to at32f415_wk_config.o(i.wk_usb_otgfs1_init) for wk_usb_otgfs1_init
    main.o(i.main) refers to at32f415_wk_config.o(i.wk_crc_init) for wk_crc_init
    main.o(i.main) refers to at32f415_wk_config.o(i.wk_gpio_config) for wk_gpio_config
    main.o(i.main) refers to delay.o(i.delay_ms) for delay_ms
    main.o(i.main) refers to printf2.o(i.__0printf$2) for __2printf
    main.o(i.main) refers to value.o(.bss) for UART_1
    at32f415_wk_config.o(i.wk_crc_init) refers to at32f415_crc.o(i.crc_init_data_set) for crc_init_data_set
    at32f415_wk_config.o(i.wk_crc_init) refers to at32f415_crc.o(i.crc_poly_size_set) for crc_poly_size_set
    at32f415_wk_config.o(i.wk_crc_init) refers to at32f415_crc.o(i.crc_poly_value_set) for crc_poly_value_set
    at32f415_wk_config.o(i.wk_crc_init) refers to at32f415_crc.o(i.crc_reverse_input_data_set) for crc_reverse_input_data_set
    at32f415_wk_config.o(i.wk_crc_init) refers to at32f415_crc.o(i.crc_reverse_output_data_set) for crc_reverse_output_data_set
    at32f415_wk_config.o(i.wk_crc_init) refers to at32f415_crc.o(i.crc_data_reset) for crc_data_reset
    at32f415_wk_config.o(i.wk_debug_config) refers to at32f415_gpio.o(i.gpio_pin_remap_config) for gpio_pin_remap_config
    at32f415_wk_config.o(i.wk_dma1_channel1_init) refers to at32f415_dma.o(i.dma_reset) for dma_reset
    at32f415_wk_config.o(i.wk_dma1_channel1_init) refers to at32f415_dma.o(i.dma_default_para_init) for dma_default_para_init
    at32f415_wk_config.o(i.wk_dma1_channel1_init) refers to at32f415_dma.o(i.dma_init) for dma_init
    at32f415_wk_config.o(i.wk_dma1_channel1_init) refers to at32f415_dma.o(i.dma_flexible_config) for dma_flexible_config
    at32f415_wk_config.o(i.wk_dma1_channel3_init) refers to at32f415_dma.o(i.dma_reset) for dma_reset
    at32f415_wk_config.o(i.wk_dma1_channel3_init) refers to at32f415_dma.o(i.dma_default_para_init) for dma_default_para_init
    at32f415_wk_config.o(i.wk_dma1_channel3_init) refers to at32f415_dma.o(i.dma_init) for dma_init
[...]
    Removing at32f415_pwc.o(i.pwc_wakeup_pin_enable), (32 bytes).
    Removing at32f415_spi.o(.rev16_text), (4 bytes).
    Removing at32f415_spi.o(.revsh_text), (4 bytes).
    Removing at32f415_spi.o(.rrx_text), (6 bytes).
    Removing at32f415_spi.o(i.i2s_default_para_init), (22 bytes).
    Removing at32f415_spi.o(i.i2s_enable), (10 bytes).
    Removing at32f415_spi.o(i.i2s_init), (554 bytes).
    Removing at32f415_spi.o(i.spi_crc_enable), (10 bytes).
    Removing at32f415_spi.o(i.spi_crc_next_transmit), (14 bytes).
    Removing at32f415_spi.o(i.spi_crc_polynomial_get), (8 bytes).
    Removing at32f415_spi.o(i.spi_crc_polynomial_set), (10 bytes).
    Removing at32f415_spi.o(i.spi_crc_value_get), (18 bytes).
    Removing at32f415_spi.o(i.spi_frame_bit_num_set), (10 bytes).
    Removing at32f415_spi.o(i.spi_half_duplex_direction_set), (10 bytes).
    Removing at32f415_spi.o(i.spi_hardware_cs_output_enable), (10 bytes).
    Removing at32f415_spi.o(i.spi_i2s_data_receive), (8 bytes).
    Removing at32f415_spi.o(i.spi_i2s_data_transmit), (4 bytes).
    Removing at32f415_spi.o(i.spi_i2s_flag_clear), (48 bytes).
    Removing at32f415_spi.o(i.spi_i2s_flag_get), (16 bytes).
    Removing at32f415_spi.o(i.spi_i2s_interrupt_enable), (18 bytes).
    Removing at32f415_spi.o(i.spi_i2s_interrupt_flag_get), (160 bytes).
    Removing at32f415_spi.o(i.spi_i2s_reset), (64 bytes).
    Removing at32f415_spi.o(i.spi_software_cs_internal_level_set), (10 bytes).
    Removing at32f415_tmr.o(.rev16_text), (4 bytes).
    Removing at32f415_tmr.o(.revsh_text), (4 bytes).
    Removing at32f415_tmr.o(.rrx_text), (6 bytes).
    Removing at32f415_tmr.o(i.tmr_32_bit_function_enable), (28 bytes).
    Removing at32f415_tmr.o(i.tmr_brkdt_config), (72 bytes).
    Removing at32f415_tmr.o(i.tmr_brkdt_default_para_init), (18 bytes).
    Removing at32f415_tmr.o(i.tmr_channel1_input_select), (10 bytes).
    Removing at32f415_tmr.o(i.tmr_channel_buffer_enable), (10 bytes).
    Removing at32f415_tmr.o(i.tmr_channel_dma_select), (10 bytes).
    Removing at32f415_tmr.o(i.tmr_channel_enable), (96 bytes).
    Removing at32f415_tmr.o(i.tmr_channel_value_get), (46 bytes).
    Removing at32f415_tmr.o(i.tmr_channel_value_set), (40 bytes).
    Removing at32f415_tmr.o(i.tmr_counter_value_get), (6 bytes).
    Removing at32f415_tmr.o(i.tmr_counter_value_set), (4 bytes).
    Removing at32f415_tmr.o(i.tmr_div_value_get), (6 bytes).
    Removing at32f415_tmr.o(i.tmr_div_value_set), (4 bytes).
    Removing at32f415_tmr.o(i.tmr_dma_control_config), (18 bytes).
    Removing at32f415_tmr.o(i.tmr_dma_request_enable), (22 bytes).
    Removing at32f415_tmr.o(i.tmr_event_sw_trigger), (8 bytes).
    Removing at32f415_tmr.o(i.tmr_external_clock_config), (28 bytes).
    Removing at32f415_tmr.o(i.tmr_external_clock_mode1_config), (44 bytes).
    Removing at32f415_tmr.o(i.tmr_external_clock_mode2_config), (36 bytes).
    Removing at32f415_tmr.o(i.tmr_flag_clear), (6 bytes).
    Removing at32f415_tmr.o(i.tmr_flag_get), (18 bytes).
    Removing at32f415_tmr.o(i.tmr_force_output_set), (66 bytes).
    Removing at32f415_tmr.o(i.tmr_hall_select), (10 bytes).
    Removing at32f415_tmr.o(i.tmr_input_channel_divider_set), (66 bytes).
    Removing at32f415_tmr.o(i.tmr_input_channel_filter_set), (66 bytes).
    Removing at32f415_tmr.o(i.tmr_input_default_para_init), (16 bytes).
    Removing at32f415_tmr.o(i.tmr_internal_clock_set), (10 bytes).
    Removing at32f415_tmr.o(i.tmr_interrupt_enable), (22 bytes).
    Removing at32f415_tmr.o(i.tmr_interrupt_flag_get), (24 bytes).
    Removing at32f415_tmr.o(i.tmr_one_cycle_mode_enable), (10 bytes).
    Removing at32f415_tmr.o(i.tmr_output_channel_buffer_enable), (66 bytes).
    Removing at32f415_tmr.o(i.tmr_output_channel_config), (416 bytes).
    Removing at32f415_tmr.o(i.tmr_output_channel_immediately_set), (66 bytes).
    Removing at32f415_tmr.o(i.tmr_output_channel_mode_select), (66 bytes).
    Removing at32f415_tmr.o(i.tmr_output_channel_polarity_set), (96 bytes).
    Removing at32f415_tmr.o(i.tmr_output_channel_switch_select), (10 bytes).
    Removing at32f415_tmr.o(i.tmr_output_channel_switch_set), (66 bytes).
    Removing at32f415_tmr.o(i.tmr_output_default_para_init), (18 bytes).
    Removing at32f415_tmr.o(i.tmr_output_enable), (10 bytes).
    Removing at32f415_tmr.o(i.tmr_overflow_event_disable), (10 bytes).
    Removing at32f415_tmr.o(i.tmr_overflow_request_source_set), (10 bytes).
    Removing at32f415_tmr.o(i.tmr_period_value_get), (6 bytes).
    Removing at32f415_tmr.o(i.tmr_period_value_set), (4 bytes).
    Removing at32f415_tmr.o(i.tmr_pwm_input_config), (350 bytes).
    Removing at32f415_tmr.o(i.tmr_repetition_counter_set), (10 bytes).
    Removing at32f415_tmr.o(i.tmr_reset), (244 bytes).
    Removing at32f415_tmr.o(i.tmr_sub_mode_select), (10 bytes).
    Removing at32f415_tmr.o(i.tmr_trigger_input_select), (10 bytes).
    Removing at32f415_usart.o(.rev16_text), (4 bytes).
    Removing at32f415_usart.o(.revsh_text), (4 bytes).
    Removing at32f415_usart.o(.rrx_text), (6 bytes).
    Removing at32f415_usart.o(i.usart_break_bit_num_set), (10 bytes).
    Removing at32f415_usart.o(i.usart_break_send), (12 bytes).
    Removing at32f415_usart.o(i.usart_clock_config), (28 bytes).
    Removing at32f415_usart.o(i.usart_clock_enable), (10 bytes).
    Removing at32f415_usart.o(i.usart_data_receive), (8 bytes).
    Removing at32f415_usart.o(i.usart_flag_clear), (18 bytes).
    Removing at32f415_usart.o(i.usart_interrupt_flag_get), (176 bytes).
    Removing at32f415_usart.o(i.usart_irda_low_power_enable), (10 bytes).
    Removing at32f415_usart.o(i.usart_irda_mode_enable), (10 bytes).
    Removing at32f415_usart.o(i.usart_irda_smartcard_division_set), (10 bytes).
    Removing at32f415_usart.o(i.usart_lin_mode_enable), (10 bytes).
    Removing at32f415_usart.o(i.usart_receiver_mute_enable), (10 bytes).
    Removing at32f415_usart.o(i.usart_reset), (92 bytes).
    Removing at32f415_usart.o(i.usart_single_line_halfduplex_select), (10 bytes).
    Removing at32f415_usart.o(i.usart_smartcard_guard_time_set), (10 bytes).
    Removing at32f415_usart.o(i.usart_smartcard_mode_enable), (10 bytes).
    Removing at32f415_usart.o(i.usart_smartcard_nack_set), (10 bytes).
    Removing at32f415_usart.o(i.usart_wakeup_id_set), (10 bytes).
    Removing at32f415_usart.o(i.usart_wakeup_mode_set), (10 bytes).
    Removing at32f415_usb.o(.rev16_text), (4 bytes).
    Removing at32f415_usb.o(.revsh_text), (4 bytes).
    Removing at32f415_usb.o(.rrx_text), (6 bytes).
    Removing at32f415_usb.o(i.usb_connect), (18 bytes).
    Removing at32f415_usb.o(i.usb_disconnect), (20 bytes).
    Removing at32f415_usb.o(i.usb_ept0_setup), (34 bytes).
    Removing at32f415_usb.o(i.usb_ept0_start), (44 bytes).
    Removing at32f415_usb.o(i.usb_ept_clear_stall), (146 bytes).
    Removing at32f415_usb.o(i.usb_ept_close), (100 bytes).
    Removing at32f415_usb.o(i.usb_ept_in_clear), (12 bytes).
    Removing at32f415_usb.o(i.usb_ept_in_interrupt), (44 bytes).
    Removing at32f415_usb.o(i.usb_ept_open), (416 bytes).
    Removing at32f415_usb.o(i.usb_ept_out_clear), (12 bytes).
    Removing at32f415_usb.o(i.usb_ept_out_interrupt), (22 bytes).
    Removing at32f415_usb.o(i.usb_ept_stall), (146 bytes).
    Removing at32f415_usb.o(i.usb_flush_rx_fifo), (44 bytes).
    Removing at32f415_usb.o(i.usb_flush_tx_fifo), (56 bytes).
    Removing at32f415_usb.o(i.usb_get_all_in_interrupt), (18 bytes).
    Removing at32f415_usb.o(i.usb_get_all_out_interrupt), (18 bytes).
    Removing at32f415_usb.o(i.usb_global_clear_interrupt), (4 bytes).
    Removing at32f415_usb.o(i.usb_global_get_all_interrupt), (10 bytes).
    Removing at32f415_usb.o(i.usb_global_init), (48 bytes).
    Removing at32f415_usb.o(i.usb_global_interrupt_enable), (20 bytes).
    Removing at32f415_usb.o(i.usb_global_power_on), (36 bytes).
    Removing at32f415_usb.o(i.usb_global_reset), (76 bytes).
    Removing at32f415_usb.o(i.usb_global_select_core), (8 bytes).
    Removing at32f415_usb.o(i.usb_global_set_mode), (68 bytes).
    Removing at32f415_usb.o(i.usb_hc_enable), (276 bytes).
    Removing at32f415_usb.o(i.usb_hch_halt), (196 bytes).
    Removing at32f415_usb.o(i.usb_hch_read_interrupt), (12 bytes).
    Removing at32f415_usb.o(i.usb_host_disable), (180 bytes).
    Removing at32f415_usb.o(i.usb_interrupt_disable), (10 bytes).
    Removing at32f415_usb.o(i.usb_interrupt_enable), (12 bytes).
    Removing at32f415_usb.o(i.usb_open_phy_clk), (14 bytes).
    Removing at32f415_usb.o(i.usb_port_power_on), (36 bytes).
    Removing at32f415_usb.o(i.usb_read_packet), (42 bytes).
    Removing at32f415_usb.o(i.usb_remote_wkup_clear), (18 bytes).
    Removing at32f415_usb.o(i.usb_remote_wkup_set), (20 bytes).
    Removing at32f415_usb.o(i.usb_set_address), (14 bytes).
    Removing at32f415_usb.o(i.usb_set_rx_fifo), (4 bytes).
    Removing at32f415_usb.o(i.usb_set_tx_fifo), (66 bytes).
    Removing at32f415_usb.o(i.usb_stop_phy_clk), (16 bytes).
    Removing at32f415_usb.o(i.usb_suspend_status_get), (14 bytes).
    Removing at32f415_usb.o(i.usb_write_packet), (48 bytes).
    Removing at32f415_usb.o(i.usbh_fsls_clksel), (34 bytes).
    Removing at32f415_usb.o(i.usbh_get_frame), (12 bytes).
    Removing at32f415_dma.o(.rev16_text), (4 bytes).
    Removing at32f415_dma.o(.revsh_text), (4 bytes).
    Removing at32f415_dma.o(.rrx_text), (6 bytes).
    Removing at32f415_dma.o(i.dma_data_number_set), (4 bytes).
    Removing at32f415_dma.o(i.dma_flag_get), (44 bytes).
    Removing at32f415_dma.o(i.dma_interrupt_enable), (18 bytes).
    Removing at32f415_dma.o(i.dma_interrupt_flag_get), (44 bytes).
    Removing system_at32f415.o(.rev16_text), (4 bytes).
    Removing system_at32f415.o(.revsh_text), (4 bytes).
    Removing system_at32f415.o(.rrx_text), (6 bytes).
    Removing startup_at32f415.o(HEAP), (512 bytes).
    Removing dadd.o(.text), (334 bytes).
    Removing dmul.o(.text), (228 bytes).
    Removing ddiv.o(.text), (222 bytes).
    Removing dfixul.o(.text), (48 bytes).
    Removing cdrcmple.o(.text), (48 bytes).
    Removing depilogue.o(.text), (186 bytes).

372 unused section(s) (total 15618 bytes) removed from the image.

==============================================================================

Image Symbol Table

    Local Symbols

    Symbol Name                              Value     Ov Type        Size  Object(Section)

    ../clib/microlib/division.c              0x00000000   Number         0  uldiv.o ABSOLUTE
    ../clib/microlib/division.c              0x00000000   Number         0  uidiv.o ABSOLUTE
    ../clib/microlib/init/entry.s            0x00000000   Number         0  entry8b.o ABSOLUTE
    ../clib/microlib/init/entry.s            0x00000000   Number         0  entry10a.o ABSOLUTE
    ../clib/microlib/init/entry.s            0x00000000   Number         0  entry5.o ABSOLUTE
    ../clib/microlib/init/entry.s            0x00000000   Number         0  entry9b.o ABSOLUTE
    ../clib/microlib/init/entry.s            0x00000000   Number         0  entry8a.o ABSOLUTE
    ../clib/microlib/init/entry.s            0x00000000   Number         0  entry7b.o ABSOLUTE
    ../clib/microlib/init/entry.s            0x00000000   Number         0  entry9a.o ABSOLUTE
    ../clib/microlib/init/entry.s            0x00000000   Number         0  entry2.o ABSOLUTE
    ../clib/microlib/init/entry.s            0x00000000   Number         0  entry7a.o ABSOLUTE
    ../clib/microlib/init/entry.s            0x00000000   Number         0  entry.o ABSOLUTE
    ../clib/microlib/init/entry.s            0x00000000   Number         0  entry12b.o ABSOLUTE
    ../clib/microlib/init/entry.s            0x00000000   Number         0  entry12a.o ABSOLUTE
    ../clib/microlib/init/entry.s            0x00000000   Number         0  entry11b.o ABSOLUTE
    ../clib/microlib/init/entry.s            0x00000000   Number         0  entry11a.o ABSOLUTE
    ../clib/microlib/init/entry.s            0x00000000   Number         0  entry10b.o ABSOLUTE
    ../clib/microlib/longlong.c              0x00000000   Number         0  llsshr.o ABSOLUTE
    ../clib/microlib/longlong.c              0x00000000   Number         0  llshl.o ABSOLUTE
    ../clib/microlib/longlong.c              0x00000000   Number         0  llushr.o ABSOLUTE
    ../clib/microlib/printf/printf.c         0x00000000   Number         0  printfb.o ABSOLUTE
    ../clib/microlib/printf/printf.c         0x00000000   Number         0  printf1.o ABSOLUTE
    ../clib/microlib/printf/printf.c         0x00000000   Number         0  printf2.o ABSOLUTE
    ../clib/microlib/printf/printf.c         0x00000000   Number         0  printf3.o ABSOLUTE
    ../clib/microlib/printf/printf.c         0x00000000   Number         0  printf4.o ABSOLUTE
    ../clib/microlib/printf/printf.c         0x00000000   Number         0  printfa.o ABSOLUTE
    ../clib/microlib/printf/printf.c         0x00000000   Number         0  printf8.o ABSOLUTE
    ../clib/microlib/printf/printf.c         0x00000000   Number         0  printf7.o ABSOLUTE
    ../clib/microlib/printf/printf.c         0x00000000   Number         0  printf6.o ABSOLUTE
    ../clib/microlib/printf/printf.c         0x00000000   Number         0  printf5.o ABSOLUTE
    ../clib/microlib/printf/printf.c         0x00000000   Number         0  printf0.o ABSOLUTE
    ../clib/microlib/printf/stubs.s          0x00000000   Number         0  stubs.o ABSOLUTE
    ../clib/microlib/stdio/streams.c         0x00000000   Number         0  stdout.o ABSOLUTE
    ../clib/microlib/string/memcpy.c         0x00000000   Number         0  memcpyb.o ABSOLUTE
    ../clib/microlib/string/memcpy.c         0x00000000   Number         0  memcpya.o ABSOLUTE
    ../clib/microlib/stubs.s                 0x00000000   Number         0  iusefp.o ABSOLUTE
    ../fplib/microlib/fpadd.c                0x00000000   Number         0  dadd.o ABSOLUTE
    ../fplib/microlib/fpdiv.c                0x00000000   Number         0  ddiv.o ABSOLUTE
    ../fplib/microlib/fpepilogue.c           0x00000000   Number         0  depilogue.o ABSOLUTE
    ../fplib/microlib/fpfix.c                0x00000000   Number         0  dfixul.o ABSOLUTE
    ../fplib/microlib/fpmul.c                0x00000000   Number         0  dmul.o ABSOLUTE
    ..\..\libraries\cmsis\cm4\device_support\system_at32f415.c 0x00000000   Number         0  system_at32f415.o ABSOLUTE
    ..\..\libraries\drivers\src\at32f415_crc.c 0x00000000   Number         0  at32f415_crc.o ABSOLUTE
    ..\..\libraries\drivers\src\at32f415_crm.c 0x00000000   Number         0  at32f415_crm.o ABSOLUTE
    ..\..\libraries\drivers\src\at32f415_debug.c 0x00000000   Number         0  at32f415_debug.o ABSOLUTE
    ..\..\libraries\drivers\src\at32f415_dma.c 0x00000000   Number         0  at32f415_dma.o ABSOLUTE
    ..\..\libraries\drivers\src\at32f415_ertc.c 0x00000000   Number         0  at32f415_ertc.o ABSOLUTE
    ..\..\libraries\drivers\src\at32f415_exint.c 0x00000000   Number         0  at32f415_exint.o ABSOLUTE
    ..\..\libraries\drivers\src\at32f415_flash.c 0x00000000   Number         0  at32f415_flash.o ABSOLUTE
    ..\..\libraries\drivers\src\at32f415_gpio.c 0x00000000   Number         0  at32f415_gpio.o ABSOLUTE
    ..\..\libraries\drivers\src\at32f415_i2c.c 0x00000000   Number         0  at32f415_i2c.o ABSOLUTE
    ..\..\libraries\drivers\src\at32f415_misc.c 0x00000000   Number         0  at32f415_misc.o ABSOLUTE
    ..\..\libraries\drivers\src\at32f415_pwc.c 0x00000000   Number         0  at32f415_pwc.o ABSOLUTE
    ..\..\libraries\drivers\src\at32f415_spi.c 0x00000000   Number         0  at32f415_spi.o ABSOLUTE
    ..\..\libraries\drivers\src\at32f415_tmr.c 0x00000000   Number         0  at32f415_tmr.o ABSOLUTE
    ..\..\libraries\drivers\src\at32f415_usart.c 0x00000000   Number         0  at32f415_usart.o ABSOLUTE
    ..\..\libraries\drivers\src\at32f415_usb.c 0x00000000   Number         0  at32f415_usb.o ABSOLUTE
    ..\\..\\libraries\\cmsis\\cm4\\device_support\\system_at32f415.c 0x00000000   Number         0  system_at32f415.o ABSOLUTE
    ..\\..\\libraries\\drivers\\src\\at32f415_crc.c 0x00000000   Number         0  at32f415_crc.o ABSOLUTE
    ..\\..\\libraries\\drivers\\src\\at32f415_crm.c 0x00000000   Number         0  at32f415_crm.o ABSOLUTE
    ..\\..\\libraries\\drivers\\src\\at32f415_debug.c 0x00000000   Number         0  at32f415_debug.o ABSOLUTE
    ..\\..\\libraries\\drivers\\src\\at32f415_dma.c 0x00000000   Number         0  at32f415_dma.o ABSOLUTE
    ..\\..\\libraries\\drivers\\src\\at32f415_ertc.c 0x00000000   Number         0  at32f415_ertc.o ABSOLUTE
    ..\\..\\libraries\\drivers\\src\\at32f415_exint.c 0x00000000   Number         0  at32f415_exint.o ABSOLUTE
    ..\\..\\libraries\\drivers\\src\\at32f415_flash.c 0x00000000   Number         0  at32f415_flash.o ABSOLUTE
    ..\\..\\libraries\\drivers\\src\\at32f415_gpio.c 0x00000000   Number         0  at32f415_gpio.o ABSOLUTE
    ..\\..\\libraries\\drivers\\src\\at32f415_i2c.c 0x00000000   Number         0  at32f415_i2c.o ABSOLUTE
    ..\\..\\libraries\\drivers\\src\\at32f415_misc.c 0x00000000   Number         0  at32f415_misc.o ABSOLUTE
    ..\\..\\libraries\\drivers\\src\\at32f415_pwc.c 0x00000000   Number         0  at32f415_pwc.o ABSOLUTE
    ..\\..\\libraries\\drivers\\src\\at32f415_spi.c 0x00000000   Number         0  at32f415_spi.o ABSOLUTE
    ..\\..\\libraries\\drivers\\src\\at32f415_tmr.c 0x00000000   Number         0  at32f415_tmr.o ABSOLUTE
    ..\\..\\libraries\\drivers\\src\\at32f415_usart.c 0x00000000   Number         0  at32f415_usart.o ABSOLUTE
    ..\\..\\libraries\\drivers\\src\\at32f415_usb.c 0x00000000   Number         0  at32f415_usb.o ABSOLUTE
    ..\\src\\at32f415_int.c                  0x00000000   Number         0  at32f415_int.o ABSOLUTE
    ..\\src\\at32f415_wk_config.c            0x00000000   Number         0  at32f415_wk_config.o ABSOLUTE
    ..\\src\\main.c                          0x00000000   Number         0  main.o ABSOLUTE
    ..\src\at32f415_int.c                    0x00000000   Number         0  at32f415_int.o ABSOLUTE
    ..\src\at32f415_wk_config.c              0x00000000   Number         0  at32f415_wk_config.o ABSOLUTE
    ..\src\main.c                            0x00000000   Number         0  main.o ABSOLUTE
    cdrcmple.s                               0x00000000   Number         0  cdrcmple.o ABSOLUTE
    dc.s                                     0x00000000   Number         0  dc.o ABSOLUTE
    delay.c                                  0x00000000   Number         0  delay.o ABSOLUTE
    delay.c                                  0x00000000   Number         0  delay.o ABSOLUTE
    handlers.s                               0x00000000   Number         0  handlers.o ABSOLUTE
    init.s                                   0x00000000   Number         0  init.o ABSOLUTE
    startup_at32f415.s                       0x00000000   Number         0  startup_at32f415.o ABSOLUTE
    value.c                                  0x00000000   Number         0  value.o ABSOLUTE
    value.c                                  0x00000000   Number         0  value.o ABSOLUTE
    RESET                                    0x08000000   Section      368  startup_at32f415.o(RESET)
    .ARM.Collect$$$$00000000                 0x08000170   Section        0  entry.o(.ARM.Collect$$$$00000000)
    .ARM.Collect$$$$00000001                 0x08000170   Section        4  entry2.o(.ARM.Collect$$$$00000001)
    .ARM.Collect$$$$00000004                 0x08000174   Section        4  entry5.o(.ARM.Collect$$$$00000004)
    .ARM.Collect$$$$00000008                 0x08000178   Section        0  entry7b.o(.ARM.Collect$$$$00000008)
    .ARM.Collect$$$$0000000A                 0x08000178   Section        0  entry8b.o(.ARM.Collect$$$$0000000A)
    .ARM.Collect$$$$0000000B                 0x08000178   Section        8  entry9a.o(.ARM.Collect$$$$0000000B)
    .ARM.Collect$$$$0000000E                 0x08000180   Section        4  entry12b.o(.ARM.Collect$$$$0000000E)
    .ARM.Collect$$$$0000000F                 0x08000184   Section        0  entry10a.o(.ARM.Collect$$$$0000000F)
    .ARM.Collect$$$$00000011                 0x08000184   Section        0  entry11a.o(.ARM.Collect$$$$00000011)
    .ARM.Collect$$$$00002712                 0x08000184   Section        4  entry2.o(.ARM.Collect$$$$00002712)
    __lit__00000000                          0x08000184   Data           4  entry2.o(.ARM.Collect$$$$00002712)
    .text                                    0x08000188   Section       36  startup_at32f415.o(.text)
    .text                                    0x080001ac   Section        0  uldiv.o(.text)
    .text                                    0x0800020e   Section        0  memcpya.o(.text)
    .text                                    0x08000232   Section        0  llshl.o(.text)
    .text                                    0x08000250   Section        0  llushr.o(.text)
    .text                                    0x08000270   Section       36  init.o(.text)
    i.BusFault_Handler                       0x08000294   Section        0  at32f415_int.o(i.BusFault_Handler)
    i.DMA1_Channel1_IRQHandler               0x08000298   Section        0  at32f415_int.o(i.DMA1_Channel1_IRQHandler)
    i.DMA1_Channel3_IRQHandler               0x0800029a   Section        0  at32f415_int.o(i.DMA1_Channel3_IRQHandler)
    i.DMA1_Channel4_IRQHandler               0x0800029c   Section        0  at32f415_int.o(i.DMA1_Channel4_IRQHandler)
    i.DMA1_Channel5_IRQHandler               0x0800029e   Section        0  at32f415_int.o(i.DMA1_Channel5_IRQHandler)
    i.DMA1_Channel6_IRQHandler               0x080002a0   Section        0  at32f415_int.o(i.DMA1_Channel6_IRQHandler)
    i.DMA1_Channel7_IRQHandler               0x080002a2   Section        0  at32f415_int.o(i.DMA1_Channel7_IRQHandler)
    i.DMA2_Channel1_IRQHandler               0x080002a4   Section        0  at32f415_int.o(i.DMA2_Channel1_IRQHandler)
    i.DMA2_Channel2_IRQHandler               0x080002a6   Section        0  at32f415_int.o(i.DMA2_Channel2_IRQHandler)
    i.DMA2_Channel3_IRQHandler               0x080002a8   Section        0  at32f415_int.o(i.DMA2_Channel3_IRQHandler)
    i.DMA2_Channel4_5_IRQHandler             0x080002aa   Section        0  at32f415_int.o(i.DMA2_Channel4_5_IRQHandler)
    i.DebugMon_Handler                       0x080002ac   Section        0  at32f415_int.o(i.DebugMon_Handler)
    i.EXINT1_IRQHandler                      0x080002ae   Section        0  at32f415_int.o(i.EXINT1_IRQHandler)
    i.HardFault_Handler                      0x080002b0   Section        0  at32f415_int.o(i.HardFault_Handler)
    i.I2C1_ERR_IRQHandler                    0x080002b4   Section        0  at32f415_int.o(i.I2C1_ERR_IRQHandler)
    i.I2C1_EVT_IRQHandler                    0x080002b6   Section        0  at32f415_int.o(i.I2C1_EVT_IRQHandler)
    i.I2C2_ERR_IRQHandler                    0x080002b8   Section        0  at32f415_int.o(i.I2C2_ERR_IRQHandler)
    i.I2C2_EVT_IRQHandler                    0x080002ba   Section        0  at32f415_int.o(i.I2C2_EVT_IRQHandler)
    i.MemManage_Handler                      0x080002bc   Section        0  at32f415_int.o(i.MemManage_Handler)
    i.NMI_Handler                            0x080002c0   Section        0  at32f415_int.o(i.NMI_Handler)
    i.PendSV_Handler                         0x080002c2   Section        0  at32f415_int.o(i.PendSV_Handler)
    i.SPI1_IRQHandler                        0x080002c4   Section        0  at32f415_int.o(i.SPI1_IRQHandler)
    i.SPI2_IRQHandler                        0x080002c6   Section        0  at32f415_int.o(i.SPI2_IRQHandler)
    i.SVC_Handler                            0x080002c8   Section        0  at32f415_int.o(i.SVC_Handler)
    i.SystemInit                             0x080002cc   Section        0  system_at32f415.o(i.SystemInit)
    i.TMR3_GLOBAL_IRQHandler                 0x08000368   Section        0  at32f415_int.o(i.TMR3_GLOBAL_IRQHandler)
    i.USART1_IRQHandler                      0x0800036c   Section        0  at32f415_int.o(i.USART1_IRQHandler)
    i.USART2_IRQHandler                      0x080003c8   Section        0  at32f415_int.o(i.USART2_IRQHandler)
    i.USART3_IRQHandler                      0x080003cc   Section        0  at32f415_int.o(i.USART3_IRQHandler)
    i.UsageFault_Handler                     0x08000418   Section        0  at32f415_int.o(i.UsageFault_Handler)
    i.__0printf$2                            0x0800041c   Section        0  printf2.o(i.__0printf$2)
    i.__scatterload_copy                     0x0800043c   Section       14  handlers.o(i.__scatterload_copy)
    i.__scatterload_null                     0x0800044a   Section        2  handlers.o(i.__scatterload_null)
    i.__scatterload_zeroinit                 0x0800044c   Section       14  handlers.o(i.__scatterload_zeroinit)
    i._printf_core                           0x0800045a   Section        0  printf2.o(i._printf_core)
    _printf_core                             0x0800045b   Thumb Code   214  printf2.o(i._printf_core)
    i.crc_data_reset                         0x08000530   Section        0  at32f415_crc.o(i.crc_data_reset)
    i.crc_init_data_set                      0x08000544   Section        0  at32f415_crc.o(i.crc_init_data_set)
    i.crc_poly_size_set                      0x08000550   Section        0  at32f415_crc.o(i.crc_poly_size_set)
    i.crc_poly_value_set                     0x08000564   Section        0  at32f415_crc.o(i.crc_poly_value_set)
    i.crc_reverse_input_data_set             0x08000570   Section        0  at32f415_crc.o(i.crc_reverse_input_data_set)
    i.crc_reverse_output_data_set            0x08000584   Section        0  at32f415_crc.o(i.crc_reverse_output_data_set)
    i.crm_ahb_div_set                        0x08000598   Section        0  at32f415_crm.o(i.crm_ahb_div_set)
    i.crm_apb1_div_set                       0x080005ac   Section        0  at32f415_crm.o(i.crm_apb1_div_set)
    i.crm_apb2_div_set                       0x080005c0   Section        0  at32f415_crm.o(i.crm_apb2_div_set)
    i.crm_auto_step_mode_enable              0x080005d4   Section        0  at32f415_crm.o(i.crm_auto_step_mode_enable)
    i.crm_clock_source_enable                0x080005fc   Section        0  at32f415_crm.o(i.crm_clock_source_enable)
    i.crm_clocks_freq_get                    0x0800065c   Section        0  at32f415_crm.o(i.crm_clocks_freq_get)
    i.crm_ertc_clock_enable                  0x08000808   Section        0  at32f415_crm.o(i.crm_ertc_clock_enable)
    i.crm_ertc_clock_select                  0x0800081c   Section        0  at32f415_crm.o(i.crm_ertc_clock_select)
    i.crm_flag_get                           0x08000830   Section        0  at32f415_crm.o(i.crm_flag_get)
    i.crm_hick_divider_select                0x08000860   Section        0  at32f415_crm.o(i.crm_hick_divider_select)
    i.crm_hick_sclk_frequency_select         0x08000874   Section        0  at32f415_crm.o(i.crm_hick_sclk_frequency_select)
    i.crm_periph_clock_enable                0x08000890   Section        0  at32f415_crm.o(i.crm_periph_clock_enable)
    i.crm_pll_config                         0x080008d4   Section        0  at32f415_crm.o(i.crm_pll_config)
    i.crm_reset                              0x080009e8   Section        0  at32f415_crm.o(i.crm_reset)
    i.crm_sysclk_switch                      0x08000a4c   Section        0  at32f415_crm.o(i.crm_sysclk_switch)
    i.crm_sysclk_switch_status_get           0x08000a88   Section        0  at32f415_crm.o(i.crm_sysclk_switch_status_get)
    i.crm_usb_clock_div_set                  0x08000a98   Section        0  at32f415_crm.o(i.crm_usb_clock_div_set)
    i.crm_usb_clock_source_select            0x08000ab8   Section        0  at32f415_crm.o(i.crm_usb_clock_source_select)
    i.delay_ms                               0x08000ad8   Section        0  delay.o(i.delay_ms)
    i.dma_channel_enable                     0x08000b4c   Section        0  at32f415_dma.o(i.dma_channel_enable)
    i.dma_data_number_get                    0x08000b56   Section        0  at32f415_dma.o(i.dma_data_number_get)
    i.dma_default_para_init                  0x08000b5e   Section        0  at32f415_dma.o(i.dma_default_para_init)
    i.dma_flag_clear                         0x08000b78   Section        0  at32f415_dma.o(i.dma_flag_clear)
    i.dma_flexible_config                    0x08000b98   Section        0  at32f415_dma.o(i.dma_flexible_config)
    i.dma_init                               0x08000c30   Section        0  at32f415_dma.o(i.dma_init)
    i.dma_reset                              0x08000c8c   Section        0  at32f415_dma.o(i.dma_reset)
    i.ertc_date_set                          0x08000cfc   Section        0  at32f415_ertc.o(i.ertc_date_set)
    i.ertc_divider_set                       0x08000d74   Section        0  at32f415_ertc.o(i.ertc_divider_set)
    i.ertc_hour_mode_set                     0x08000db0   Section        0  at32f415_ertc.o(i.ertc_hour_mode_set)
    i.ertc_init_mode_enter                   0x08000de0   Section        0  at32f415_ertc.o(i.ertc_init_mode_enter)
    i.ertc_init_mode_exit                    0x08000e1c   Section        0  at32f415_ertc.o(i.ertc_init_mode_exit)
    i.ertc_num_to_bcd                        0x08000e2c   Section        0  at32f415_ertc.o(i.ertc_num_to_bcd)
    i.ertc_reset                             0x08000e50   Section        0  at32f415_ertc.o(i.ertc_reset)
    i.ertc_time_set                          0x08000ed0   Section        0  at32f415_ertc.o(i.ertc_time_set)
    i.ertc_wait_update                       0x08000f48   Section        0  at32f415_ertc.o(i.ertc_wait_update)
    i.ertc_write_protect_disable             0x08000f80   Section        0  at32f415_ertc.o(i.ertc_write_protect_disable)
    i.ertc_write_protect_enable              0x08000f90   Section        0  at32f415_ertc.o(i.ertc_write_protect_enable)
    i.exint_default_para_init                0x08000f9c   Section        0  at32f415_exint.o(i.exint_default_para_init)
    i.exint_init                             0x08000fac   Section        0  at32f415_exint.o(i.exint_init)
    i.fputc                                  0x08001044   Section        0  main.o(i.fputc)
    i.gpio_bits_reset                        0x08001068   Section        0  at32f415_gpio.o(i.gpio_bits_reset)
    i.gpio_default_para_init                 0x0800106c   Section        0  at32f415_gpio.o(i.gpio_default_para_init)
    i.gpio_exint_line_config                 0x08001084   Section        0  at32f415_gpio.o(i.gpio_exint_line_config)
    i.gpio_init                              0x08001128   Section        0  at32f415_gpio.o(i.gpio_init)
    i.gpio_pin_remap_config                  0x080011d0   Section        0  at32f415_gpio.o(i.gpio_pin_remap_config)
    i.i2c_ack_enable                         0x0800121c   Section        0  at32f415_i2c.o(i.i2c_ack_enable)
    i.i2c_clock_stretch_enable               0x08001226   Section        0  at32f415_i2c.o(i.i2c_clock_stretch_enable)
    i.i2c_dma_enable                         0x08001238   Section        0  at32f415_i2c.o(i.i2c_dma_enable)
    i.i2c_enable                             0x08001242   Section        0  at32f415_i2c.o(i.i2c_enable)
    i.i2c_general_call_enable                0x0800124c   Section        0  at32f415_i2c.o(i.i2c_general_call_enable)
    i.i2c_init                               0x08001258   Section        0  at32f415_i2c.o(i.i2c_init)
    i.i2c_own_address1_set                   0x0800135c   Section        0  at32f415_i2c.o(i.i2c_own_address1_set)
    i.main                                   0x08001370   Section        0  main.o(i.main)
    i.nvic_irq_enable                        0x08001568   Section        0  at32f415_misc.o(i.nvic_irq_enable)
    i.nvic_priority_group_config             0x08001630   Section        0  at32f415_misc.o(i.nvic_priority_group_config)
    i.pwc_battery_powered_domain_access      0x08001658   Section        0  at32f415_pwc.o(i.pwc_battery_powered_domain_access)
    i.spi_default_para_init                  0x0800166c   Section        0  at32f415_spi.o(i.spi_default_para_init)
    i.spi_enable                             0x08001682   Section        0  at32f415_spi.o(i.spi_enable)
    i.spi_i2s_dma_receiver_enable            0x0800168c   Section        0  at32f415_spi.o(i.spi_i2s_dma_receiver_enable)
    i.spi_i2s_dma_transmitter_enable         0x08001696   Section        0  at32f415_spi.o(i.spi_i2s_dma_transmitter_enable)
    i.spi_init                               0x080016a0   Section        0  at32f415_spi.o(i.spi_init)
    i.system_core_clock_update               0x080017c4   Section        0  system_at32f415.o(i.system_core_clock_update)
    i.tmr_base_init                          0x08001918   Section        0  at32f415_tmr.o(i.tmr_base_init)
    i.tmr_clock_source_div_set               0x08001928   Section        0  at32f415_tmr.o(i.tmr_clock_source_div_set)
    i.tmr_cnt_dir_set                        0x08001932   Section        0  at32f415_tmr.o(i.tmr_cnt_dir_set)
    i.tmr_counter_enable                     0x0800193c   Section        0  at32f415_tmr.o(i.tmr_counter_enable)
    i.tmr_encoder_mode_config                0x08001946   Section        0  at32f415_tmr.o(i.tmr_encoder_mode_config)
    i.tmr_input_channel_init                 0x0800198c   Section        0  at32f415_tmr.o(i.tmr_input_channel_init)
    i.tmr_period_buffer_enable               0x08001abc   Section        0  at32f415_tmr.o(i.tmr_period_buffer_enable)
    i.tmr_primary_mode_select                0x08001ac6   Section        0  at32f415_tmr.o(i.tmr_primary_mode_select)
    i.tmr_sub_sync_mode_set                  0x08001ad0   Section        0  at32f415_tmr.o(i.tmr_sub_sync_mode_set)
    i.usart1dmarecv                          0x08001adc   Section        0  value.o(i.usart1dmarecv)
    i.usart_data_transmit                    0x08001b14   Section        0  at32f415_usart.o(i.usart_data_transmit)
    i.usart_dma_receiver_enable              0x08001b1c   Section        0  at32f415_usart.o(i.usart_dma_receiver_enable)
    i.usart_dma_transmitter_enable           0x08001b26   Section        0  at32f415_usart.o(i.usart_dma_transmitter_enable)
    i.usart_enable                           0x08001b30   Section        0  at32f415_usart.o(i.usart_enable)
    i.usart_flag_get                         0x08001b3a   Section        0  at32f415_usart.o(i.usart_flag_get)
    i.usart_hardware_flow_control_set        0x08001b4a   Section        0  at32f415_usart.o(i.usart_hardware_flow_control_set)
    i.usart_init                             0x08001bb0   Section        0  at32f415_usart.o(i.usart_init)
    i.usart_interrupt_enable                 0x08001c1c   Section        0  at32f415_usart.o(i.usart_interrupt_enable)
    i.usart_parity_selection_config          0x08001c52   Section        0  at32f415_usart.o(i.usart_parity_selection_config)
    i.usart_receiver_enable                  0x08001c9e   Section        0  at32f415_usart.o(i.usart_receiver_enable)
    i.usart_transmitter_enable               0x08001ca8   Section        0  at32f415_usart.o(i.usart_transmitter_enable)
    i.wk_crc_init                            0x08001cb4   Section        0  at32f415_wk_config.o(i.wk_crc_init)
    i.wk_debug_config                        0x08001ce0   Section        0  at32f415_wk_config.o(i.wk_debug_config)
    i.wk_dma1_channel1_init                  0x08001cf0   Section        0  at32f415_wk_config.o(i.wk_dma1_channel1_init)
    i.wk_dma1_channel3_init                  0x08001d40   Section        0  at32f415_wk_config.o(i.wk_dma1_channel3_init)
    i.wk_dma1_channel4_init                  0x08001d90   Section        0  at32f415_wk_config.o(i.wk_dma1_channel4_init)
    i.wk_dma1_channel5_init                  0x08001de0   Section        0  at32f415_wk_config.o(i.wk_dma1_channel5_init)
    i.wk_dma1_channel6_init                  0x08001e30   Section        0  at32f415_wk_config.o(i.wk_dma1_channel6_init)
    i.wk_dma1_channel7_init                  0x08001e80   Section        0  at32f415_wk_config.o(i.wk_dma1_channel7_init)
    i.wk_dma2_channel1_init                  0x08001ed0   Section        0  at32f415_wk_config.o(i.wk_dma2_channel1_init)
    i.wk_dma2_channel2_init                  0x08001f20   Section        0  at32f415_wk_config.o(i.wk_dma2_channel2_init)
    i.wk_dma2_channel3_init                  0x08001f70   Section        0  at32f415_wk_config.o(i.wk_dma2_channel3_init)
    i.wk_dma2_channel4_init                  0x08001fc0   Section        0  at32f415_wk_config.o(i.wk_dma2_channel4_init)
    i.wk_dma2_channel5_init                  0x08002010   Section        0  at32f415_wk_config.o(i.wk_dma2_channel5_init)
    i.wk_dma_channel_config                  0x08002060   Section        0  at32f415_wk_config.o(i.wk_dma_channel_config)
    i.wk_ertc_init                           0x08002068   Section        0  at32f415_wk_config.o(i.wk_ertc_init)
    i.wk_exint_config                        0x080020ac   Section        0  at32f415_wk_config.o(i.wk_exint_config)
    i.wk_gpio_config                         0x08002100   Section        0  at32f415_wk_config.o(i.wk_gpio_config)
    i.wk_i2c1_init                           0x0800218c   Section        0  at32f415_wk_config.o(i.wk_i2c1_init)
    i.wk_i2c2_init                           0x08002224   Section        0  at32f415_wk_config.o(i.wk_i2c2_init)
    i.wk_nvic_config                         0x080022c0   Section        0  at32f415_wk_config.o(i.wk_nvic_config)
    i.wk_periph_clock_config                 0x0800239c   Section        0  at32f415_wk_config.o(i.wk_periph_clock_config)
    i.wk_spi1_init                           0x08002450   Section        0  at32f415_wk_config.o(i.wk_spi1_init)
    i.wk_spi2_init                           0x0800251c   Section        0  at32f415_wk_config.o(i.wk_spi2_init)
    i.wk_system_clock_config                 0x080025ec   Section        0  at32f415_wk_config.o(i.wk_system_clock_config)
    i.wk_tmr3_init                           0x08002678   Section        0  at32f415_wk_config.o(i.wk_tmr3_init)
    i.wk_usart1_init                         0x08002764   Section        0  at32f415_wk_config.o(i.wk_usart1_init)
    i.wk_usart2_init                         0x0800281c   Section        0  at32f415_wk_config.o(i.wk_usart2_init)
    i.wk_usart3_init                         0x080028d8   Section        0  at32f415_wk_config.o(i.wk_usart3_init)
    i.wk_usb_otgfs1_init                     0x08002998   Section        0  at32f415_wk_config.o(i.wk_usb_otgfs1_init)
    .constdata                               0x080029a8   Section       40  at32f415_crm.o(.constdata)
    sclk_ahb_div_table                       0x080029a8   Data          16  at32f415_crm.o(.constdata)
    ahb_apb1_div_table                       0x080029b8   Data           8  at32f415_crm.o(.constdata)
    ahb_apb2_div_table                       0x080029c0   Data           8  at32f415_crm.o(.constdata)
    adc_div_table                            0x080029c8   Data           8  at32f415_crm.o(.constdata)
    .constdata                               0x080029d0   Section       16  system_at32f415.o(.constdata)
    sys_ahb_div_table                        0x080029d0   Data          16  system_at32f415.o(.constdata)
    .data                                    0x20000000   Section        8  delay.o(.data)
    fac_us                                   0x20000000   Data           4  delay.o(.data)
    fac_ms                                   0x20000004   Data           4  delay.o(.data)
    .data                                    0x20000008   Section        4  system_at32f415.o(.data)
    .data                                    0x2000000c   Section        4  stdout.o(.data)
    .bss                                     0x20000010   Section     5134  value.o(.bss)
    STACK                                    0x20001420   Section     1024  startup_at32f415.o(STACK)

    Global Symbols

    Symbol Name                              Value     Ov Type        Size  Object(Section)

    BuildAttributes$$THM_ISAv4$E$P$D$K$B$S$7EM$PE$A:L22UL41UL21$X:L11$S22US41US21$IEEE1$IW$USESV6$~STKCKD$USESV7$~SHL$OSPACE$ROPI$EBA8$MICROLIB$REQ8$PRES8$EABIv2 0x00000000   Number         0  anon$$obj.o ABSOLUTE
    __ARM_use_no_argv                        0x00000000   Number         0  main.o ABSOLUTE
    _printf_a                                0x00000000   Number         0  stubs.o ABSOLUTE
    _printf_c                                0x00000000   Number         0  stubs.o ABSOLUTE
    _printf_charcount                        0x00000000   Number         0  stubs.o ABSOLUTE
    _printf_d                                0x00000000   Number         0  stubs.o ABSOLUTE
    _printf_e                                0x00000000   Number         0  stubs.o ABSOLUTE
    _printf_f                                0x00000000   Number         0  stubs.o ABSOLUTE
    _printf_flags                            0x00000000   Number         0  stubs.o ABSOLUTE
    _printf_fp_dec                           0x00000000   Number         0  stubs.o ABSOLUTE
    _printf_fp_hex                           0x00000000   Number         0  stubs.o ABSOLUTE
    _printf_g                                0x00000000   Number         0  stubs.o ABSOLUTE
    _printf_i                                0x00000000   Number         0  stubs.o ABSOLUTE
    _printf_int_dec                          0x00000000   Number         0  stubs.o ABSOLUTE
    _printf_l                                0x00000000   Number         0  stubs.o ABSOLUTE
    _printf_lc                               0x00000000   Number         0  stubs.o ABSOLUTE
    _printf_ll                               0x00000000   Number         0  stubs.o ABSOLUTE
    _printf_lld                              0x00000000   Number         0  stubs.o ABSOLUTE
    _printf_lli                              0x00000000   Number         0  stubs.o ABSOLUTE
    _printf_llo                              0x00000000   Number         0  stubs.o ABSOLUTE
    _printf_llu                              0x00000000   Number         0  stubs.o ABSOLUTE
    _printf_llx                              0x00000000   Number         0  stubs.o ABSOLUTE
    _printf_longlong_dec                     0x00000000   Number         0  stubs.o ABSOLUTE
    _printf_longlong_hex                     0x00000000   Number         0  stubs.o ABSOLUTE
    _printf_longlong_oct                     0x00000000   Number         0  stubs.o ABSOLUTE
    _printf_ls                               0x00000000   Number         0  stubs.o ABSOLUTE
    _printf_mbtowc                           0x00000000   Number         0  stubs.o ABSOLUTE
    _printf_n                                0x00000000   Number         0  stubs.o ABSOLUTE
    _printf_o                                0x00000000   Number         0  stubs.o ABSOLUTE
    _printf_p                                0x00000000   Number         0  stubs.o ABSOLUTE
    _printf_percent                          0x00000000   Number         0  stubs.o ABSOLUTE
    _printf_pre_padding                      0x00000000   Number         0  stubs.o ABSOLUTE
    _printf_return_value                     0x00000000   Number         0  stubs.o ABSOLUTE
    _printf_s                                0x00000000   Number         0  stubs.o ABSOLUTE
    _printf_sizespec                         0x00000000   Number         0  stubs.o ABSOLUTE
    _printf_str                              0x00000000   Number         0  stubs.o ABSOLUTE
    _printf_truncate_signed                  0x00000000   Number         0  stubs.o ABSOLUTE
    _printf_truncate_unsigned                0x00000000   Number         0  stubs.o ABSOLUTE
    _printf_u                                0x00000000   Number         0  stubs.o ABSOLUTE
    _printf_wc                               0x00000000   Number         0  stubs.o ABSOLUTE
    _printf_wctomb                           0x00000000   Number         0  stubs.o ABSOLUTE
    _printf_widthprec                        0x00000000   Number         0  stubs.o ABSOLUTE
    _printf_x                                0x00000000   Number         0  stubs.o ABSOLUTE
    __arm_fini_                               - Undefined Weak Reference
    __cpp_initialize__aeabi_                  - Undefined Weak Reference
    __cxa_finalize                            - Undefined Weak Reference
    __decompress                              - Undefined Weak Reference
    _clock_init                               - Undefined Weak Reference
    _microlib_exit                            - Undefined Weak Reference
    __Vectors_Size                           0x00000170   Number         0  startup_at32f415.o ABSOLUTE
    __Vectors                                0x08000000   Data           4  startup_at32f415.o(RESET)
    __Vectors_End                            0x08000170   Data           0  startup_at32f415.o(RESET)
    __main                                   0x08000171   Thumb Code     0  entry.o(.ARM.Collect$$$$00000000)
    _main_stk                                0x08000171   Thumb Code     0  entry2.o(.ARM.Collect$$$$00000001)
    _main_scatterload                        0x08000175   Thumb Code     0  entry5.o(.ARM.Collect$$$$00000004)
    __main_after_scatterload                 0x08000179   Thumb Code     0  entry5.o(.ARM.Collect$$$$00000004)
    _main_clock                              0x08000179   Thumb Code     0  entry7b.o(.ARM.Collect$$$$00000008)
    _main_cpp_init                           0x08000179   Thumb Code     0  entry8b.o(.ARM.Collect$$$$0000000A)
    _main_init                               0x08000179   Thumb Code     0  entry9a.o(.ARM.Collect$$$$0000000B)
    __rt_lib_shutdown_fini                   0x08000181   Thumb Code     0  entry12b.o(.ARM.Collect$$$$0000000E)
    __rt_final_cpp                           0x08000185   Thumb Code     0  entry10a.o(.ARM.Collect$$$$0000000F)
    __rt_final_exit                          0x08000185   Thumb Code     0  entry11a.o(.ARM.Collect$$$$00000011)
    Reset_Handler                            0x08000189   Thumb Code     8  startup_at32f415.o(.text)
    SysTick_Handler                          0x080001a1   Thumb Code     2  startup_at32f415.o(.text)
    ADC1_IRQHandler                          0x080001a3   Thumb Code     0  startup_at32f415.o(.text)
    CAN1_RX0_IRQHandler                      0x080001a3   Thumb Code     0  startup_at32f415.o(.text)
    CAN1_RX1_IRQHandler                      0x080001a3   Thumb Code     0  startup_at32f415.o(.text)
    CAN1_SE_IRQHandler                       0x080001a3   Thumb Code     0  startup_at32f415.o(.text)
    CAN1_TX_IRQHandler                       0x080001a3   Thumb Code     0  startup_at32f415.o(.text)
    CMP1_IRQHandler                          0x080001a3   Thumb Code     0  startup_at32f415.o(.text)
    CMP2_IRQHandler                          0x080001a3   Thumb Code     0  startup_at32f415.o(.text)
    CRM_IRQHandler                           0x080001a3   Thumb Code     0  startup_at32f415.o(.text)
    DMA1_Channel2_IRQHandler                 0x080001a3   Thumb Code     0  startup_at32f415.o(.text)
    DMA2_Channel6_7_IRQHandler               0x080001a3   Thumb Code     0  startup_at32f415.o(.text)
    ERTCAlarm_IRQHandler                     0x080001a3   Thumb Code     0  startup_at32f415.o(.text)
    ERTC_WKUP_IRQHandler                     0x080001a3   Thumb Code     0  startup_at32f415.o(.text)
    EXINT0_IRQHandler                        0x080001a3   Thumb Code     0  startup_at32f415.o(.text)
    EXINT15_10_IRQHandler                    0x080001a3   Thumb Code     0  startup_at32f415.o(.text)
    EXINT2_IRQHandler                        0x080001a3   Thumb Code     0  startup_at32f415.o(.text)
    EXINT3_IRQHandler                        0x080001a3   Thumb Code     0  startup_at32f415.o(.text)
    EXINT4_IRQHandler                        0x080001a3   Thumb Code     0  startup_at32f415.o(.text)
    EXINT9_5_IRQHandler                      0x080001a3   Thumb Code     0  startup_at32f415.o(.text)
    FLASH_IRQHandler                         0x080001a3   Thumb Code     0  startup_at32f415.o(.text)
    OTGFS1_IRQHandler                        0x080001a3   Thumb Code     0  startup_at32f415.o(.text)
    OTGFS1_WKUP_IRQHandler                   0x080001a3   Thumb Code     0  startup_at32f415.o(.text)
    PVM_IRQHandler                           0x080001a3   Thumb Code     0  startup_at32f415.o(.text)
    SDIO1_IRQHandler                         0x080001a3   Thumb Code     0  startup_at32f415.o(.text)
    TAMP_STAMP_IRQHandler                    0x080001a3   Thumb Code     0  startup_at32f415.o(.text)
    TMR1_BRK_TMR9_IRQHandler                 0x080001a3   Thumb Code     0  startup_at32f415.o(.text)
    TMR1_CH_IRQHandler                       0x080001a3   Thumb Code     0  startup_at32f415.o(.text)
    TMR1_OVF_TMR10_IRQHandler                0x080001a3   Thumb Code     0  startup_at32f415.o(.text)
    TMR1_TRG_HALL_TMR11_IRQHandler           0x080001a3   Thumb Code     0  startup_at32f415.o(.text)
    TMR2_GLOBAL_IRQHandler                   0x080001a3   Thumb Code     0  startup_at32f415.o(.text)
    TMR4_GLOBAL_IRQHandler                   0x080001a3   Thumb Code     0  startup_at32f415.o(.text)
    TMR5_GLOBAL_IRQHandler                   0x080001a3   Thumb Code     0  startup_at32f415.o(.text)
    UART4_IRQHandler                         0x080001a3   Thumb Code     0  startup_at32f415.o(.text)
    UART5_IRQHandler                         0x080001a3   Thumb Code     0  startup_at32f415.o(.text)
    WWDT_IRQHandler                          0x080001a3   Thumb Code     0  startup_at32f415.o(.text)
    __aeabi_uldivmod                         0x080001ad   Thumb Code    98  uldiv.o(.text)
    __aeabi_memcpy                           0x0800020f   Thumb Code    36  memcpya.o(.text)
    __aeabi_memcpy4                          0x0800020f   Thumb Code     0  memcpya.o(.text)
    __aeabi_memcpy8                          0x0800020f   Thumb Code     0  memcpya.o(.text)
    __aeabi_llsl                             0x08000233   Thumb Code    30  llshl.o(.text)
    _ll_shift_l                              0x08000233   Thumb Code     0  llshl.o(.text)
    __aeabi_llsr                             0x08000251   Thumb Code    32  llushr.o(.text)
    _ll_ushift_r                             0x08000251   Thumb Code     0  llushr.o(.text)
    __scatterload                            0x08000271   Thumb Code    28  init.o(.text)
    __scatterload_rt2                        0x08000271   Thumb Code     0  init.o(.text)
    BusFault_Handler                         0x08000295   Thumb Code     4  at32f415_int.o(i.BusFault_Handler)
    DMA1_Channel1_IRQHandler                 0x08000299   Thumb Code     2  at32f415_int.o(i.DMA1_Channel1_IRQHandler)
    DMA1_Channel3_IRQHandler                 0x0800029b   Thumb Code     2  at32f415_int.o(i.DMA1_Channel3_IRQHandler)
    DMA1_Channel4_IRQHandler                 0x0800029d   Thumb Code     2  at32f415_int.o(i.DMA1_Channel4_IRQHandler)
    DMA1_Channel5_IRQHandler                 0x0800029f   Thumb Code     2  at32f415_int.o(i.DMA1_Channel5_IRQHandler)
    DMA1_Channel6_IRQHandler                 0x080002a1   Thumb Code     2  at32f415_int.o(i.DMA1_Channel6_IRQHandler)
    DMA1_Channel7_IRQHandler                 0x080002a3   Thumb Code     2  at32f415_int.o(i.DMA1_Channel7_IRQHandler)
    DMA2_Channel1_IRQHandler                 0x080002a5   Thumb Code     2  at32f415_int.o(i.DMA2_Channel1_IRQHandler)
    DMA2_Channel2_IRQHandler                 0x080002a7   Thumb Code     2  at32f415_int.o(i.DMA2_Channel2_IRQHandler)
    DMA2_Channel3_IRQHandler                 0x080002a9   Thumb Code     2  at32f415_int.o(i.DMA2_Channel3_IRQHandler)
    DMA2_Channel4_5_IRQHandler               0x080002ab   Thumb Code     2  at32f415_int.o(i.DMA2_Channel4_5_IRQHandler)
    DebugMon_Handler                         0x080002ad   Thumb Code     2  at32f415_int.o(i.DebugMon_Handler)
    EXINT1_IRQHandler                        0x080002af   Thumb Code     2  at32f415_int.o(i.EXINT1_IRQHandler)
    HardFault_Handler                        0x080002b1   Thumb Code     4  at32f415_int.o(i.HardFault_Handler)
    I2C1_ERR_IRQHandler                      0x080002b5   Thumb Code     2  at32f415_int.o(i.I2C1_ERR_IRQHandler)
    I2C1_EVT_IRQHandler                      0x080002b7   Thumb Code     2  at32f415_int.o(i.I2C1_EVT_IRQHandler)
    I2C2_ERR_IRQHandler                      0x080002b9   Thumb Code     2  at32f415_int.o(i.I2C2_ERR_IRQHandler)
    I2C2_EVT_IRQHandler                      0x080002bb   Thumb Code     2  at32f415_int.o(i.I2C2_EVT_IRQHandler)
    MemManage_Handler                        0x080002bd   Thumb Code     4  at32f415_int.o(i.MemManage_Handler)
    NMI_Handler                              0x080002c1   Thumb Code     2  at32f415_int.o(i.NMI_Handler)
    PendSV_Handler                           0x080002c3   Thumb Code     2  at32f415_int.o(i.PendSV_Handler)
    SPI1_IRQHandler                          0x080002c5   Thumb Code     2  at32f415_int.o(i.SPI1_IRQHandler)
    SPI2_IRQHandler                          0x080002c7   Thumb Code     2  at32f415_int.o(i.SPI2_IRQHandler)
    SVC_Handler                              0x080002c9   Thumb Code     2  at32f415_int.o(i.SVC_Handler)
    SystemInit                               0x080002cd   Thumb Code   138  system_at32f415.o(i.SystemInit)
    TMR3_GLOBAL_IRQHandler                   0x08000369   Thumb Code     2  at32f415_int.o(i.TMR3_GLOBAL_IRQHandler)
    USART1_IRQHandler                        0x0800036d   Thumb Code    74  at32f415_int.o(i.USART1_IRQHandler)
    USART2_IRQHandler                        0x080003c9   Thumb Code     2  at32f415_int.o(i.USART2_IRQHandler)
    USART3_IRQHandler                        0x080003cd   Thumb Code    62  at32f415_int.o(i.USART3_IRQHandler)
    UsageFault_Handler                       0x08000419   Thumb Code     4  at32f415_int.o(i.UsageFault_Handler)
    __0printf$2                              0x0800041d   Thumb Code    22  printf2.o(i.__0printf$2)
    __1printf$2                              0x0800041d   Thumb Code     0  printf2.o(i.__0printf$2)
    __2printf                                0x0800041d   Thumb Code     0  printf2.o(i.__0printf$2)
    __scatterload_copy                       0x0800043d   Thumb Code    14  handlers.o(i.__scatterload_copy)
    __scatterload_null                       0x0800044b   Thumb Code     2  handlers.o(i.__scatterload_null)
    __scatterload_zeroinit                   0x0800044d   Thumb Code    14  handlers.o(i.__scatterload_zeroinit)
    crc_data_reset                           0x08000531   Thumb Code    16  at32f415_crc.o(i.crc_data_reset)
    crc_init_data_set                        0x08000545   Thumb Code     6  at32f415_crc.o(i.crc_init_data_set)
    crc_poly_size_set                        0x08000551   Thumb Code    14  at32f415_crc.o(i.crc_poly_size_set)
    crc_poly_value_set                       0x08000565   Thumb Code     6  at32f415_crc.o(i.crc_poly_value_set)
    crc_reverse_input_data_set               0x08000571   Thumb Code    14  at32f415_crc.o(i.crc_reverse_input_data_set)
    crc_reverse_output_data_set              0x08000585   Thumb Code    14  at32f415_crc.o(i.crc_reverse_output_data_set)
    crm_ahb_div_set                          0x08000599   Thumb Code    14  at32f415_crm.o(i.crm_ahb_div_set)
    crm_apb1_div_set                         0x080005ad   Thumb Code    14  at32f415_crm.o(i.crm_apb1_div_set)
    crm_apb2_div_set                         0x080005c1   Thumb Code    14  at32f415_crm.o(i.crm_apb2_div_set)
    crm_auto_step_mode_enable                0x080005d5   Thumb Code    34  at32f415_crm.o(i.crm_auto_step_mode_enable)
    crm_clock_source_enable                  0x080005fd   Thumb Code    90  at32f415_crm.o(i.crm_clock_source_enable)
    crm_clocks_freq_get                      0x0800065d   Thumb Code   396  at32f415_crm.o(i.crm_clocks_freq_get)
    crm_ertc_clock_enable                    0x08000809   Thumb Code    14  at32f415_crm.o(i.crm_ertc_clock_enable)
    crm_ertc_clock_select                    0x0800081d   Thumb Code    14  at32f415_crm.o(i.crm_ertc_clock_select)
    crm_flag_get                             0x08000831   Thumb Code    42  at32f415_crm.o(i.crm_flag_get)
    crm_hick_divider_select                  0x08000861   Thumb Code    14  at32f415_crm.o(i.crm_hick_divider_select)
    crm_hick_sclk_frequency_select           0x08000875   Thumb Code    24  at32f415_crm.o(i.crm_hick_sclk_frequency_select)
    crm_periph_clock_enable                  0x08000891   Thumb Code    62  at32f415_crm.o(i.crm_periph_clock_enable)
    crm_pll_config                           0x080008d5   Thumb Code   224  at32f415_crm.o(i.crm_pll_config)
    crm_reset                                0x080009e9   Thumb Code    90  at32f415_crm.o(i.crm_reset)
    crm_sysclk_switch                        0x08000a4d   Thumb Code    54  at32f415_crm.o(i.crm_sysclk_switch)
    crm_sysclk_switch_status_get             0x08000a89   Thumb Code    10  at32f415_crm.o(i.crm_sysclk_switch_status_get)
    crm_usb_clock_div_set                    0x08000a99   Thumb Code    28  at32f415_crm.o(i.crm_usb_clock_div_set)
    crm_usb_clock_source_select              0x08000ab9   Thumb Code    26  at32f415_crm.o(i.crm_usb_clock_source_select)
    delay_ms                                 0x08000ad9   Thumb Code   110  delay.o(i.delay_ms)
    dma_channel_enable                       0x08000b4d   Thumb Code    10  at32f415_dma.o(i.dma_channel_enable)
    dma_data_number_get                      0x08000b57   Thumb Code     8  at32f415_dma.o(i.dma_data_number_get)
    dma_default_para_init                    0x08000b5f   Thumb Code    24  at32f415_dma.o(i.dma_default_para_init)
    dma_flag_clear                           0x08000b79   Thumb Code    22  at32f415_dma.o(i.dma_flag_clear)
    dma_flexible_config                      0x08000b99   Thumb Code   152  at32f415_dma.o(i.dma_flexible_config)
    dma_init                                 0x08000c31   Thumb Code    92  at32f415_dma.o(i.dma_init)
    dma_reset                                0x08000c8d   Thumb Code   102  at32f415_dma.o(i.dma_reset)
    ertc_date_set                            0x08000cfd   Thumb Code   114  at32f415_ertc.o(i.ertc_date_set)
    ertc_divider_set                         0x08000d75   Thumb Code    56  at32f415_ertc.o(i.ertc_divider_set)
    ertc_hour_mode_set                       0x08000db1   Thumb Code    44  at32f415_ertc.o(i.ertc_hour_mode_set)
    ertc_init_mode_enter                     0x08000de1   Thumb Code    54  at32f415_ertc.o(i.ertc_init_mode_enter)
    ertc_init_mode_exit                      0x08000e1d   Thumb Code    10  at32f415_ertc.o(i.ertc_init_mode_exit)
    ertc_num_to_bcd                          0x08000e2d   Thumb Code    36  at32f415_ertc.o(i.ertc_num_to_bcd)
    ertc_reset                               0x08000e51   Thumb Code   118  at32f415_ertc.o(i.ertc_reset)
    ertc_time_set                            0x08000ed1   Thumb Code   114  at32f415_ertc.o(i.ertc_time_set)
    ertc_wait_update                         0x08000f49   Thumb Code    50  at32f415_ertc.o(i.ertc_wait_update)
    ertc_write_protect_disable               0x08000f81   Thumb Code    12  at32f415_ertc.o(i.ertc_write_protect_disable)
    ertc_write_protect_enable                0x08000f91   Thumb Code     8  at32f415_ertc.o(i.ertc_write_protect_enable)
    exint_default_para_init                  0x08000f9d   Thumb Code    14  at32f415_exint.o(i.exint_default_para_init)
    exint_init                               0x08000fad   Thumb Code   148  at32f415_exint.o(i.exint_init)
    fputc                                    0x08001045   Thumb Code    32  main.o(i.fputc)
    gpio_bits_reset                          0x08001069   Thumb Code     4  at32f415_gpio.o(i.gpio_bits_reset)
    gpio_default_para_init                   0x0800106d   Thumb Code    22  at32f415_gpio.o(i.gpio_default_para_init)
    gpio_exint_line_config                   0x08001085   Thumb Code   158  at32f415_gpio.o(i.gpio_exint_line_config)
    gpio_init                                0x08001129   Thumb Code   168  at32f415_gpio.o(i.gpio_init)
    gpio_pin_remap_config                    0x080011d1   Thumb Code    70  at32f415_gpio.o(i.gpio_pin_remap_config)
    i2c_ack_enable                           0x0800121d   Thumb Code    10  at32f415_i2c.o(i.i2c_ack_enable)
    i2c_clock_stretch_enable                 0x08001227   Thumb Code    18  at32f415_i2c.o(i.i2c_clock_stretch_enable)
    i2c_dma_enable                           0x08001239   Thumb Code    10  at32f415_i2c.o(i.i2c_dma_enable)
    i2c_enable                               0x08001243   Thumb Code    10  at32f415_i2c.o(i.i2c_enable)
    i2c_general_call_enable                  0x0800124d   Thumb Code    10  at32f415_i2c.o(i.i2c_general_call_enable)
    i2c_init                                 0x08001259   Thumb Code   242  at32f415_i2c.o(i.i2c_init)
    i2c_own_address1_set                     0x0800135d   Thumb Code    18  at32f415_i2c.o(i.i2c_own_address1_set)
    main                                     0x08001371   Thumb Code   428  main.o(i.main)
    nvic_irq_enable                          0x08001569   Thumb Code   190  at32f415_misc.o(i.nvic_irq_enable)
    nvic_priority_group_config               0x08001631   Thumb Code    32  at32f415_misc.o(i.nvic_priority_group_config)
    pwc_battery_powered_domain_access        0x08001659   Thumb Code    14  at32f415_pwc.o(i.pwc_battery_powered_domain_access)
    spi_default_para_init                    0x0800166d   Thumb Code    22  at32f415_spi.o(i.spi_default_para_init)
    spi_enable                               0x08001683   Thumb Code    10  at32f415_spi.o(i.spi_enable)
    spi_i2s_dma_receiver_enable              0x0800168d   Thumb Code    10  at32f415_spi.o(i.spi_i2s_dma_receiver_enable)
    spi_i2s_dma_transmitter_enable           0x08001697   Thumb Code    10  at32f415_spi.o(i.spi_i2s_dma_transmitter_enable)
    spi_init                                 0x080016a1   Thumb Code   292  at32f415_spi.o(i.spi_init)
    system_core_clock_update                 0x080017c5   Thumb Code   316  system_at32f415.o(i.system_core_clock_update)
    tmr_base_init                            0x08001919   Thumb Code    16  at32f415_tmr.o(i.tmr_base_init)
    tmr_clock_source_div_set                 0x08001929   Thumb Code    10  at32f415_tmr.o(i.tmr_clock_source_div_set)
    tmr_cnt_dir_set                          0x08001933   Thumb Code    10  at32f415_tmr.o(i.tmr_cnt_dir_set)
    tmr_counter_enable                       0x0800193d   Thumb Code    10  at32f415_tmr.o(i.tmr_counter_enable)
    tmr_encoder_mode_config                  0x08001947   Thumb Code    70  at32f415_tmr.o(i.tmr_encoder_mode_config)
    tmr_input_channel_init                   0x0800198d   Thumb Code   304  at32f415_tmr.o(i.tmr_input_channel_init)
    tmr_period_buffer_enable                 0x08001abd   Thumb Code    10  at32f415_tmr.o(i.tmr_period_buffer_enable)
    tmr_primary_mode_select                  0x08001ac7   Thumb Code    10  at32f415_tmr.o(i.tmr_primary_mode_select)
    tmr_sub_sync_mode_set                    0x08001ad1   Thumb Code    10  at32f415_tmr.o(i.tmr_sub_sync_mode_set)
    usart1dmarecv                            0x08001add   Thumb Code    46  value.o(i.usart1dmarecv)
    usart_data_transmit                      0x08001b15   Thumb Code     8  at32f415_usart.o(i.usart_data_transmit)
    usart_dma_receiver_enable                0x08001b1d   Thumb Code    10  at32f415_usart.o(i.usart_dma_receiver_enable)
    usart_dma_transmitter_enable             0x08001b27   Thumb Code    10  at32f415_usart.o(i.usart_dma_transmitter_enable)
    usart_enable                             0x08001b31   Thumb Code    10  at32f415_usart.o(i.usart_enable)
    usart_flag_get                           0x08001b3b   Thumb Code    16  at32f415_usart.o(i.usart_flag_get)
    usart_hardware_flow_control_set          0x08001b4b   Thumb Code   102  at32f415_usart.o(i.usart_hardware_flow_control_set)
    usart_init                               0x08001bb1   Thumb Code   102  at32f415_usart.o(i.usart_init)
    usart_interrupt_enable                   0x08001c1d   Thumb Code    54  at32f415_usart.o(i.usart_interrupt_enable)
    usart_parity_selection_config            0x08001c53   Thumb Code    76  at32f415_usart.o(i.usart_parity_selection_config)
    usart_receiver_enable                    0x08001c9f   Thumb Code    10  at32f415_usart.o(i.usart_receiver_enable)
    usart_transmitter_enable                 0x08001ca9   Thumb Code    10  at32f415_usart.o(i.usart_transmitter_enable)
    wk_crc_init                              0x08001cb5   Thumb Code    40  at32f415_wk_config.o(i.wk_crc_init)
    wk_debug_config                          0x08001ce1   Thumb Code    12  at32f415_wk_config.o(i.wk_debug_config)
    wk_dma1_channel1_init                    0x08001cf1   Thumb Code    74  at32f415_wk_config.o(i.wk_dma1_channel1_init)
    wk_dma1_channel3_init                    0x08001d41   Thumb Code    74  at32f415_wk_config.o(i.wk_dma1_channel3_init)
    wk_dma1_channel4_init                    0x08001d91   Thumb Code    76  at32f415_wk_config.o(i.wk_dma1_channel4_init)
    wk_dma1_channel5_init                    0x08001de1   Thumb Code    74  at32f415_wk_config.o(i.wk_dma1_channel5_init)
    wk_dma1_channel6_init                    0x08001e31   Thumb Code    76  at32f415_wk_config.o(i.wk_dma1_channel6_init)
    wk_dma1_channel7_init                    0x08001e81   Thumb Code    74  at32f415_wk_config.o(i.wk_dma1_channel7_init)
    wk_dma2_channel1_init                    0x08001ed1   Thumb Code    76  at32f415_wk_config.o(i.wk_dma2_channel1_init)
    wk_dma2_channel2_init                    0x08001f21   Thumb Code    74  at32f415_wk_config.o(i.wk_dma2_channel2_init)
    wk_dma2_channel3_init                    0x08001f71   Thumb Code    76  at32f415_wk_config.o(i.wk_dma2_channel3_init)
    wk_dma2_channel4_init                    0x08001fc1   Thumb Code    74  at32f415_wk_config.o(i.wk_dma2_channel4_init)
    wk_dma2_channel5_init                    0x08002011   Thumb Code    76  at32f415_wk_config.o(i.wk_dma2_channel5_init)
    wk_dma_channel_config                    0x08002061   Thumb Code     8  at32f415_wk_config.o(i.wk_dma_channel_config)
    wk_ertc_init                             0x08002069   Thumb Code    68  at32f415_wk_config.o(i.wk_ertc_init)
    wk_exint_config                          0x080020ad   Thumb Code    80  at32f415_wk_config.o(i.wk_exint_config)
    wk_gpio_config                           0x08002101   Thumb Code   130  at32f415_wk_config.o(i.wk_gpio_config)
    wk_i2c1_init                             0x0800218d   Thumb Code   138  at32f415_wk_config.o(i.wk_i2c1_init)
    wk_i2c2_init                             0x08002225   Thumb Code   138  at32f415_wk_config.o(i.wk_i2c2_init)
    wk_nvic_config                           0x080022c1   Thumb Code   220  at32f415_wk_config.o(i.wk_nvic_config)
    wk_periph_clock_config                   0x0800239d   Thumb Code   168  at32f415_wk_config.o(i.wk_periph_clock_config)
    wk_spi1_init                             0x08002451   Thumb Code   194  at32f415_wk_config.o(i.wk_spi1_init)
    wk_spi2_init                             0x0800251d   Thumb Code   200  at32f415_wk_config.o(i.wk_spi2_init)
    wk_system_clock_config                   0x080025ed   Thumb Code   132  at32f415_wk_config.o(i.wk_system_clock_config)
    wk_tmr3_init                             0x08002679   Thumb Code   222  at32f415_wk_config.o(i.wk_tmr3_init)
    wk_usart1_init                           0x08002765   Thumb Code   170  at32f415_wk_config.o(i.wk_usart1_init)
    wk_usart2_init                           0x0800281d   Thumb Code   174  at32f415_wk_config.o(i.wk_usart2_init)
    wk_usart3_init                           0x080028d9   Thumb Code   178  at32f415_wk_config.o(i.wk_usart3_init)
    wk_usb_otgfs1_init                       0x08002999   Thumb Code    16  at32f415_wk_config.o(i.wk_usb_otgfs1_init)
    Region$$Table$$Base                      0x080029e0   Number         0  anon$$obj.o(Region$$Table)
    Region$$Table$$Limit                     0x08002a00   Number         0  anon$$obj.o(Region$$Table)
    system_core_clock                        0x20000008   Data           4  system_at32f415.o(.data)
    __stdout                                 0x2000000c   Data           4  stdout.o(.data)
    UART_1                                   0x20000010   Data        1028  value.o(.bss)
    UART_2                                   0x20000414   Data        1028  value.o(.bss)
    UART_3                                   0x20000818   Data        1028  value.o(.bss)
    debug_rx                                 0x20000c1c   Data         512  value.o(.bss)
    debug_tx                                 0x20000e1c   Data         512  value.o(.bss)
    state1                                   0x2000101c   Data        1026  value.o(.bss)
    __initial_sp                             0x20001820   Data           0  startup_at32f415.o(STACK)



==============================================================================

Memory Map of the image

  Image Entry point : 0x08000171

  Load Region LR_IROM1 (Base: 0x08000000, Size: 0x00002a10, Max: 0x00020000, ABSOLUTE)

    Execution Region ER_IROM1 (Exec base: 0x08000000, Load base: 0x08000000, Size: 0x00002a00, Max: 0x00020000, ABSOLUTE)

    Exec Addr    Load Addr    Size         Type   Attr      Idx    E Section Name        Object

    0x08000000   0x08000000   0x00000170   Data   RO         3199    RESET               startup_at32f415.o
    0x08000170   0x08000170   0x00000000   Code   RO         3204  * .ARM.Collect$$$$00000000  mc_w.l(entry.o)
    0x08000170   0x08000170   0x00000004   Code   RO         3474    .ARM.Collect$$$$00000001  mc_w.l(entry2.o)
    0x08000174   0x08000174   0x00000004   Code   RO         3477    .ARM.Collect$$$$00000004  mc_w.l(entry5.o)
    0x08000178   0x08000178   0x00000000   Code   RO         3479    .ARM.Collect$$$$00000008  mc_w.l(entry7b.o)
    0x08000178   0x08000178   0x00000000   Code   RO         3481    .ARM.Collect$$$$0000000A  mc_w.l(entry8b.o)
    0x08000178   0x08000178   0x00000008   Code   RO         3482    .ARM.Collect$$$$0000000B  mc_w.l(entry9a.o)
    0x08000180   0x08000180   0x00000004   Code   RO         3489    .ARM.Collect$$$$0000000E  mc_w.l(entry12b.o)
    0x08000184   0x08000184   0x00000000   Code   RO         3484    .ARM.Collect$$$$0000000F  mc_w.l(entry10a.o)
    0x08000184   0x08000184   0x00000000   Code   RO         3486    .ARM.Collect$$$$00000011  mc_w.l(entry11a.o)
    0x08000184   0x08000184   0x00000004   Code   RO         3475    .ARM.Collect$$$$00002712  mc_w.l(entry2.o)
    0x08000188   0x08000188   0x00000024   Code   RO         3200    .text               startup_at32f415.o
    0x080001ac   0x080001ac   0x00000062   Code   RO         3207    .text               mc_w.l(uldiv.o)
    0x0800020e   0x0800020e   0x00000024   Code   RO         3209    .text               mc_w.l(memcpya.o)
    0x08000232   0x08000232   0x0000001e   Code   RO         3493    .text               mc_w.l(llshl.o)
    0x08000250   0x08000250   0x00000020   Code   RO         3495    .text               mc_w.l(llushr.o)
    0x08000270   0x08000270   0x00000024   Code   RO         3508    .text               mc_w.l(init.o)
    0x08000294   0x08000294   0x00000004   Code   RO          326    i.BusFault_Handler  at32f415_int.o
    0x08000298   0x08000298   0x00000002   Code   RO          327    i.DMA1_Channel1_IRQHandler  at32f415_int.o
    0x0800029a   0x0800029a   0x00000002   Code   RO          328    i.DMA1_Channel3_IRQHandler  at32f415_int.o
    0x0800029c   0x0800029c   0x00000002   Code   RO          329    i.DMA1_Channel4_IRQHandler  at32f415_int.o
    0x0800029e   0x0800029e   0x00000002   Code   RO          330    i.DMA1_Channel5_IRQHandler  at32f415_int.o
    0x080002a0   0x080002a0   0x00000002   Code   RO          331    i.DMA1_Channel6_IRQHandler  at32f415_int.o
    0x080002a2   0x080002a2   0x00000002   Code   RO          332    i.DMA1_Channel7_IRQHandler  at32f415_int.o
    0x080002a4   0x080002a4   0x00000002   Code   RO          333    i.DMA2_Channel1_IRQHandler  at32f415_int.o
    0x080002a6   0x080002a6   0x00000002   Code   RO          334    i.DMA2_Channel2_IRQHandler  at32f415_int.o
    0x080002a8   0x080002a8   0x00000002   Code   RO          335    i.DMA2_Channel3_IRQHandler  at32f415_int.o
    0x080002aa   0x080002aa   0x00000002   Code   RO          336    i.DMA2_Channel4_5_IRQHandler  at32f415_int.o
    0x080002ac   0x080002ac   0x00000002   Code   RO          337    i.DebugMon_Handler  at32f415_int.o
    0x080002ae   0x080002ae   0x00000002   Code   RO          338    i.EXINT1_IRQHandler  at32f415_int.o
    0x080002b0   0x080002b0   0x00000004   Code   RO          339    i.HardFault_Handler  at32f415_int.o
    0x080002b4   0x080002b4   0x00000002   Code   RO          340    i.I2C1_ERR_IRQHandler  at32f415_int.o
    0x080002b6   0x080002b6   0x00000002   Code   RO          341    i.I2C1_EVT_IRQHandler  at32f415_int.o
    0x080002b8   0x080002b8   0x00000002   Code   RO          342    i.I2C2_ERR_IRQHandler  at32f415_int.o
    0x080002ba   0x080002ba   0x00000002   Code   RO          343    i.I2C2_EVT_IRQHandler  at32f415_int.o
    0x080002bc   0x080002bc   0x00000004   Code   RO          344    i.MemManage_Handler  at32f415_int.o
    0x080002c0   0x080002c0   0x00000002   Code   RO          345    i.NMI_Handler       at32f415_int.o
    0x080002c2   0x080002c2   0x00000002   Code   RO          346    i.PendSV_Handler    at32f415_int.o
    0x080002c4   0x080002c4   0x00000002   Code   RO          347    i.SPI1_IRQHandler   at32f415_int.o
    0x080002c6   0x080002c6   0x00000002   Code   RO          348    i.SPI2_IRQHandler   at32f415_int.o
    0x080002c8   0x080002c8   0x00000002   Code   RO          349    i.SVC_Handler       at32f415_int.o
    0x080002ca   0x080002ca   0x00000002   PAD
    0x080002cc   0x080002cc   0x0000009c   Code   RO         3163    i.SystemInit        system_at32f415.o
    0x08000368   0x08000368   0x00000002   Code   RO          350    i.TMR3_GLOBAL_IRQHandler  at32f415_int.o
    0x0800036a   0x0800036a   0x00000002   PAD
    0x0800036c   0x0800036c   0x0000005c   Code   RO          351    i.USART1_IRQHandler  at32f415_int.o
    0x080003c8   0x080003c8   0x00000002   Code   RO          352    i.USART2_IRQHandler  at32f415_int.o
    0x080003ca   0x080003ca   0x00000002   PAD
    0x080003cc   0x080003cc   0x0000004c   Code   RO          353    i.USART3_IRQHandler  at32f415_int.o
    0x08000418   0x08000418   0x00000004   Code   RO          354    i.UsageFault_Handler  at32f415_int.o
    0x0800041c   0x0800041c   0x00000020   Code   RO         3280    i.__0printf$2       mc_w.l(printf2.o)
    0x0800043c   0x0800043c   0x0000000e   Code   RO         3516    i.__scatterload_copy  mc_w.l(handlers.o)
    0x0800044a   0x0800044a   0x00000002   Code   RO         3517    i.__scatterload_null  mc_w.l(handlers.o)
    0x0800044c   0x0800044c   0x0000000e   Code   RO         3518    i.__scatterload_zeroinit  mc_w.l(handlers.o)
    0x0800045a   0x0800045a   0x000000d6   Code   RO         3287    i._printf_core      mc_w.l(printf2.o)
    0x08000530   0x08000530   0x00000014   Code   RO          617    i.crc_data_reset    at32f415_crc.o
    0x08000544   0x08000544   0x0000000c   Code   RO          618    i.crc_init_data_set  at32f415_crc.o
    0x08000550   0x08000550   0x00000014   Code   RO          621    i.crc_poly_size_set  at32f415_crc.o
    0x08000564   0x08000564   0x0000000c   Code   RO          623    i.crc_poly_value_set  at32f415_crc.o
    0x08000570   0x08000570   0x00000014   Code   RO          624    i.crc_reverse_input_data_set  at32f415_crc.o
    0x08000584   0x08000584   0x00000014   Code   RO          625    i.crc_reverse_output_data_set  at32f415_crc.o
    0x08000598   0x08000598   0x00000014   Code   RO          710    i.crm_ahb_div_set   at32f415_crm.o
    0x080005ac   0x080005ac   0x00000014   Code   RO          711    i.crm_apb1_div_set  at32f415_crm.o
    0x080005c0   0x080005c0   0x00000014   Code   RO          712    i.crm_apb2_div_set  at32f415_crm.o
    0x080005d4   0x080005d4   0x00000028   Code   RO          713    i.crm_auto_step_mode_enable  at32f415_crm.o
    0x080005fc   0x080005fc   0x00000060   Code   RO          718    i.crm_clock_source_enable  at32f415_crm.o
    0x0800065c   0x0800065c   0x000001ac   Code   RO          719    i.crm_clocks_freq_get  at32f415_crm.o
    0x08000808   0x08000808   0x00000014   Code   RO          720    i.crm_ertc_clock_enable  at32f415_crm.o
    0x0800081c   0x0800081c   0x00000014   Code   RO          721    i.crm_ertc_clock_select  at32f415_crm.o
    0x08000830   0x08000830   0x00000030   Code   RO          723    i.crm_flag_get      at32f415_crm.o
    0x08000860   0x08000860   0x00000014   Code   RO          728    i.crm_hick_divider_select  at32f415_crm.o
    0x08000874   0x08000874   0x0000001c   Code   RO          729    i.crm_hick_sclk_frequency_select  at32f415_crm.o
    0x08000890   0x08000890   0x00000044   Code   RO          734    i.crm_periph_clock_enable  at32f415_crm.o
    0x080008d4   0x080008d4   0x00000114   Code   RO          737    i.crm_pll_config    at32f415_crm.o
    0x080009e8   0x080009e8   0x00000064   Code   RO          739    i.crm_reset         at32f415_crm.o
    0x08000a4c   0x08000a4c   0x0000003c   Code   RO          740    i.crm_sysclk_switch  at32f415_crm.o
    0x08000a88   0x08000a88   0x00000010   Code   RO          741    i.crm_sysclk_switch_status_get  at32f415_crm.o
    0x08000a98   0x08000a98   0x00000020   Code   RO          742    i.crm_usb_clock_div_set  at32f415_crm.o
    0x08000ab8   0x08000ab8   0x00000020   Code   RO          743    i.crm_usb_clock_source_select  at32f415_crm.o
    0x08000ad8   0x08000ad8   0x00000074   Code   RO          567    i.delay_ms          delay.o
    0x08000b4c   0x08000b4c   0x0000000a   Code   RO         3079    i.dma_channel_enable  at32f415_dma.o
    0x08000b56   0x08000b56   0x00000008   Code   RO         3080    i.dma_data_number_get  at32f415_dma.o
    0x08000b5e   0x08000b5e   0x00000018   Code   RO         3082    i.dma_default_para_init  at32f415_dma.o
    0x08000b76   0x08000b76   0x00000002   PAD
    0x08000b78   0x08000b78   0x00000020   Code   RO         3083    i.dma_flag_clear    at32f415_dma.o
    0x08000b98   0x08000b98   0x00000098   Code   RO         3085    i.dma_flexible_config  at32f415_dma.o
    0x08000c30   0x08000c30   0x0000005c   Code   RO         3086    i.dma_init          at32f415_dma.o
    0x08000c8c   0x08000c8c   0x00000070   Code   RO         3089    i.dma_reset         at32f415_dma.o
    0x08000cfc   0x08000cfc   0x00000078   Code   RO          989    i.ertc_date_set     at32f415_ertc.o
    0x08000d74   0x08000d74   0x0000003c   Code   RO          993    i.ertc_divider_set  at32f415_ertc.o
    0x08000db0   0x08000db0   0x00000030   Code   RO          996    i.ertc_hour_mode_set  at32f415_ertc.o
    0x08000de0   0x08000de0   0x0000003c   Code   RO          997    i.ertc_init_mode_enter  at32f415_ertc.o
    0x08000e1c   0x08000e1c   0x00000010   Code   RO          998    i.ertc_init_mode_exit  at32f415_ertc.o
    0x08000e2c   0x08000e2c   0x00000024   Code   RO         1002    i.ertc_num_to_bcd   at32f415_ertc.o
    0x08000e50   0x08000e50   0x00000080   Code   RO         1005    i.ertc_reset        at32f415_ertc.o
    0x08000ed0   0x08000ed0   0x00000078   Code   RO         1016    i.ertc_time_set     at32f415_ertc.o
    0x08000f48   0x08000f48   0x00000038   Code   RO         1022    i.ertc_wait_update  at32f415_ertc.o
    0x08000f80   0x08000f80   0x00000010   Code   RO         1027    i.ertc_write_protect_disable  at32f415_ertc.o
    0x08000f90   0x08000f90   0x0000000c   Code   RO         1028    i.ertc_write_protect_enable  at32f415_ertc.o
    0x08000f9c   0x08000f9c   0x0000000e   Code   RO         1322    i.exint_default_para_init  at32f415_exint.o
    0x08000faa   0x08000faa   0x00000002   PAD
    0x08000fac   0x08000fac   0x00000098   Code   RO         1326    i.exint_init        at32f415_exint.o
    0x08001044   0x08001044   0x00000024   Code   RO            4    i.fputc             main.o
    0x08001068   0x08001068   0x00000004   Code   RO         1611    i.gpio_bits_reset   at32f415_gpio.o
    0x0800106c   0x0800106c   0x00000016   Code   RO         1614    i.gpio_default_para_init  at32f415_gpio.o
    0x08001082   0x08001082   0x00000002   PAD
    0x08001084   0x08001084   0x000000a4   Code   RO         1617    i.gpio_exint_line_config  at32f415_gpio.o
    0x08001128   0x08001128   0x000000a8   Code   RO         1618    i.gpio_init         at32f415_gpio.o
    0x080011d0   0x080011d0   0x0000004c   Code   RO         1624    i.gpio_pin_remap_config  at32f415_gpio.o
    0x0800121c   0x0800121c   0x0000000a   Code   RO         1732    i.i2c_ack_enable    at32f415_i2c.o
    0x08001226   0x08001226   0x00000012   Code   RO         1734    i.i2c_clock_stretch_enable  at32f415_i2c.o
    0x08001238   0x08001238   0x0000000a   Code   RO         1737    i.i2c_dma_enable    at32f415_i2c.o
    0x08001242   0x08001242   0x0000000a   Code   RO         1739    i.i2c_enable        at32f415_i2c.o
    0x0800124c   0x0800124c   0x0000000a   Code   RO         1743    i.i2c_general_call_enable  at32f415_i2c.o
    0x08001256   0x08001256   0x00000002   PAD
    0x08001258   0x08001258   0x00000104   Code   RO         1744    i.i2c_init          at32f415_i2c.o
    0x0800135c   0x0800135c   0x00000012   Code   RO         1748    i.i2c_own_address1_set  at32f415_i2c.o
    0x0800136e   0x0800136e   0x00000002   PAD
    0x08001370   0x08001370   0x000001f8   Code   RO            5    i.main              main.o
    0x08001568   0x08001568   0x000000c8   Code   RO         1936    i.nvic_irq_enable   at32f415_misc.o
    0x08001630   0x08001630   0x00000028   Code   RO         1938    i.nvic_priority_group_config  at32f415_misc.o
    0x08001658   0x08001658   0x00000014   Code   RO         1999    i.pwc_battery_powered_domain_access  at32f415_pwc.o
    0x0800166c   0x0800166c   0x00000016   Code   RO         2091    i.spi_default_para_init  at32f415_spi.o
    0x08001682   0x08001682   0x0000000a   Code   RO         2092    i.spi_enable        at32f415_spi.o
    0x0800168c   0x0800168c   0x0000000a   Code   RO         2098    i.spi_i2s_dma_receiver_enable  at32f415_spi.o
    0x08001696   0x08001696   0x0000000a   Code   RO         2099    i.spi_i2s_dma_transmitter_enable  at32f415_spi.o
    0x080016a0   0x080016a0   0x00000124   Code   RO         2105    i.spi_init          at32f415_spi.o
    0x080017c4   0x080017c4   0x00000154   Code   RO         3164    i.system_core_clock_update  system_at32f415.o
    0x08001918   0x08001918   0x00000010   Code   RO         2246    i.tmr_base_init     at32f415_tmr.o
    0x08001928   0x08001928   0x0000000a   Code   RO         2255    i.tmr_clock_source_div_set  at32f415_tmr.o
    0x08001932   0x08001932   0x0000000a   Code   RO         2256    i.tmr_cnt_dir_set   at32f415_tmr.o
    0x0800193c   0x0800193c   0x0000000a   Code   RO         2257    i.tmr_counter_enable  at32f415_tmr.o
    0x08001946   0x08001946   0x00000046   Code   RO         2264    i.tmr_encoder_mode_config  at32f415_tmr.o
    0x0800198c   0x0800198c   0x00000130   Code   RO         2275    i.tmr_input_channel_init  at32f415_tmr.o
    0x08001abc   0x08001abc   0x0000000a   Code   RO         2292    i.tmr_period_buffer_enable  at32f415_tmr.o
    0x08001ac6   0x08001ac6   0x0000000a   Code   RO         2295    i.tmr_primary_mode_select  at32f415_tmr.o
    0x08001ad0   0x08001ad0   0x0000000a   Code   RO         2300    i.tmr_sub_sync_mode_set  at32f415_tmr.o
    0x08001ada   0x08001ada   0x00000002   PAD
    0x08001adc   0x08001adc   0x00000038   Code   RO          524    i.usart1dmarecv     value.o
    0x08001b14   0x08001b14   0x00000008   Code   RO         2610    i.usart_data_transmit  at32f415_usart.o
    0x08001b1c   0x08001b1c   0x0000000a   Code   RO         2611    i.usart_dma_receiver_enable  at32f415_usart.o
    0x08001b26   0x08001b26   0x0000000a   Code   RO         2612    i.usart_dma_transmitter_enable  at32f415_usart.o
    0x08001b30   0x08001b30   0x0000000a   Code   RO         2613    i.usart_enable      at32f415_usart.o
    0x08001b3a   0x08001b3a   0x00000010   Code   RO         2615    i.usart_flag_get    at32f415_usart.o
    0x08001b4a   0x08001b4a   0x00000066   Code   RO         2616    i.usart_hardware_flow_control_set  at32f415_usart.o
    0x08001bb0   0x08001bb0   0x0000006c   Code   RO         2617    i.usart_init        at32f415_usart.o
    0x08001c1c   0x08001c1c   0x00000036   Code   RO         2618    i.usart_interrupt_enable  at32f415_usart.o
    0x08001c52   0x08001c52   0x0000004c   Code   RO         2624    i.usart_parity_selection_config  at32f415_usart.o
    0x08001c9e   0x08001c9e   0x0000000a   Code   RO         2625    i.usart_receiver_enable  at32f415_usart.o
    0x08001ca8   0x08001ca8   0x0000000a   Code   RO         2632    i.usart_transmitter_enable  at32f415_usart.o
    0x08001cb2   0x08001cb2   0x00000002   PAD
    0x08001cb4   0x08001cb4   0x0000002c   Code   RO          134    i.wk_crc_init       at32f415_wk_config.o
    0x08001ce0   0x08001ce0   0x00000010   Code   RO          135    i.wk_debug_config   at32f415_wk_config.o
    0x08001cf0   0x08001cf0   0x00000050   Code   RO          136    i.wk_dma1_channel1_init  at32f415_wk_config.o
    0x08001d40   0x08001d40   0x00000050   Code   RO          137    i.wk_dma1_channel3_init  at32f415_wk_config.o
    0x08001d90   0x08001d90   0x00000050   Code   RO          138    i.wk_dma1_channel4_init  at32f415_wk_config.o
    0x08001de0   0x08001de0   0x00000050   Code   RO          139    i.wk_dma1_channel5_init  at32f415_wk_config.o
    0x08001e30   0x08001e30   0x00000050   Code   RO          140    i.wk_dma1_channel6_init  at32f415_wk_config.o
    0x08001e80   0x08001e80   0x00000050   Code   RO          141    i.wk_dma1_channel7_init  at32f415_wk_config.o
    0x08001ed0   0x08001ed0   0x00000050   Code   RO          142    i.wk_dma2_channel1_init  at32f415_wk_config.o
    0x08001f20   0x08001f20   0x00000050   Code   RO          143    i.wk_dma2_channel2_init  at32f415_wk_config.o
    0x08001f70   0x08001f70   0x00000050   Code   RO          144    i.wk_dma2_channel3_init  at32f415_wk_config.o
    0x08001fc0   0x08001fc0   0x00000050   Code   RO          145    i.wk_dma2_channel4_init  at32f415_wk_config.o
    0x08002010   0x08002010   0x00000050   Code   RO          146    i.wk_dma2_channel5_init  at32f415_wk_config.o
    0x08002060   0x08002060   0x00000008   Code   RO          147    i.wk_dma_channel_config  at32f415_wk_config.o
    0x08002068   0x08002068   0x00000044   Code   RO          148    i.wk_ertc_init      at32f415_wk_config.o
    0x080020ac   0x080020ac   0x00000054   Code   RO          149    i.wk_exint_config   at32f415_wk_config.o
    0x08002100   0x08002100   0x0000008c   Code   RO          150    i.wk_gpio_config    at32f415_wk_config.o
    0x0800218c   0x0800218c   0x00000098   Code   RO          151    i.wk_i2c1_init      at32f415_wk_config.o
    0x08002224   0x08002224   0x0000009c   Code   RO          152    i.wk_i2c2_init      at32f415_wk_config.o
    0x080022c0   0x080022c0   0x000000dc   Code   RO          153    i.wk_nvic_config    at32f415_wk_config.o
    0x0800239c   0x0800239c   0x000000b4   Code   RO          154    i.wk_periph_clock_config  at32f415_wk_config.o
    0x08002450   0x08002450   0x000000cc   Code   RO          155    i.wk_spi1_init      at32f415_wk_config.o
    0x0800251c   0x0800251c   0x000000d0   Code   RO          156    i.wk_spi2_init      at32f415_wk_config.o
    0x080025ec   0x080025ec   0x0000008c   Code   RO          157    i.wk_system_clock_config  at32f415_wk_config.o
    0x08002678   0x08002678   0x000000ec   Code   RO          158    i.wk_tmr3_init      at32f415_wk_config.o
    0x08002764   0x08002764   0x000000b8   Code   RO          159    i.wk_usart1_init    at32f415_wk_config.o
    0x0800281c   0x0800281c   0x000000bc   Code   RO          160    i.wk_usart2_init    at32f415_wk_config.o
    0x080028d8   0x080028d8   0x000000c0   Code   RO          161    i.wk_usart3_init    at32f415_wk_config.o
    0x08002998   0x08002998   0x00000010   Code   RO          162    i.wk_usb_otgfs1_init  at32f415_wk_config.o
    0x080029a8   0x080029a8   0x00000028   Data   RO          745    .constdata          at32f415_crm.o
    0x080029d0   0x080029d0   0x00000010   Data   RO         3165    .constdata          system_at32f415.o
    0x080029e0   0x080029e0   0x00000020   Data   RO         3514    Region$$Table       anon$$obj.o


    Execution Region RW_IRAM1 (Exec base: 0x20000000, Load base: 0x08002a00, Size: 0x00001820, Max: 0x00008000, ABSOLUTE)

    Exec Addr    Load Addr    Size         Type   Attr      Idx    E Section Name        Object

    0x20000000   0x08002a00   0x00000008   Data   RW          570    .data               delay.o
    0x20000008   0x08002a08   0x00000004   Data   RW         3166    .data               system_at32f415.o
    0x2000000c   0x08002a0c   0x00000004   Data   RW         3490    .data               mc_w.l(stdout.o)
    0x20000010        -       0x0000140e   Zero   RW          527    .bss                value.o
    0x2000141e   0x08002a10   0x00000002   PAD
    0x20001420        -       0x00000400   Zero   RW         3197    STACK               startup_at32f415.o


==============================================================================

Image component sizes


      Code (inc. data)   RO Data    RW Data    ZI Data      Debug   Object Name

       104         34          0          0          0       3069   at32f415_crc.o
      1344        186         40          0          0      10994   at32f415_crm.o
       430         20          0          0          0       4389   at32f415_dma.o
       672         56          0          0          0       6852   at32f415_ertc.o
       166          4          0          0          0       1511   at32f415_exint.o
       434         12          0          0          0       3792   at32f415_gpio.o
       336         18          0          0          0       4602   at32f415_i2c.o
       230         32          0          0          0      12829   at32f415_int.o
       240         18          0          0          0      32014   at32f415_misc.o
        20          6          0          0          0        548   at32f415_pwc.o
       344          0          0          0          0       3263   at32f415_spi.o
       450          0          0          0          0       5798   at32f415_tmr.o
       414          6          0          0          0       7104   at32f415_usart.o
      3316        204          0          0          0      16888   at32f415_wk_config.o
       116          6          0          8          0       1031   delay.o
       540         80          0          0          0      77339   main.o
        36          8        368          0       1024        772   startup_at32f415.o
       496         42         16          4          0       2272   system_at32f415.o
        56         10          0          0       5134       1728   value.o

    ----------------------------------------------------------------------
      9764        742        456         12       6160     196795   Object Totals
         0          0         32          0          0          0   (incl. Generated)
        20          0          0          0          2          0   (incl. Padding)

    ----------------------------------------------------------------------

      Code (inc. data)   RO Data    RW Data    ZI Data      Debug   Library Member Name

         0          0          0          0          0          0   entry.o
         0          0          0          0          0          0   entry10a.o
         0          0          0          0          0          0   entry11a.o
         4          0          0          0          0          0   entry12b.o
         8          4          0          0          0          0   entry2.o
         4          0          0          0          0          0   entry5.o
         0          0          0          0          0          0   entry7b.o
         0          0          0          0          0          0   entry8b.o
         8          4          0          0          0          0   entry9a.o
        30          0          0          0          0          0   handlers.o
        36          8          0          0          0         68   init.o
        30          0          0          0          0         68   llshl.o
        32          0          0          0          0         68   llushr.o
        36          0          0          0          0         68   memcpya.o
       246         10          0          0          0        176   printf2.o
         0          0          0          4          0          0   stdout.o
        98          0          0          0          0         92   uldiv.o

    ----------------------------------------------------------------------
       532         26          0          4          0        540   Library Totals
         0          0          0          0          0          0   (incl. Padding)

    ----------------------------------------------------------------------

      Code (inc. data)   RO Data    RW Data    ZI Data      Debug   Library Name

       532         26          0          4          0        540   mc_w.l

    ----------------------------------------------------------------------
       532         26          0          4          0        540   Library Totals

    ----------------------------------------------------------------------

==============================================================================


      Code (inc. data)   RO Data    RW Data    ZI Data      Debug   

     10296        768        456         16       6160     189791   Grand Totals
     10296        768        456         16       6160     189791   ELF Image Totals
     10296        768        456         16          0          0   ROM Totals

==============================================================================

    Total RO  Size (Code + RO Data)                10752 (  10.50kB)
    Total RW  Size (RW Data + ZI Data)              6176 (   6.03kB)
    Total ROM Size (Code + RO Data + RW Data)      10768 (  10.52kB)

==============================================================================

