Component: ARM Compiler 5.06 update 7 (build 960) Tool: armlink [4d3601]

==============================================================================

Section Cross References

    main.o(i.fputc) refers to at32f415_usart.o(i.usart_flag_get) for usart_flag_get
    main.o(i.fputc) refers to at32f415_usart.o(i.usart_data_transmit) for usart_data_transmit
    main.o(i.main) refers to at32f415_wk_config.o(i.wk_system_clock_config) for wk_system_clock_config
    main.o(i.main) refers to at32f415_wk_config.o(i.wk_periph_clock_config) for wk_periph_clock_config
    main.o(i.main) refers to at32f415_wk_config.o(i.wk_debug_config) for wk_debug_config
    main.o(i.main) refers to at32f415_wk_config.o(i.wk_nvic_config) for wk_nvic_config
    main.o(i.main) refers to at32f415_wk_config.o(i.wk_dma1_channel1_init) for wk_dma1_channel1_init
    main.o(i.main) refers to at32f415_wk_config.o(i.wk_dma_channel_config) for wk_dma_channel_config
    main.o(i.main) refers to at32f415_dma.o(i.dma_channel_enable) for dma_channel_enable
    main.o(i.main) refers to at32f415_wk_config.o(i.wk_dma1_channel3_init) for wk_dma1_channel3_init
    main.o(i.main) refers to at32f415_wk_config.o(i.wk_dma1_channel4_init) for wk_dma1_channel4_init
    main.o(i.main) refers to at32f415_wk_config.o(i.wk_dma1_channel5_init) for wk_dma1_channel5_init
    main.o(i.main) refers to at32f415_wk_config.o(i.wk_dma1_channel6_init) for wk_dma1_channel6_init
    main.o(i.main) refers to at32f415_wk_config.o(i.wk_dma1_channel7_init) for wk_dma1_channel7_init
    main.o(i.main) refers to at32f415_wk_config.o(i.wk_dma2_channel1_init) for wk_dma2_channel1_init
    main.o(i.main) refers to at32f415_wk_config.o(i.wk_dma2_channel2_init) for wk_dma2_channel2_init
    main.o(i.main) refers to at32f415_wk_config.o(i.wk_dma2_channel3_init) for wk_dma2_channel3_init
    main.o(i.main) refers to at32f415_wk_config.o(i.wk_dma2_channel4_init) for wk_dma2_channel4_init
    main.o(i.main) refers to at32f415_wk_config.o(i.wk_dma2_channel5_init) for wk_dma2_channel5_init
    main.o(i.main) refers to at32f415_wk_config.o(i.wk_usart1_init) for wk_usart1_init
    main.o(i.main) refers to at32f415_wk_config.o(i.wk_usart2_init) for wk_usart2_init
    main.o(i.main) refers to at32f415_wk_config.o(i.wk_usart3_init) for wk_usart3_init
    main.o(i.main) refers to at32f415_wk_config.o(i.wk_spi1_init) for wk_spi1_init
    main.o(i.main) refers to at32f415_wk_config.o(i.wk_spi2_init) for wk_spi2_init
    main.o(i.main) refers to at32f415_wk_config.o(i.wk_i2c1_init) for wk_i2c1_init
    main.o(i.main) refers to at32f415_wk_config.o(i.wk_i2c2_init) for wk_i2c2_init
    main.o(i.main) refers to at32f415_wk_config.o(i.wk_ertc_init) for wk_ertc_init
    main.o(i.main) refers to at32f415_wk_config.o(i.wk_exint_config) for wk_exint_config
    main.o(i.main) refers to at32f415_wk_config.o(i.wk_tmr3_init) for wk_tmr3_init
    main.o(i.main) refers to at32f415_wk_config.o(i.wk_usb_otgfs1_init) for wk_usb_otgfs1_init
    main.o(i.main) refers to at32f415_wk_config.o(i.wk_crc_init) for wk_crc_init
    main.o(i.main) refers to at32f415_wk_config.o(i.wk_gpio_config) for wk_gpio_config
    main.o(i.main) refers to delay.o(i.delay_ms) for delay_ms
    main.o(i.main) refers to printfb.o(i.__0printf$bare) for __2printf
    main.o(i.main) refers to value.o(i.usartd1masend) for usartd1masend
    main.o(i.main) refers to value.o(.bss) for UART_1
    at32f415_wk_config.o(i.wk_crc_init) refers to at32f415_crc.o(i.crc_init_data_set) for crc_init_data_set
    at32f415_wk_config.o(i.wk_crc_init) refers to at32f415_crc.o(i.crc_poly_size_set) for crc_poly_size_set
    at32f415_wk_config.o(i.wk_crc_init) refers to at32f415_crc.o(i.crc_poly_value_set) for crc_poly_value_set
    at32f415_wk_config.o(i.wk_crc_init) refers to at32f415_crc.o(i.crc_reverse_input_data_set) for crc_reverse_input_data_set
    at32f415_wk_config.o(i.wk_crc_init) refers to at32f415_crc.o(i.crc_reverse_output_data_set) for crc_reverse_output_data_set
    at32f415_wk_config.o(i.wk_crc_init) refers to at32f415_crc.o(i.crc_data_reset) for crc_data_reset
    at32f415_wk_config.o(i.wk_debug_config) refers to at32f415_gpio.o(i.gpio_pin_remap_config) for gpio_pin_remap_config
    at32f415_wk_config.o(i.wk_dma1_channel1_init) refers to at32f415_dma.o(i.dma_reset) for dma_reset
    at32f415_wk_config.o(i.wk_dma1_channel1_init) refers to at32f415_dma.o(i.dma_default_para_init) for dma_default_para_init
    at32f415_wk_config.o(i.wk_dma1_channel1_init) refers to at32f415_dma.o(i.dma_init) for dma_init
    at32f415_wk_config.o(i.wk_dma1_channel1_init) refers to at32f415_dma.o(i.dma_flexible_config) for dma_flexible_config
    at32f415_wk_config.o(i.wk_dma1_channel3_init) refers to at32f415_dma.o(i.dma_reset) for dma_reset
    at32f415_wk_config.o(i.wk_dma1_channel3_init) refers to at32f415_dma.o(i.dma_default_para_init) for dma_default_para_init
    at32f415_wk_config.o(i.wk_dma1_channel3_init) refers to at32f415_dma.o(i.dma_init) for dma_init
[...]
    Removing at32f415_gpio.o(i.gpio_input_data_bit_read), (18 bytes).
    Removing at32f415_gpio.o(i.gpio_input_data_read), (8 bytes).
    Removing at32f415_gpio.o(i.gpio_iomux_reset), (24 bytes).
    Removing at32f415_gpio.o(i.gpio_output_data_bit_read), (18 bytes).
    Removing at32f415_gpio.o(i.gpio_output_data_read), (8 bytes).
    Removing at32f415_gpio.o(i.gpio_pin_wp_config), (18 bytes).
    Removing at32f415_gpio.o(i.gpio_port_write), (4 bytes).
    Removing at32f415_gpio.o(i.gpio_reset), (164 bytes).
    Removing at32f415_i2c.o(.rev16_text), (4 bytes).
    Removing at32f415_i2c.o(.revsh_text), (4 bytes).
    Removing at32f415_i2c.o(.rrx_text), (6 bytes).
    Removing at32f415_i2c.o(i.i2c_7bit_address_send), (18 bytes).
    Removing at32f415_i2c.o(i.i2c_arp_mode_enable), (10 bytes).
    Removing at32f415_i2c.o(i.i2c_data_receive), (8 bytes).
    Removing at32f415_i2c.o(i.i2c_data_send), (4 bytes).
    Removing at32f415_i2c.o(i.i2c_dma_end_transfer_set), (10 bytes).
    Removing at32f415_i2c.o(i.i2c_fast_mode_duty_set), (10 bytes).
    Removing at32f415_i2c.o(i.i2c_flag_clear), (40 bytes).
    Removing at32f415_i2c.o(i.i2c_flag_get), (48 bytes).
    Removing at32f415_i2c.o(i.i2c_interrupt_enable), (24 bytes).
    Removing at32f415_i2c.o(i.i2c_interrupt_flag_get), (210 bytes).
    Removing at32f415_i2c.o(i.i2c_master_receive_ack_set), (10 bytes).
    Removing at32f415_i2c.o(i.i2c_own_address2_enable), (10 bytes).
    Removing at32f415_i2c.o(i.i2c_own_address2_set), (12 bytes).
    Removing at32f415_i2c.o(i.i2c_pec_calculate_enable), (10 bytes).
    Removing at32f415_i2c.o(i.i2c_pec_position_set), (10 bytes).
    Removing at32f415_i2c.o(i.i2c_pec_transmit_enable), (10 bytes).
    Removing at32f415_i2c.o(i.i2c_pec_value_get), (10 bytes).
    Removing at32f415_i2c.o(i.i2c_reset), (60 bytes).
    Removing at32f415_i2c.o(i.i2c_smbus_alert_set), (10 bytes).
    Removing at32f415_i2c.o(i.i2c_smbus_enable), (10 bytes).
    Removing at32f415_i2c.o(i.i2c_smbus_mode_set), (10 bytes).
    Removing at32f415_i2c.o(i.i2c_software_reset), (10 bytes).
    Removing at32f415_i2c.o(i.i2c_start_generate), (14 bytes).
    Removing at32f415_i2c.o(i.i2c_stop_generate), (14 bytes).
    Removing at32f415_misc.o(.rev16_text), (4 bytes).
    Removing at32f415_misc.o(.revsh_text), (4 bytes).
    Removing at32f415_misc.o(.rrx_text), (6 bytes).
    Removing at32f415_misc.o(i.nvic_irq_disable), (44 bytes).
    Removing at32f415_misc.o(i.nvic_lowpower_mode_config), (32 bytes).
    Removing at32f415_misc.o(i.nvic_system_reset), (44 bytes).
    Removing at32f415_misc.o(i.nvic_vector_table_set), (20 bytes).
    Removing at32f415_misc.o(i.systick_clock_source_config), (40 bytes).
    Removing at32f415_pwc.o(.rev16_text), (4 bytes).
    Removing at32f415_pwc.o(.revsh_text), (4 bytes).
    Removing at32f415_pwc.o(.rrx_text), (6 bytes).
    Removing at32f415_pwc.o(i.pwc_deep_sleep_mode_enter), (48 bytes).
    Removing at32f415_pwc.o(i.pwc_flag_clear), (48 bytes).
    Removing at32f415_pwc.o(i.pwc_flag_get), (24 bytes).
    Removing at32f415_pwc.o(i.pwc_power_voltage_monitor_enable), (20 bytes).
    Removing at32f415_pwc.o(i.pwc_pvm_level_select), (20 bytes).
    Removing at32f415_pwc.o(i.pwc_reset), (24 bytes).
    Removing at32f415_pwc.o(i.pwc_sleep_mode_enter), (36 bytes).
    Removing at32f415_pwc.o(i.pwc_standby_mode_enter), (56 bytes).
    Removing at32f415_pwc.o(i.pwc_voltage_regulate_set), (20 bytes).
    Removing at32f415_pwc.o(i.pwc_wakeup_pin_enable), (32 bytes).
    Removing at32f415_spi.o(.rev16_text), (4 bytes).
    Removing at32f415_spi.o(.revsh_text), (4 bytes).
    Removing at32f415_spi.o(.rrx_text), (6 bytes).
    Removing at32f415_spi.o(i.i2s_default_para_init), (22 bytes).
    Removing at32f415_spi.o(i.i2s_enable), (10 bytes).
    Removing at32f415_spi.o(i.i2s_init), (554 bytes).
    Removing at32f415_spi.o(i.spi_crc_enable), (10 bytes).
    Removing at32f415_spi.o(i.spi_crc_next_transmit), (14 bytes).
    Removing at32f415_spi.o(i.spi_crc_polynomial_get), (8 bytes).
    Removing at32f415_spi.o(i.spi_crc_polynomial_set), (10 bytes).
    Removing at32f415_spi.o(i.spi_crc_value_get), (18 bytes).
    Removing at32f415_spi.o(i.spi_frame_bit_num_set), (10 bytes).
    Removing at32f415_spi.o(i.spi_half_duplex_direction_set), (10 bytes).
    Removing at32f415_spi.o(i.spi_hardware_cs_output_enable), (10 bytes).
    Removing at32f415_spi.o(i.spi_i2s_data_receive), (8 bytes).
    Removing at32f415_spi.o(i.spi_i2s_data_transmit), (4 bytes).
    Removing at32f415_spi.o(i.spi_i2s_flag_clear), (48 bytes).
    Removing at32f415_spi.o(i.spi_i2s_flag_get), (16 bytes).
    Removing at32f415_spi.o(i.spi_i2s_interrupt_enable), (18 bytes).
    Removing at32f415_spi.o(i.spi_i2s_interrupt_flag_get), (160 bytes).
    Removing at32f415_spi.o(i.spi_i2s_reset), (64 bytes).
    Removing at32f415_spi.o(i.spi_software_cs_internal_level_set), (10 bytes).
    Removing at32f415_tmr.o(.rev16_text), (4 bytes).
    Removing at32f415_tmr.o(.revsh_text), (4 bytes).
    Removing at32f415_tmr.o(.rrx_text), (6 bytes).
    Removing at32f415_tmr.o(i.tmr_32_bit_function_enable), (28 bytes).
    Removing at32f415_tmr.o(i.tmr_brkdt_config), (72 bytes).
    Removing at32f415_tmr.o(i.tmr_brkdt_default_para_init), (18 bytes).
    Removing at32f415_tmr.o(i.tmr_channel1_input_select), (10 bytes).
    Removing at32f415_tmr.o(i.tmr_channel_buffer_enable), (10 bytes).
    Removing at32f415_tmr.o(i.tmr_channel_dma_select), (10 bytes).
    Removing at32f415_tmr.o(i.tmr_channel_enable), (96 bytes).
    Removing at32f415_tmr.o(i.tmr_channel_value_get), (46 bytes).
    Removing at32f415_tmr.o(i.tmr_channel_value_set), (40 bytes).
    Removing at32f415_tmr.o(i.tmr_counter_value_get), (6 bytes).
    Removing at32f415_tmr.o(i.tmr_counter_value_set), (4 bytes).
    Removing at32f415_tmr.o(i.tmr_div_value_get), (6 bytes).
    Removing at32f415_tmr.o(i.tmr_div_value_set), (4 bytes).
    Removing at32f415_tmr.o(i.tmr_dma_control_config), (18 bytes).
    Removing at32f415_tmr.o(i.tmr_dma_request_enable), (22 bytes).
    Removing at32f415_tmr.o(i.tmr_event_sw_trigger), (8 bytes).
    Removing at32f415_tmr.o(i.tmr_external_clock_config), (28 bytes).
    Removing at32f415_tmr.o(i.tmr_external_clock_mode1_config), (44 bytes).
    Removing at32f415_tmr.o(i.tmr_external_clock_mode2_config), (36 bytes).
    Removing at32f415_tmr.o(i.tmr_flag_clear), (6 bytes).
    Removing at32f415_tmr.o(i.tmr_flag_get), (18 bytes).
    Removing at32f415_tmr.o(i.tmr_force_output_set), (66 bytes).
    Removing at32f415_tmr.o(i.tmr_hall_select), (10 bytes).
    Removing at32f415_tmr.o(i.tmr_input_channel_divider_set), (66 bytes).
    Removing at32f415_tmr.o(i.tmr_input_channel_filter_set), (66 bytes).
    Removing at32f415_tmr.o(i.tmr_input_default_para_init), (16 bytes).
    Removing at32f415_tmr.o(i.tmr_internal_clock_set), (10 bytes).
    Removing at32f415_tmr.o(i.tmr_interrupt_enable), (22 bytes).
    Removing at32f415_tmr.o(i.tmr_interrupt_flag_get), (24 bytes).
    Removing at32f415_tmr.o(i.tmr_one_cycle_mode_enable), (10 bytes).
    Removing at32f415_tmr.o(i.tmr_output_channel_buffer_enable), (66 bytes).
    Removing at32f415_tmr.o(i.tmr_output_channel_config), (416 bytes).
    Removing at32f415_tmr.o(i.tmr_output_channel_immediately_set), (66 bytes).
    Removing at32f415_tmr.o(i.tmr_output_channel_mode_select), (66 bytes).
    Removing at32f415_tmr.o(i.tmr_output_channel_polarity_set), (96 bytes).
    Removing at32f415_tmr.o(i.tmr_output_channel_switch_select), (10 bytes).
    Removing at32f415_tmr.o(i.tmr_output_channel_switch_set), (66 bytes).
    Removing at32f415_tmr.o(i.tmr_output_default_para_init), (18 bytes).
    Removing at32f415_tmr.o(i.tmr_output_enable), (10 bytes).
    Removing at32f415_tmr.o(i.tmr_overflow_event_disable), (10 bytes).
    Removing at32f415_tmr.o(i.tmr_overflow_request_source_set), (10 bytes).
    Removing at32f415_tmr.o(i.tmr_period_value_get), (6 bytes).
    Removing at32f415_tmr.o(i.tmr_period_value_set), (4 bytes).
    Removing at32f415_tmr.o(i.tmr_pwm_input_config), (350 bytes).
    Removing at32f415_tmr.o(i.tmr_repetition_counter_set), (10 bytes).
    Removing at32f415_tmr.o(i.tmr_reset), (244 bytes).
    Removing at32f415_tmr.o(i.tmr_sub_mode_select), (10 bytes).
    Removing at32f415_tmr.o(i.tmr_trigger_input_select), (10 bytes).
    Removing at32f415_usart.o(.rev16_text), (4 bytes).
    Removing at32f415_usart.o(.revsh_text), (4 bytes).
    Removing at32f415_usart.o(.rrx_text), (6 bytes).
    Removing at32f415_usart.o(i.usart_break_bit_num_set), (10 bytes).
    Removing at32f415_usart.o(i.usart_break_send), (12 bytes).
    Removing at32f415_usart.o(i.usart_clock_config), (28 bytes).
    Removing at32f415_usart.o(i.usart_clock_enable), (10 bytes).
    Removing at32f415_usart.o(i.usart_data_receive), (8 bytes).
    Removing at32f415_usart.o(i.usart_flag_clear), (18 bytes).
    Removing at32f415_usart.o(i.usart_interrupt_flag_get), (176 bytes).
    Removing at32f415_usart.o(i.usart_irda_low_power_enable), (10 bytes).
    Removing at32f415_usart.o(i.usart_irda_mode_enable), (10 bytes).
    Removing at32f415_usart.o(i.usart_irda_smartcard_division_set), (10 bytes).
    Removing at32f415_usart.o(i.usart_lin_mode_enable), (10 bytes).
    Removing at32f415_usart.o(i.usart_receiver_mute_enable), (10 bytes).
    Removing at32f415_usart.o(i.usart_reset), (92 bytes).
    Removing at32f415_usart.o(i.usart_single_line_halfduplex_select), (10 bytes).
    Removing at32f415_usart.o(i.usart_smartcard_guard_time_set), (10 bytes).
    Removing at32f415_usart.o(i.usart_smartcard_mode_enable), (10 bytes).
    Removing at32f415_usart.o(i.usart_smartcard_nack_set), (10 bytes).
    Removing at32f415_usart.o(i.usart_wakeup_id_set), (10 bytes).
    Removing at32f415_usart.o(i.usart_wakeup_mode_set), (10 bytes).
    Removing at32f415_usb.o(.rev16_text), (4 bytes).
    Removing at32f415_usb.o(.revsh_text), (4 bytes).
    Removing at32f415_usb.o(.rrx_text), (6 bytes).
    Removing at32f415_usb.o(i.usb_connect), (18 bytes).
    Removing at32f415_usb.o(i.usb_disconnect), (20 bytes).
    Removing at32f415_usb.o(i.usb_ept0_setup), (34 bytes).
    Removing at32f415_usb.o(i.usb_ept0_start), (44 bytes).
    Removing at32f415_usb.o(i.usb_ept_clear_stall), (146 bytes).
    Removing at32f415_usb.o(i.usb_ept_close), (100 bytes).
    Removing at32f415_usb.o(i.usb_ept_in_clear), (12 bytes).
    Removing at32f415_usb.o(i.usb_ept_in_interrupt), (44 bytes).
    Removing at32f415_usb.o(i.usb_ept_open), (416 bytes).
    Removing at32f415_usb.o(i.usb_ept_out_clear), (12 bytes).
    Removing at32f415_usb.o(i.usb_ept_out_interrupt), (22 bytes).
    Removing at32f415_usb.o(i.usb_ept_stall), (146 bytes).
    Removing at32f415_usb.o(i.usb_flush_rx_fifo), (44 bytes).
    Removing at32f415_usb.o(i.usb_flush_tx_fifo), (56 bytes).
    Removing at32f415_usb.o(i.usb_get_all_in_interrupt), (18 bytes).
    Removing at32f415_usb.o(i.usb_get_all_out_interrupt), (18 bytes).
    Removing at32f415_usb.o(i.usb_global_clear_interrupt), (4 bytes).
    Removing at32f415_usb.o(i.usb_global_get_all_interrupt), (10 bytes).
    Removing at32f415_usb.o(i.usb_global_init), (48 bytes).
    Removing at32f415_usb.o(i.usb_global_interrupt_enable), (20 bytes).
    Removing at32f415_usb.o(i.usb_global_power_on), (36 bytes).
    Removing at32f415_usb.o(i.usb_global_reset), (76 bytes).
    Removing at32f415_usb.o(i.usb_global_select_core), (8 bytes).
    Removing at32f415_usb.o(i.usb_global_set_mode), (68 bytes).
    Removing at32f415_usb.o(i.usb_hc_enable), (276 bytes).
    Removing at32f415_usb.o(i.usb_hch_halt), (196 bytes).
    Removing at32f415_usb.o(i.usb_hch_read_interrupt), (12 bytes).
    Removing at32f415_usb.o(i.usb_host_disable), (180 bytes).
    Removing at32f415_usb.o(i.usb_interrupt_disable), (10 bytes).
    Removing at32f415_usb.o(i.usb_interrupt_enable), (12 bytes).
    Removing at32f415_usb.o(i.usb_open_phy_clk), (14 bytes).
    Removing at32f415_usb.o(i.usb_port_power_on), (36 bytes).
    Removing at32f415_usb.o(i.usb_read_packet), (42 bytes).
    Removing at32f415_usb.o(i.usb_remote_wkup_clear), (18 bytes).
    Removing at32f415_usb.o(i.usb_remote_wkup_set), (20 bytes).
    Removing at32f415_usb.o(i.usb_set_address), (14 bytes).
    Removing at32f415_usb.o(i.usb_set_rx_fifo), (4 bytes).
    Removing at32f415_usb.o(i.usb_set_tx_fifo), (66 bytes).
    Removing at32f415_usb.o(i.usb_stop_phy_clk), (16 bytes).
    Removing at32f415_usb.o(i.usb_suspend_status_get), (14 bytes).
    Removing at32f415_usb.o(i.usb_write_packet), (48 bytes).
    Removing at32f415_usb.o(i.usbh_fsls_clksel), (34 bytes).
    Removing at32f415_usb.o(i.usbh_get_frame), (12 bytes).
    Removing at32f415_dma.o(.rev16_text), (4 bytes).
    Removing at32f415_dma.o(.revsh_text), (4 bytes).
    Removing at32f415_dma.o(.rrx_text), (6 bytes).
    Removing at32f415_dma.o(i.dma_data_number_set), (4 bytes).
    Removing at32f415_dma.o(i.dma_interrupt_enable), (18 bytes).
    Removing at32f415_dma.o(i.dma_interrupt_flag_get), (44 bytes).
    Removing system_at32f415.o(.rev16_text), (4 bytes).
    Removing system_at32f415.o(.revsh_text), (4 bytes).
    Removing system_at32f415.o(.rrx_text), (6 bytes).
    Removing startup_at32f415.o(HEAP), (512 bytes).
    Removing dadd.o(.text), (334 bytes).
    Removing dmul.o(.text), (228 bytes).
    Removing ddiv.o(.text), (222 bytes).
    Removing dfixul.o(.text), (48 bytes).
    Removing cdrcmple.o(.text), (48 bytes).
    Removing depilogue.o(.text), (186 bytes).

369 unused section(s) (total 15438 bytes) removed from the image.

==============================================================================

Image Symbol Table

    Local Symbols

    Symbol Name                              Value     Ov Type        Size  Object(Section)

    ../clib/microlib/division.c              0x00000000   Number         0  uldiv.o ABSOLUTE
    ../clib/microlib/division.c              0x00000000   Number         0  uidiv.o ABSOLUTE
    ../clib/microlib/init/entry.s            0x00000000   Number         0  entry.o ABSOLUTE
    ../clib/microlib/init/entry.s            0x00000000   Number         0  entry8a.o ABSOLUTE
    ../clib/microlib/init/entry.s            0x00000000   Number         0  entry11b.o ABSOLUTE
    ../clib/microlib/init/entry.s            0x00000000   Number         0  entry11a.o ABSOLUTE
    ../clib/microlib/init/entry.s            0x00000000   Number         0  entry5.o ABSOLUTE
    ../clib/microlib/init/entry.s            0x00000000   Number         0  entry7b.o ABSOLUTE
    ../clib/microlib/init/entry.s            0x00000000   Number         0  entry8b.o ABSOLUTE
    ../clib/microlib/init/entry.s            0x00000000   Number         0  entry9a.o ABSOLUTE
    ../clib/microlib/init/entry.s            0x00000000   Number         0  entry10a.o ABSOLUTE
    ../clib/microlib/init/entry.s            0x00000000   Number         0  entry2.o ABSOLUTE
    ../clib/microlib/init/entry.s            0x00000000   Number         0  entry10b.o ABSOLUTE
    ../clib/microlib/init/entry.s            0x00000000   Number         0  entry7a.o ABSOLUTE
    ../clib/microlib/init/entry.s            0x00000000   Number         0  entry9b.o ABSOLUTE
    ../clib/microlib/init/entry.s            0x00000000   Number         0  entry12a.o ABSOLUTE
    ../clib/microlib/init/entry.s            0x00000000   Number         0  entry12b.o ABSOLUTE
    ../clib/microlib/longlong.c              0x00000000   Number         0  llsshr.o ABSOLUTE
    ../clib/microlib/longlong.c              0x00000000   Number         0  llushr.o ABSOLUTE
    ../clib/microlib/longlong.c              0x00000000   Number         0  llshl.o ABSOLUTE
    ../clib/microlib/printf/printf.c         0x00000000   Number         0  printf6.o ABSOLUTE
    ../clib/microlib/printf/printf.c         0x00000000   Number         0  printf7.o ABSOLUTE
    ../clib/microlib/printf/printf.c         0x00000000   Number         0  printf5.o ABSOLUTE
    ../clib/microlib/printf/printf.c         0x00000000   Number         0  printfa.o ABSOLUTE
    ../clib/microlib/printf/printf.c         0x00000000   Number         0  printf0.o ABSOLUTE
    ../clib/microlib/printf/printf.c         0x00000000   Number         0  printf1.o ABSOLUTE
    ../clib/microlib/printf/printf.c         0x00000000   Number         0  printfb.o ABSOLUTE
    ../clib/microlib/printf/printf.c         0x00000000   Number         0  printf3.o ABSOLUTE
    ../clib/microlib/printf/printf.c         0x00000000   Number         0  printf2.o ABSOLUTE
    ../clib/microlib/printf/printf.c         0x00000000   Number         0  printf8.o ABSOLUTE
    ../clib/microlib/printf/printf.c         0x00000000   Number         0  printf4.o ABSOLUTE
    ../clib/microlib/stdio/streams.c         0x00000000   Number         0  stdout.o ABSOLUTE
    ../clib/microlib/string/memcpy.c         0x00000000   Number         0  memcpyb.o ABSOLUTE
    ../clib/microlib/string/memcpy.c         0x00000000   Number         0  memcpya.o ABSOLUTE
    ../clib/microlib/stubs.s                 0x00000000   Number         0  iusefp.o ABSOLUTE
    ../fplib/microlib/fpadd.c                0x00000000   Number         0  dadd.o ABSOLUTE
    ../fplib/microlib/fpdiv.c                0x00000000   Number         0  ddiv.o ABSOLUTE
    ../fplib/microlib/fpepilogue.c           0x00000000   Number         0  depilogue.o ABSOLUTE
    ../fplib/microlib/fpfix.c                0x00000000   Number         0  dfixul.o ABSOLUTE
    ../fplib/microlib/fpmul.c                0x00000000   Number         0  dmul.o ABSOLUTE
    ..\..\libraries\cmsis\cm4\device_support\system_at32f415.c 0x00000000   Number         0  system_at32f415.o ABSOLUTE
    ..\..\libraries\drivers\src\at32f415_crc.c 0x00000000   Number         0  at32f415_crc.o ABSOLUTE
    ..\..\libraries\drivers\src\at32f415_crm.c 0x00000000   Number         0  at32f415_crm.o ABSOLUTE
    ..\..\libraries\drivers\src\at32f415_debug.c 0x00000000   Number         0  at32f415_debug.o ABSOLUTE
    ..\..\libraries\drivers\src\at32f415_dma.c 0x00000000   Number         0  at32f415_dma.o ABSOLUTE
    ..\..\libraries\drivers\src\at32f415_ertc.c 0x00000000   Number         0  at32f415_ertc.o ABSOLUTE
    ..\..\libraries\drivers\src\at32f415_exint.c 0x00000000   Number         0  at32f415_exint.o ABSOLUTE
    ..\..\libraries\drivers\src\at32f415_flash.c 0x00000000   Number         0  at32f415_flash.o ABSOLUTE
    ..\..\libraries\drivers\src\at32f415_gpio.c 0x00000000   Number         0  at32f415_gpio.o ABSOLUTE
    ..\..\libraries\drivers\src\at32f415_i2c.c 0x00000000   Number         0  at32f415_i2c.o ABSOLUTE
    ..\..\libraries\drivers\src\at32f415_misc.c 0x00000000   Number         0  at32f415_misc.o ABSOLUTE
    ..\..\libraries\drivers\src\at32f415_pwc.c 0x00000000   Number         0  at32f415_pwc.o ABSOLUTE
    ..\..\libraries\drivers\src\at32f415_spi.c 0x00000000   Number         0  at32f415_spi.o ABSOLUTE
    ..\..\libraries\drivers\src\at32f415_tmr.c 0x00000000   Number         0  at32f415_tmr.o ABSOLUTE
    ..\..\libraries\drivers\src\at32f415_usart.c 0x00000000   Number         0  at32f415_usart.o ABSOLUTE
    ..\..\libraries\drivers\src\at32f415_usb.c 0x00000000   Number         0  at32f415_usb.o ABSOLUTE
    ..\\..\\libraries\\cmsis\\cm4\\device_support\\system_at32f415.c 0x00000000   Number         0  system_at32f415.o ABSOLUTE
    ..\\..\\libraries\\drivers\\src\\at32f415_crc.c 0x00000000   Number         0  at32f415_crc.o ABSOLUTE
    ..\\..\\libraries\\drivers\\src\\at32f415_crm.c 0x00000000   Number         0  at32f415_crm.o ABSOLUTE
    ..\\..\\libraries\\drivers\\src\\at32f415_debug.c 0x00000000   Number         0  at32f415_debug.o ABSOLUTE
    ..\\..\\libraries\\drivers\\src\\at32f415_dma.c 0x00000000   Number         0  at32f415_dma.o ABSOLUTE
    ..\\..\\libraries\\drivers\\src\\at32f415_ertc.c 0x00000000   Number         0  at32f415_ertc.o ABSOLUTE
    ..\\..\\libraries\\drivers\\src\\at32f415_exint.c 0x00000000   Number         0  at32f415_exint.o ABSOLUTE
    ..\\..\\libraries\\drivers\\src\\at32f415_flash.c 0x00000000   Number         0  at32f415_flash.o ABSOLUTE
    ..\\..\\libraries\\drivers\\src\\at32f415_gpio.c 0x00000000   Number         0  at32f415_gpio.o ABSOLUTE
    ..\\..\\libraries\\drivers\\src\\at32f415_i2c.c 0x00000000   Number         0  at32f415_i2c.o ABSOLUTE
    ..\\..\\libraries\\drivers\\src\\at32f415_misc.c 0x00000000   Number         0  at32f415_misc.o ABSOLUTE
    ..\\..\\libraries\\drivers\\src\\at32f415_pwc.c 0x00000000   Number         0  at32f415_pwc.o ABSOLUTE
    ..\\..\\libraries\\drivers\\src\\at32f415_spi.c 0x00000000   Number         0  at32f415_spi.o ABSOLUTE
    ..\\..\\libraries\\drivers\\src\\at32f415_tmr.c 0x00000000   Number         0  at32f415_tmr.o ABSOLUTE
    ..\\..\\libraries\\drivers\\src\\at32f415_usart.c 0x00000000   Number         0  at32f415_usart.o ABSOLUTE
    ..\\..\\libraries\\drivers\\src\\at32f415_usb.c 0x00000000   Number         0  at32f415_usb.o ABSOLUTE
    ..\\src\\at32f415_int.c                  0x00000000   Number         0  at32f415_int.o ABSOLUTE
    ..\\src\\at32f415_wk_config.c            0x00000000   Number         0  at32f415_wk_config.o ABSOLUTE
    ..\\src\\main.c                          0x00000000   Number         0  main.o ABSOLUTE
    ..\src\at32f415_int.c                    0x00000000   Number         0  at32f415_int.o ABSOLUTE
    ..\src\at32f415_wk_config.c              0x00000000   Number         0  at32f415_wk_config.o ABSOLUTE
    ..\src\main.c                            0x00000000   Number         0  main.o ABSOLUTE
    cdrcmple.s                               0x00000000   Number         0  cdrcmple.o ABSOLUTE
    dc.s                                     0x00000000   Number         0  dc.o ABSOLUTE
    delay.c                                  0x00000000   Number         0  delay.o ABSOLUTE
    delay.c                                  0x00000000   Number         0  delay.o ABSOLUTE
    handlers.s                               0x00000000   Number         0  handlers.o ABSOLUTE
    init.s                                   0x00000000   Number         0  init.o ABSOLUTE
    startup_at32f415.s                       0x00000000   Number         0  startup_at32f415.o ABSOLUTE
    value.c                                  0x00000000   Number         0  value.o ABSOLUTE
    value.c                                  0x00000000   Number         0  value.o ABSOLUTE
    RESET                                    0x08000000   Section      368  startup_at32f415.o(RESET)
    .ARM.Collect$$$$00000000                 0x08000170   Section        0  entry.o(.ARM.Collect$$$$00000000)
    .ARM.Collect$$$$00000001                 0x08000170   Section        4  entry2.o(.ARM.Collect$$$$00000001)
    .ARM.Collect$$$$00000004                 0x08000174   Section        4  entry5.o(.ARM.Collect$$$$00000004)
    .ARM.Collect$$$$00000008                 0x08000178   Section        0  entry7b.o(.ARM.Collect$$$$00000008)
    .ARM.Collect$$$$0000000A                 0x08000178   Section        0  entry8b.o(.ARM.Collect$$$$0000000A)
    .ARM.Collect$$$$0000000B                 0x08000178   Section        8  entry9a.o(.ARM.Collect$$$$0000000B)
    .ARM.Collect$$$$0000000E                 0x08000180   Section        4  entry12b.o(.ARM.Collect$$$$0000000E)
    .ARM.Collect$$$$0000000F                 0x08000184   Section        0  entry10a.o(.ARM.Collect$$$$0000000F)
    .ARM.Collect$$$$00000011                 0x08000184   Section        0  entry11a.o(.ARM.Collect$$$$00000011)
    .ARM.Collect$$$$00002712                 0x08000184   Section        4  entry2.o(.ARM.Collect$$$$00002712)
    __lit__00000000                          0x08000184   Data           4  entry2.o(.ARM.Collect$$$$00002712)
    .text                                    0x08000188   Section       36  startup_at32f415.o(.text)
    .text                                    0x080001ac   Section        0  uldiv.o(.text)
    .text                                    0x0800020e   Section        0  memcpya.o(.text)
    .text                                    0x08000232   Section        0  llshl.o(.text)
    .text                                    0x08000250   Section        0  llushr.o(.text)
    .text                                    0x08000270   Section       36  init.o(.text)
    i.BusFault_Handler                       0x08000294   Section        0  at32f415_int.o(i.BusFault_Handler)
    i.DMA1_Channel1_IRQHandler               0x08000298   Section        0  at32f415_int.o(i.DMA1_Channel1_IRQHandler)
    i.DMA1_Channel3_IRQHandler               0x0800029a   Section        0  at32f415_int.o(i.DMA1_Channel3_IRQHandler)
    i.DMA1_Channel4_IRQHandler               0x0800029c   Section        0  at32f415_int.o(i.DMA1_Channel4_IRQHandler)
    i.DMA1_Channel5_IRQHandler               0x0800029e   Section        0  at32f415_int.o(i.DMA1_Channel5_IRQHandler)
    i.DMA1_Channel6_IRQHandler               0x080002a0   Section        0  at32f415_int.o(i.DMA1_Channel6_IRQHandler)
    i.DMA1_Channel7_IRQHandler               0x080002a2   Section        0  at32f415_int.o(i.DMA1_Channel7_IRQHandler)
    i.DMA2_Channel1_IRQHandler               0x080002a4   Section        0  at32f415_int.o(i.DMA2_Channel1_IRQHandler)
    i.DMA2_Channel2_IRQHandler               0x080002a6   Section        0  at32f415_int.o(i.DMA2_Channel2_IRQHandler)
    i.DMA2_Channel3_IRQHandler               0x080002a8   Section        0  at32f415_int.o(i.DMA2_Channel3_IRQHandler)
    i.DMA2_Channel4_5_IRQHandler             0x080002aa   Section        0  at32f415_int.o(i.DMA2_Channel4_5_IRQHandler)
    i.DebugMon_Handler                       0x080002ac   Section        0  at32f415_int.o(i.DebugMon_Handler)
    i.EXINT1_IRQHandler                      0x080002ae   Section        0  at32f415_int.o(i.EXINT1_IRQHandler)
    i.HardFault_Handler                      0x080002b0   Section        0  at32f415_int.o(i.HardFault_Handler)
    i.I2C1_ERR_IRQHandler                    0x080002b4   Section        0  at32f415_int.o(i.I2C1_ERR_IRQHandler)
    i.I2C1_EVT_IRQHandler                    0x080002b6   Section        0  at32f415_int.o(i.I2C1_EVT_IRQHandler)
    i.I2C2_ERR_IRQHandler                    0x080002b8   Section        0  at32f415_int.o(i.I2C2_ERR_IRQHandler)
    i.I2C2_EVT_IRQHandler                    0x080002ba   Section        0  at32f415_int.o(i.I2C2_EVT_IRQHandler)
    i.MemManage_Handler                      0x080002bc   Section        0  at32f415_int.o(i.MemManage_Handler)
    i.NMI_Handler                            0x080002c0   Section        0  at32f415_int.o(i.NMI_Handler)
    i.PendSV_Handler                         0x080002c2   Section        0  at32f415_int.o(i.PendSV_Handler)
    i.SPI1_IRQHandler                        0x080002c4   Section        0  at32f415_int.o(i.SPI1_IRQHandler)
    i.SPI2_IRQHandler                        0x080002c6   Section        0  at32f415_int.o(i.SPI2_IRQHandler)
    i.SVC_Handler                            0x080002c8   Section        0  at32f415_int.o(i.SVC_Handler)
    i.SystemInit                             0x080002cc   Section        0  system_at32f415.o(i.SystemInit)
    i.TMR3_GLOBAL_IRQHandler                 0x08000368   Section        0  at32f415_int.o(i.TMR3_GLOBAL_IRQHandler)
    i.USART1_IRQHandler                      0x0800036c   Section        0  at32f415_int.o(i.USART1_IRQHandler)
    i.USART2_IRQHandler                      0x080003c8   Section        0  at32f415_int.o(i.USART2_IRQHandler)
    i.USART3_IRQHandler                      0x080003ca   Section        0  at32f415_int.o(i.USART3_IRQHandler)
    i.UsageFault_Handler                     0x080003cc   Section        0  at32f415_int.o(i.UsageFault_Handler)
    i.__0printf$bare                         0x080003d0   Section        0  printfb.o(i.__0printf$bare)
    i.__scatterload_copy                     0x080003e0   Section       14  handlers.o(i.__scatterload_copy)
    i.__scatterload_null                     0x080003ee   Section        2  handlers.o(i.__scatterload_null)
    i.__scatterload_zeroinit                 0x080003f0   Section       14  handlers.o(i.__scatterload_zeroinit)
    i._printf_core                           0x080003fe   Section        0  printfb.o(i._printf_core)
    _printf_core                             0x080003ff   Thumb Code    34  printfb.o(i._printf_core)
    i.crc_data_reset                         0x08000420   Section        0  at32f415_crc.o(i.crc_data_reset)
    i.crc_init_data_set                      0x08000434   Section        0  at32f415_crc.o(i.crc_init_data_set)
    i.crc_poly_size_set                      0x08000440   Section        0  at32f415_crc.o(i.crc_poly_size_set)
    i.crc_poly_value_set                     0x08000454   Section        0  at32f415_crc.o(i.crc_poly_value_set)
    i.crc_reverse_input_data_set             0x08000460   Section        0  at32f415_crc.o(i.crc_reverse_input_data_set)
    i.crc_reverse_output_data_set            0x08000474   Section        0  at32f415_crc.o(i.crc_reverse_output_data_set)
    i.crm_ahb_div_set                        0x08000488   Section        0  at32f415_crm.o(i.crm_ahb_div_set)
    i.crm_apb1_div_set                       0x0800049c   Section        0  at32f415_crm.o(i.crm_apb1_div_set)
    i.crm_apb2_div_set                       0x080004b0   Section        0  at32f415_crm.o(i.crm_apb2_div_set)
    i.crm_auto_step_mode_enable              0x080004c4   Section        0  at32f415_crm.o(i.crm_auto_step_mode_enable)
    i.crm_clock_source_enable                0x080004ec   Section        0  at32f415_crm.o(i.crm_clock_source_enable)
    i.crm_clocks_freq_get                    0x0800054c   Section        0  at32f415_crm.o(i.crm_clocks_freq_get)
    i.crm_ertc_clock_enable                  0x080006f8   Section        0  at32f415_crm.o(i.crm_ertc_clock_enable)
    i.crm_ertc_clock_select                  0x0800070c   Section        0  at32f415_crm.o(i.crm_ertc_clock_select)
    i.crm_flag_get                           0x08000720   Section        0  at32f415_crm.o(i.crm_flag_get)
    i.crm_hick_divider_select                0x08000750   Section        0  at32f415_crm.o(i.crm_hick_divider_select)
    i.crm_hick_sclk_frequency_select         0x08000764   Section        0  at32f415_crm.o(i.crm_hick_sclk_frequency_select)
    i.crm_periph_clock_enable                0x08000780   Section        0  at32f415_crm.o(i.crm_periph_clock_enable)
    i.crm_pll_config                         0x080007c4   Section        0  at32f415_crm.o(i.crm_pll_config)
    i.crm_reset                              0x080008d8   Section        0  at32f415_crm.o(i.crm_reset)
    i.crm_sysclk_switch                      0x0800093c   Section        0  at32f415_crm.o(i.crm_sysclk_switch)
    i.crm_sysclk_switch_status_get           0x08000978   Section        0  at32f415_crm.o(i.crm_sysclk_switch_status_get)
    i.crm_usb_clock_div_set                  0x08000988   Section        0  at32f415_crm.o(i.crm_usb_clock_div_set)
    i.crm_usb_clock_source_select            0x080009a8   Section        0  at32f415_crm.o(i.crm_usb_clock_source_select)
    i.delay_ms                               0x080009c8   Section        0  delay.o(i.delay_ms)
    i.dma_channel_enable                     0x08000a3c   Section        0  at32f415_dma.o(i.dma_channel_enable)
    i.dma_data_number_get                    0x08000a46   Section        0  at32f415_dma.o(i.dma_data_number_get)
    i.dma_default_para_init                  0x08000a4e   Section        0  at32f415_dma.o(i.dma_default_para_init)
    i.dma_flag_clear                         0x08000a68   Section        0  at32f415_dma.o(i.dma_flag_clear)
    i.dma_flag_get                           0x08000a88   Section        0  at32f415_dma.o(i.dma_flag_get)
    i.dma_flexible_config                    0x08000ab4   Section        0  at32f415_dma.o(i.dma_flexible_config)
    i.dma_init                               0x08000b4c   Section        0  at32f415_dma.o(i.dma_init)
    i.dma_reset                              0x08000ba8   Section        0  at32f415_dma.o(i.dma_reset)
    i.ertc_date_set                          0x08000c18   Section        0  at32f415_ertc.o(i.ertc_date_set)
    i.ertc_divider_set                       0x08000c90   Section        0  at32f415_ertc.o(i.ertc_divider_set)
    i.ertc_hour_mode_set                     0x08000ccc   Section        0  at32f415_ertc.o(i.ertc_hour_mode_set)
    i.ertc_init_mode_enter                   0x08000cfc   Section        0  at32f415_ertc.o(i.ertc_init_mode_enter)
    i.ertc_init_mode_exit                    0x08000d38   Section        0  at32f415_ertc.o(i.ertc_init_mode_exit)
    i.ertc_num_to_bcd                        0x08000d48   Section        0  at32f415_ertc.o(i.ertc_num_to_bcd)
    i.ertc_reset                             0x08000d6c   Section        0  at32f415_ertc.o(i.ertc_reset)
    i.ertc_time_set                          0x08000dec   Section        0  at32f415_ertc.o(i.ertc_time_set)
    i.ertc_wait_update                       0x08000e64   Section        0  at32f415_ertc.o(i.ertc_wait_update)
    i.ertc_write_protect_disable             0x08000e9c   Section        0  at32f415_ertc.o(i.ertc_write_protect_disable)
    i.ertc_write_protect_enable              0x08000eac   Section        0  at32f415_ertc.o(i.ertc_write_protect_enable)
    i.exint_default_para_init                0x08000eb8   Section        0  at32f415_exint.o(i.exint_default_para_init)
    i.exint_init                             0x08000ec8   Section        0  at32f415_exint.o(i.exint_init)
    i.fputc                                  0x08000f60   Section        0  main.o(i.fputc)
    i.gpio_bits_reset                        0x08000f84   Section        0  at32f415_gpio.o(i.gpio_bits_reset)
    i.gpio_default_para_init                 0x08000f88   Section        0  at32f415_gpio.o(i.gpio_default_para_init)
    i.gpio_exint_line_config                 0x08000fa0   Section        0  at32f415_gpio.o(i.gpio_exint_line_config)
    i.gpio_init                              0x08001044   Section        0  at32f415_gpio.o(i.gpio_init)
    i.gpio_pin_remap_config                  0x080010ec   Section        0  at32f415_gpio.o(i.gpio_pin_remap_config)
    i.i2c_ack_enable                         0x08001138   Section        0  at32f415_i2c.o(i.i2c_ack_enable)
    i.i2c_clock_stretch_enable               0x08001142   Section        0  at32f415_i2c.o(i.i2c_clock_stretch_enable)
    i.i2c_dma_enable                         0x08001154   Section        0  at32f415_i2c.o(i.i2c_dma_enable)
    i.i2c_enable                             0x0800115e   Section        0  at32f415_i2c.o(i.i2c_enable)
    i.i2c_general_call_enable                0x08001168   Section        0  at32f415_i2c.o(i.i2c_general_call_enable)
    i.i2c_init                               0x08001174   Section        0  at32f415_i2c.o(i.i2c_init)
    i.i2c_own_address1_set                   0x08001278   Section        0  at32f415_i2c.o(i.i2c_own_address1_set)
    i.main                                   0x0800128c   Section        0  main.o(i.main)
    i.nvic_irq_enable                        0x08001474   Section        0  at32f415_misc.o(i.nvic_irq_enable)
    i.nvic_priority_group_config             0x0800153c   Section        0  at32f415_misc.o(i.nvic_priority_group_config)
    i.pwc_battery_powered_domain_access      0x08001564   Section        0  at32f415_pwc.o(i.pwc_battery_powered_domain_access)
    i.spi_default_para_init                  0x08001578   Section        0  at32f415_spi.o(i.spi_default_para_init)
    i.spi_enable                             0x0800158e   Section        0  at32f415_spi.o(i.spi_enable)
    i.spi_i2s_dma_receiver_enable            0x08001598   Section        0  at32f415_spi.o(i.spi_i2s_dma_receiver_enable)
    i.spi_i2s_dma_transmitter_enable         0x080015a2   Section        0  at32f415_spi.o(i.spi_i2s_dma_transmitter_enable)
    i.spi_init                               0x080015ac   Section        0  at32f415_spi.o(i.spi_init)
    i.system_core_clock_update               0x080016d0   Section        0  system_at32f415.o(i.system_core_clock_update)
    i.tmr_base_init                          0x08001824   Section        0  at32f415_tmr.o(i.tmr_base_init)
    i.tmr_clock_source_div_set               0x08001834   Section        0  at32f415_tmr.o(i.tmr_clock_source_div_set)
    i.tmr_cnt_dir_set                        0x0800183e   Section        0  at32f415_tmr.o(i.tmr_cnt_dir_set)
    i.tmr_counter_enable                     0x08001848   Section        0  at32f415_tmr.o(i.tmr_counter_enable)
    i.tmr_encoder_mode_config                0x08001852   Section        0  at32f415_tmr.o(i.tmr_encoder_mode_config)
    i.tmr_input_channel_init                 0x08001898   Section        0  at32f415_tmr.o(i.tmr_input_channel_init)
    i.tmr_period_buffer_enable               0x080019c8   Section        0  at32f415_tmr.o(i.tmr_period_buffer_enable)
    i.tmr_primary_mode_select                0x080019d2   Section        0  at32f415_tmr.o(i.tmr_primary_mode_select)
    i.tmr_sub_sync_mode_set                  0x080019dc   Section        0  at32f415_tmr.o(i.tmr_sub_sync_mode_set)
    i.usart1dmarecv                          0x080019e8   Section        0  value.o(i.usart1dmarecv)
    i.usart_data_transmit                    0x08001a20   Section        0  at32f415_usart.o(i.usart_data_transmit)
    i.usart_dma_receiver_enable              0x08001a28   Section        0  at32f415_usart.o(i.usart_dma_receiver_enable)
    i.usart_dma_transmitter_enable           0x08001a32   Section        0  at32f415_usart.o(i.usart_dma_transmitter_enable)
    i.usart_enable                           0x08001a3c   Section        0  at32f415_usart.o(i.usart_enable)
    i.usart_flag_get                         0x08001a46   Section        0  at32f415_usart.o(i.usart_flag_get)
    i.usart_hardware_flow_control_set        0x08001a56   Section        0  at32f415_usart.o(i.usart_hardware_flow_control_set)
    i.usart_init                             0x08001abc   Section        0  at32f415_usart.o(i.usart_init)
    i.usart_interrupt_enable                 0x08001b28   Section        0  at32f415_usart.o(i.usart_interrupt_enable)
    i.usart_parity_selection_config          0x08001b5e   Section        0  at32f415_usart.o(i.usart_parity_selection_config)
    i.usart_receiver_enable                  0x08001baa   Section        0  at32f415_usart.o(i.usart_receiver_enable)
    i.usart_transmitter_enable               0x08001bb4   Section        0  at32f415_usart.o(i.usart_transmitter_enable)
    i.usartd1masend                          0x08001bc0   Section        0  value.o(i.usartd1masend)
    i.wk_crc_init                            0x08001c0c   Section        0  at32f415_wk_config.o(i.wk_crc_init)
    i.wk_debug_config                        0x08001c38   Section        0  at32f415_wk_config.o(i.wk_debug_config)
    i.wk_dma1_channel1_init                  0x08001c48   Section        0  at32f415_wk_config.o(i.wk_dma1_channel1_init)
    i.wk_dma1_channel3_init                  0x08001c98   Section        0  at32f415_wk_config.o(i.wk_dma1_channel3_init)
    i.wk_dma1_channel4_init                  0x08001ce8   Section        0  at32f415_wk_config.o(i.wk_dma1_channel4_init)
    i.wk_dma1_channel5_init                  0x08001d38   Section        0  at32f415_wk_config.o(i.wk_dma1_channel5_init)
    i.wk_dma1_channel6_init                  0x08001d88   Section        0  at32f415_wk_config.o(i.wk_dma1_channel6_init)
    i.wk_dma1_channel7_init                  0x08001dd8   Section        0  at32f415_wk_config.o(i.wk_dma1_channel7_init)
    i.wk_dma2_channel1_init                  0x08001e28   Section        0  at32f415_wk_config.o(i.wk_dma2_channel1_init)
    i.wk_dma2_channel2_init                  0x08001e78   Section        0  at32f415_wk_config.o(i.wk_dma2_channel2_init)
    i.wk_dma2_channel3_init                  0x08001ec8   Section        0  at32f415_wk_config.o(i.wk_dma2_channel3_init)
    i.wk_dma2_channel4_init                  0x08001f18   Section        0  at32f415_wk_config.o(i.wk_dma2_channel4_init)
    i.wk_dma2_channel5_init                  0x08001f68   Section        0  at32f415_wk_config.o(i.wk_dma2_channel5_init)
    i.wk_dma_channel_config                  0x08001fb8   Section        0  at32f415_wk_config.o(i.wk_dma_channel_config)
    i.wk_ertc_init                           0x08001fc0   Section        0  at32f415_wk_config.o(i.wk_ertc_init)
    i.wk_exint_config                        0x08002004   Section        0  at32f415_wk_config.o(i.wk_exint_config)
    i.wk_gpio_config                         0x08002058   Section        0  at32f415_wk_config.o(i.wk_gpio_config)
    i.wk_i2c1_init                           0x080020e4   Section        0  at32f415_wk_config.o(i.wk_i2c1_init)
    i.wk_i2c2_init                           0x0800217c   Section        0  at32f415_wk_config.o(i.wk_i2c2_init)
    i.wk_nvic_config                         0x08002218   Section        0  at32f415_wk_config.o(i.wk_nvic_config)
    i.wk_periph_clock_config                 0x080022f4   Section        0  at32f415_wk_config.o(i.wk_periph_clock_config)
    i.wk_spi1_init                           0x080023a8   Section        0  at32f415_wk_config.o(i.wk_spi1_init)
    i.wk_spi2_init                           0x08002474   Section        0  at32f415_wk_config.o(i.wk_spi2_init)
    i.wk_system_clock_config                 0x08002544   Section        0  at32f415_wk_config.o(i.wk_system_clock_config)
    i.wk_tmr3_init                           0x080025d0   Section        0  at32f415_wk_config.o(i.wk_tmr3_init)
    i.wk_usart1_init                         0x080026bc   Section        0  at32f415_wk_config.o(i.wk_usart1_init)
    i.wk_usart2_init                         0x08002774   Section        0  at32f415_wk_config.o(i.wk_usart2_init)
    i.wk_usart3_init                         0x08002830   Section        0  at32f415_wk_config.o(i.wk_usart3_init)
    i.wk_usb_otgfs1_init                     0x080028f0   Section        0  at32f415_wk_config.o(i.wk_usb_otgfs1_init)
    .constdata                               0x08002900   Section       40  at32f415_crm.o(.constdata)
    sclk_ahb_div_table                       0x08002900   Data          16  at32f415_crm.o(.constdata)
    ahb_apb1_div_table                       0x08002910   Data           8  at32f415_crm.o(.constdata)
    ahb_apb2_div_table                       0x08002918   Data           8  at32f415_crm.o(.constdata)
    adc_div_table                            0x08002920   Data           8  at32f415_crm.o(.constdata)
    .constdata                               0x08002928   Section       16  system_at32f415.o(.constdata)
    sys_ahb_div_table                        0x08002928   Data          16  system_at32f415.o(.constdata)
    .data                                    0x20000000   Section        8  delay.o(.data)
    fac_us                                   0x20000000   Data           4  delay.o(.data)
    fac_ms                                   0x20000004   Data           4  delay.o(.data)
    .data                                    0x20000008   Section        4  system_at32f415.o(.data)
    .data                                    0x2000000c   Section        4  stdout.o(.data)
    .bss                                     0x20000010   Section     4108  value.o(.bss)
    STACK                                    0x20001020   Section     1024  startup_at32f415.o(STACK)

    Global Symbols

    Symbol Name                              Value     Ov Type        Size  Object(Section)

    BuildAttributes$$THM_ISAv4$E$P$D$K$B$S$7EM$PE$A:L22UL41UL21$X:L11$S22US41US21$IEEE1$IW$USESV6$~STKCKD$USESV7$~SHL$OSPACE$ROPI$EBA8$MICROLIB$REQ8$PRES8$EABIv2 0x00000000   Number         0  anon$$obj.o ABSOLUTE
    __ARM_use_no_argv                        0x00000000   Number         0  main.o ABSOLUTE
    __arm_fini_                               - Undefined Weak Reference
    __cpp_initialize__aeabi_                  - Undefined Weak Reference
    __cxa_finalize                            - Undefined Weak Reference
    __decompress                              - Undefined Weak Reference
    _clock_init                               - Undefined Weak Reference
    _microlib_exit                            - Undefined Weak Reference
    __Vectors_Size                           0x00000170   Number         0  startup_at32f415.o ABSOLUTE
    __Vectors                                0x08000000   Data           4  startup_at32f415.o(RESET)
    __Vectors_End                            0x08000170   Data           0  startup_at32f415.o(RESET)
    __main                                   0x08000171   Thumb Code     0  entry.o(.ARM.Collect$$$$00000000)
    _main_stk                                0x08000171   Thumb Code     0  entry2.o(.ARM.Collect$$$$00000001)
    _main_scatterload                        0x08000175   Thumb Code     0  entry5.o(.ARM.Collect$$$$00000004)
    __main_after_scatterload                 0x08000179   Thumb Code     0  entry5.o(.ARM.Collect$$$$00000004)
    _main_clock                              0x08000179   Thumb Code     0  entry7b.o(.ARM.Collect$$$$00000008)
    _main_cpp_init                           0x08000179   Thumb Code     0  entry8b.o(.ARM.Collect$$$$0000000A)
    _main_init                               0x08000179   Thumb Code     0  entry9a.o(.ARM.Collect$$$$0000000B)
    __rt_lib_shutdown_fini                   0x08000181   Thumb Code     0  entry12b.o(.ARM.Collect$$$$0000000E)
    __rt_final_cpp                           0x08000185   Thumb Code     0  entry10a.o(.ARM.Collect$$$$0000000F)
    __rt_final_exit                          0x08000185   Thumb Code     0  entry11a.o(.ARM.Collect$$$$00000011)
    Reset_Handler                            0x08000189   Thumb Code     8  startup_at32f415.o(.text)
    SysTick_Handler                          0x080001a1   Thumb Code     2  startup_at32f415.o(.text)
    ADC1_IRQHandler                          0x080001a3   Thumb Code     0  startup_at32f415.o(.text)
    CAN1_RX0_IRQHandler                      0x080001a3   Thumb Code     0  startup_at32f415.o(.text)
    CAN1_RX1_IRQHandler                      0x080001a3   Thumb Code     0  startup_at32f415.o(.text)
    CAN1_SE_IRQHandler                       0x080001a3   Thumb Code     0  startup_at32f415.o(.text)
    CAN1_TX_IRQHandler                       0x080001a3   Thumb Code     0  startup_at32f415.o(.text)
    CMP1_IRQHandler                          0x080001a3   Thumb Code     0  startup_at32f415.o(.text)
    CMP2_IRQHandler                          0x080001a3   Thumb Code     0  startup_at32f415.o(.text)
    CRM_IRQHandler                           0x080001a3   Thumb Code     0  startup_at32f415.o(.text)
    DMA1_Channel2_IRQHandler                 0x080001a3   Thumb Code     0  startup_at32f415.o(.text)
    DMA2_Channel6_7_IRQHandler               0x080001a3   Thumb Code     0  startup_at32f415.o(.text)
    ERTCAlarm_IRQHandler                     0x080001a3   Thumb Code     0  startup_at32f415.o(.text)
    ERTC_WKUP_IRQHandler                     0x080001a3   Thumb Code     0  startup_at32f415.o(.text)
    EXINT0_IRQHandler                        0x080001a3   Thumb Code     0  startup_at32f415.o(.text)
    EXINT15_10_IRQHandler                    0x080001a3   Thumb Code     0  startup_at32f415.o(.text)
    EXINT2_IRQHandler                        0x080001a3   Thumb Code     0  startup_at32f415.o(.text)
    EXINT3_IRQHandler                        0x080001a3   Thumb Code     0  startup_at32f415.o(.text)
    EXINT4_IRQHandler                        0x080001a3   Thumb Code     0  startup_at32f415.o(.text)
    EXINT9_5_IRQHandler                      0x080001a3   Thumb Code     0  startup_at32f415.o(.text)
    FLASH_IRQHandler                         0x080001a3   Thumb Code     0  startup_at32f415.o(.text)
    OTGFS1_IRQHandler                        0x080001a3   Thumb Code     0  startup_at32f415.o(.text)
    OTGFS1_WKUP_IRQHandler                   0x080001a3   Thumb Code     0  startup_at32f415.o(.text)
    PVM_IRQHandler                           0x080001a3   Thumb Code     0  startup_at32f415.o(.text)
    SDIO1_IRQHandler                         0x080001a3   Thumb Code     0  startup_at32f415.o(.text)
    TAMP_STAMP_IRQHandler                    0x080001a3   Thumb Code     0  startup_at32f415.o(.text)
    TMR1_BRK_TMR9_IRQHandler                 0x080001a3   Thumb Code     0  startup_at32f415.o(.text)
    TMR1_CH_IRQHandler                       0x080001a3   Thumb Code     0  startup_at32f415.o(.text)
    TMR1_OVF_TMR10_IRQHandler                0x080001a3   Thumb Code     0  startup_at32f415.o(.text)
    TMR1_TRG_HALL_TMR11_IRQHandler           0x080001a3   Thumb Code     0  startup_at32f415.o(.text)
    TMR2_GLOBAL_IRQHandler                   0x080001a3   Thumb Code     0  startup_at32f415.o(.text)
    TMR4_GLOBAL_IRQHandler                   0x080001a3   Thumb Code     0  startup_at32f415.o(.text)
    TMR5_GLOBAL_IRQHandler                   0x080001a3   Thumb Code     0  startup_at32f415.o(.text)
    UART4_IRQHandler                         0x080001a3   Thumb Code     0  startup_at32f415.o(.text)
    UART5_IRQHandler                         0x080001a3   Thumb Code     0  startup_at32f415.o(.text)
    WWDT_IRQHandler                          0x080001a3   Thumb Code     0  startup_at32f415.o(.text)
    __aeabi_uldivmod                         0x080001ad   Thumb Code    98  uldiv.o(.text)
    __aeabi_memcpy                           0x0800020f   Thumb Code    36  memcpya.o(.text)
    __aeabi_memcpy4                          0x0800020f   Thumb Code     0  memcpya.o(.text)
    __aeabi_memcpy8                          0x0800020f   Thumb Code     0  memcpya.o(.text)
    __aeabi_llsl                             0x08000233   Thumb Code    30  llshl.o(.text)
    _ll_shift_l                              0x08000233   Thumb Code     0  llshl.o(.text)
    __aeabi_llsr                             0x08000251   Thumb Code    32  llushr.o(.text)
    _ll_ushift_r                             0x08000251   Thumb Code     0  llushr.o(.text)
    __scatterload                            0x08000271   Thumb Code    28  init.o(.text)
    __scatterload_rt2                        0x08000271   Thumb Code     0  init.o(.text)
    BusFault_Handler                         0x08000295   Thumb Code     4  at32f415_int.o(i.BusFault_Handler)
    DMA1_Channel1_IRQHandler                 0x08000299   Thumb Code     2  at32f415_int.o(i.DMA1_Channel1_IRQHandler)
    DMA1_Channel3_IRQHandler                 0x0800029b   Thumb Code     2  at32f415_int.o(i.DMA1_Channel3_IRQHandler)
    DMA1_Channel4_IRQHandler                 0x0800029d   Thumb Code     2  at32f415_int.o(i.DMA1_Channel4_IRQHandler)
    DMA1_Channel5_IRQHandler                 0x0800029f   Thumb Code     2  at32f415_int.o(i.DMA1_Channel5_IRQHandler)
    DMA1_Channel6_IRQHandler                 0x080002a1   Thumb Code     2  at32f415_int.o(i.DMA1_Channel6_IRQHandler)
    DMA1_Channel7_IRQHandler                 0x080002a3   Thumb Code     2  at32f415_int.o(i.DMA1_Channel7_IRQHandler)
    DMA2_Channel1_IRQHandler                 0x080002a5   Thumb Code     2  at32f415_int.o(i.DMA2_Channel1_IRQHandler)
    DMA2_Channel2_IRQHandler                 0x080002a7   Thumb Code     2  at32f415_int.o(i.DMA2_Channel2_IRQHandler)
    DMA2_Channel3_IRQHandler                 0x080002a9   Thumb Code     2  at32f415_int.o(i.DMA2_Channel3_IRQHandler)
    DMA2_Channel4_5_IRQHandler               0x080002ab   Thumb Code     2  at32f415_int.o(i.DMA2_Channel4_5_IRQHandler)
    DebugMon_Handler                         0x080002ad   Thumb Code     2  at32f415_int.o(i.DebugMon_Handler)
    EXINT1_IRQHandler                        0x080002af   Thumb Code     2  at32f415_int.o(i.EXINT1_IRQHandler)
    HardFault_Handler                        0x080002b1   Thumb Code     4  at32f415_int.o(i.HardFault_Handler)
    I2C1_ERR_IRQHandler                      0x080002b5   Thumb Code     2  at32f415_int.o(i.I2C1_ERR_IRQHandler)
    I2C1_EVT_IRQHandler                      0x080002b7   Thumb Code     2  at32f415_int.o(i.I2C1_EVT_IRQHandler)
    I2C2_ERR_IRQHandler                      0x080002b9   Thumb Code     2  at32f415_int.o(i.I2C2_ERR_IRQHandler)
    I2C2_EVT_IRQHandler                      0x080002bb   Thumb Code     2  at32f415_int.o(i.I2C2_EVT_IRQHandler)
    MemManage_Handler                        0x080002bd   Thumb Code     4  at32f415_int.o(i.MemManage_Handler)
    NMI_Handler                              0x080002c1   Thumb Code     2  at32f415_int.o(i.NMI_Handler)
    PendSV_Handler                           0x080002c3   Thumb Code     2  at32f415_int.o(i.PendSV_Handler)
    SPI1_IRQHandler                          0x080002c5   Thumb Code     2  at32f415_int.o(i.SPI1_IRQHandler)
    SPI2_IRQHandler                          0x080002c7   Thumb Code     2  at32f415_int.o(i.SPI2_IRQHandler)
    SVC_Handler                              0x080002c9   Thumb Code     2  at32f415_int.o(i.SVC_Handler)
    SystemInit                               0x080002cd   Thumb Code   138  system_at32f415.o(i.SystemInit)
    TMR3_GLOBAL_IRQHandler                   0x08000369   Thumb Code     2  at32f415_int.o(i.TMR3_GLOBAL_IRQHandler)
    USART1_IRQHandler                        0x0800036d   Thumb Code    74  at32f415_int.o(i.USART1_IRQHandler)
    USART2_IRQHandler                        0x080003c9   Thumb Code     2  at32f415_int.o(i.USART2_IRQHandler)
    USART3_IRQHandler                        0x080003cb   Thumb Code     2  at32f415_int.o(i.USART3_IRQHandler)
    UsageFault_Handler                       0x080003cd   Thumb Code     4  at32f415_int.o(i.UsageFault_Handler)
    __0printf$bare                           0x080003d1   Thumb Code     8  printfb.o(i.__0printf$bare)
    __1printf$bare                           0x080003d1   Thumb Code     0  printfb.o(i.__0printf$bare)
    __2printf                                0x080003d1   Thumb Code     0  printfb.o(i.__0printf$bare)
    __scatterload_copy                       0x080003e1   Thumb Code    14  handlers.o(i.__scatterload_copy)
    __scatterload_null                       0x080003ef   Thumb Code     2  handlers.o(i.__scatterload_null)
    __scatterload_zeroinit                   0x080003f1   Thumb Code    14  handlers.o(i.__scatterload_zeroinit)
    crc_data_reset                           0x08000421   Thumb Code    16  at32f415_crc.o(i.crc_data_reset)
    crc_init_data_set                        0x08000435   Thumb Code     6  at32f415_crc.o(i.crc_init_data_set)
    crc_poly_size_set                        0x08000441   Thumb Code    14  at32f415_crc.o(i.crc_poly_size_set)
    crc_poly_value_set                       0x08000455   Thumb Code     6  at32f415_crc.o(i.crc_poly_value_set)
    crc_reverse_input_data_set               0x08000461   Thumb Code    14  at32f415_crc.o(i.crc_reverse_input_data_set)
    crc_reverse_output_data_set              0x08000475   Thumb Code    14  at32f415_crc.o(i.crc_reverse_output_data_set)
    crm_ahb_div_set                          0x08000489   Thumb Code    14  at32f415_crm.o(i.crm_ahb_div_set)
    crm_apb1_div_set                         0x0800049d   Thumb Code    14  at32f415_crm.o(i.crm_apb1_div_set)
    crm_apb2_div_set                         0x080004b1   Thumb Code    14  at32f415_crm.o(i.crm_apb2_div_set)
    crm_auto_step_mode_enable                0x080004c5   Thumb Code    34  at32f415_crm.o(i.crm_auto_step_mode_enable)
    crm_clock_source_enable                  0x080004ed   Thumb Code    90  at32f415_crm.o(i.crm_clock_source_enable)
    crm_clocks_freq_get                      0x0800054d   Thumb Code   396  at32f415_crm.o(i.crm_clocks_freq_get)
    crm_ertc_clock_enable                    0x080006f9   Thumb Code    14  at32f415_crm.o(i.crm_ertc_clock_enable)
    crm_ertc_clock_select                    0x0800070d   Thumb Code    14  at32f415_crm.o(i.crm_ertc_clock_select)
    crm_flag_get                             0x08000721   Thumb Code    42  at32f415_crm.o(i.crm_flag_get)
    crm_hick_divider_select                  0x08000751   Thumb Code    14  at32f415_crm.o(i.crm_hick_divider_select)
    crm_hick_sclk_frequency_select           0x08000765   Thumb Code    24  at32f415_crm.o(i.crm_hick_sclk_frequency_select)
    crm_periph_clock_enable                  0x08000781   Thumb Code    62  at32f415_crm.o(i.crm_periph_clock_enable)
    crm_pll_config                           0x080007c5   Thumb Code   224  at32f415_crm.o(i.crm_pll_config)
    crm_reset                                0x080008d9   Thumb Code    90  at32f415_crm.o(i.crm_reset)
    crm_sysclk_switch                        0x0800093d   Thumb Code    54  at32f415_crm.o(i.crm_sysclk_switch)
    crm_sysclk_switch_status_get             0x08000979   Thumb Code    10  at32f415_crm.o(i.crm_sysclk_switch_status_get)
    crm_usb_clock_div_set                    0x08000989   Thumb Code    28  at32f415_crm.o(i.crm_usb_clock_div_set)
    crm_usb_clock_source_select              0x080009a9   Thumb Code    26  at32f415_crm.o(i.crm_usb_clock_source_select)
    delay_ms                                 0x080009c9   Thumb Code   110  delay.o(i.delay_ms)
    dma_channel_enable                       0x08000a3d   Thumb Code    10  at32f415_dma.o(i.dma_channel_enable)
    dma_data_number_get                      0x08000a47   Thumb Code     8  at32f415_dma.o(i.dma_data_number_get)
    dma_default_para_init                    0x08000a4f   Thumb Code    24  at32f415_dma.o(i.dma_default_para_init)
    dma_flag_clear                           0x08000a69   Thumb Code    22  at32f415_dma.o(i.dma_flag_clear)
    dma_flag_get                             0x08000a89   Thumb Code    36  at32f415_dma.o(i.dma_flag_get)
    dma_flexible_config                      0x08000ab5   Thumb Code   152  at32f415_dma.o(i.dma_flexible_config)
    dma_init                                 0x08000b4d   Thumb Code    92  at32f415_dma.o(i.dma_init)
    dma_reset                                0x08000ba9   Thumb Code   102  at32f415_dma.o(i.dma_reset)
    ertc_date_set                            0x08000c19   Thumb Code   114  at32f415_ertc.o(i.ertc_date_set)
    ertc_divider_set                         0x08000c91   Thumb Code    56  at32f415_ertc.o(i.ertc_divider_set)
    ertc_hour_mode_set                       0x08000ccd   Thumb Code    44  at32f415_ertc.o(i.ertc_hour_mode_set)
    ertc_init_mode_enter                     0x08000cfd   Thumb Code    54  at32f415_ertc.o(i.ertc_init_mode_enter)
    ertc_init_mode_exit                      0x08000d39   Thumb Code    10  at32f415_ertc.o(i.ertc_init_mode_exit)
    ertc_num_to_bcd                          0x08000d49   Thumb Code    36  at32f415_ertc.o(i.ertc_num_to_bcd)
    ertc_reset                               0x08000d6d   Thumb Code   118  at32f415_ertc.o(i.ertc_reset)
    ertc_time_set                            0x08000ded   Thumb Code   114  at32f415_ertc.o(i.ertc_time_set)
    ertc_wait_update                         0x08000e65   Thumb Code    50  at32f415_ertc.o(i.ertc_wait_update)
    ertc_write_protect_disable               0x08000e9d   Thumb Code    12  at32f415_ertc.o(i.ertc_write_protect_disable)
    ertc_write_protect_enable                0x08000ead   Thumb Code     8  at32f415_ertc.o(i.ertc_write_protect_enable)
    exint_default_para_init                  0x08000eb9   Thumb Code    14  at32f415_exint.o(i.exint_default_para_init)
    exint_init                               0x08000ec9   Thumb Code   148  at32f415_exint.o(i.exint_init)
    fputc                                    0x08000f61   Thumb Code    32  main.o(i.fputc)
    gpio_bits_reset                          0x08000f85   Thumb Code     4  at32f415_gpio.o(i.gpio_bits_reset)
    gpio_default_para_init                   0x08000f89   Thumb Code    22  at32f415_gpio.o(i.gpio_default_para_init)
    gpio_exint_line_config                   0x08000fa1   Thumb Code   158  at32f415_gpio.o(i.gpio_exint_line_config)
    gpio_init                                0x08001045   Thumb Code   168  at32f415_gpio.o(i.gpio_init)
    gpio_pin_remap_config                    0x080010ed   Thumb Code    70  at32f415_gpio.o(i.gpio_pin_remap_config)
    i2c_ack_enable                           0x08001139   Thumb Code    10  at32f415_i2c.o(i.i2c_ack_enable)
    i2c_clock_stretch_enable                 0x08001143   Thumb Code    18  at32f415_i2c.o(i.i2c_clock_stretch_enable)
    i2c_dma_enable                           0x08001155   Thumb Code    10  at32f415_i2c.o(i.i2c_dma_enable)
    i2c_enable                               0x0800115f   Thumb Code    10  at32f415_i2c.o(i.i2c_enable)
    i2c_general_call_enable                  0x08001169   Thumb Code    10  at32f415_i2c.o(i.i2c_general_call_enable)
    i2c_init                                 0x08001175   Thumb Code   242  at32f415_i2c.o(i.i2c_init)
    i2c_own_address1_set                     0x08001279   Thumb Code    18  at32f415_i2c.o(i.i2c_own_address1_set)
    main                                     0x0800128d   Thumb Code   422  main.o(i.main)
    nvic_irq_enable                          0x08001475   Thumb Code   190  at32f415_misc.o(i.nvic_irq_enable)
    nvic_priority_group_config               0x0800153d   Thumb Code    32  at32f415_misc.o(i.nvic_priority_group_config)
    pwc_battery_powered_domain_access        0x08001565   Thumb Code    14  at32f415_pwc.o(i.pwc_battery_powered_domain_access)
    spi_default_para_init                    0x08001579   Thumb Code    22  at32f415_spi.o(i.spi_default_para_init)
    spi_enable                               0x0800158f   Thumb Code    10  at32f415_spi.o(i.spi_enable)
    spi_i2s_dma_receiver_enable              0x08001599   Thumb Code    10  at32f415_spi.o(i.spi_i2s_dma_receiver_enable)
    spi_i2s_dma_transmitter_enable           0x080015a3   Thumb Code    10  at32f415_spi.o(i.spi_i2s_dma_transmitter_enable)
    spi_init                                 0x080015ad   Thumb Code   292  at32f415_spi.o(i.spi_init)
    system_core_clock_update                 0x080016d1   Thumb Code   316  system_at32f415.o(i.system_core_clock_update)
    tmr_base_init                            0x08001825   Thumb Code    16  at32f415_tmr.o(i.tmr_base_init)
    tmr_clock_source_div_set                 0x08001835   Thumb Code    10  at32f415_tmr.o(i.tmr_clock_source_div_set)
    tmr_cnt_dir_set                          0x0800183f   Thumb Code    10  at32f415_tmr.o(i.tmr_cnt_dir_set)
    tmr_counter_enable                       0x08001849   Thumb Code    10  at32f415_tmr.o(i.tmr_counter_enable)
    tmr_encoder_mode_config                  0x08001853   Thumb Code    70  at32f415_tmr.o(i.tmr_encoder_mode_config)
    tmr_input_channel_init                   0x08001899   Thumb Code   304  at32f415_tmr.o(i.tmr_input_channel_init)
    tmr_period_buffer_enable                 0x080019c9   Thumb Code    10  at32f415_tmr.o(i.tmr_period_buffer_enable)
    tmr_primary_mode_select                  0x080019d3   Thumb Code    10  at32f415_tmr.o(i.tmr_primary_mode_select)
    tmr_sub_sync_mode_set                    0x080019dd   Thumb Code    10  at32f415_tmr.o(i.tmr_sub_sync_mode_set)
    usart1dmarecv                            0x080019e9   Thumb Code    46  value.o(i.usart1dmarecv)
    usart_data_transmit                      0x08001a21   Thumb Code     8  at32f415_usart.o(i.usart_data_transmit)
    usart_dma_receiver_enable                0x08001a29   Thumb Code    10  at32f415_usart.o(i.usart_dma_receiver_enable)
    usart_dma_transmitter_enable             0x08001a33   Thumb Code    10  at32f415_usart.o(i.usart_dma_transmitter_enable)
    usart_enable                             0x08001a3d   Thumb Code    10  at32f415_usart.o(i.usart_enable)
    usart_flag_get                           0x08001a47   Thumb Code    16  at32f415_usart.o(i.usart_flag_get)
    usart_hardware_flow_control_set          0x08001a57   Thumb Code   102  at32f415_usart.o(i.usart_hardware_flow_control_set)
    usart_init                               0x08001abd   Thumb Code   102  at32f415_usart.o(i.usart_init)
    usart_interrupt_enable                   0x08001b29   Thumb Code    54  at32f415_usart.o(i.usart_interrupt_enable)
    usart_parity_selection_config            0x08001b5f   Thumb Code    76  at32f415_usart.o(i.usart_parity_selection_config)
    usart_receiver_enable                    0x08001bab   Thumb Code    10  at32f415_usart.o(i.usart_receiver_enable)
    usart_transmitter_enable                 0x08001bb5   Thumb Code    10  at32f415_usart.o(i.usart_transmitter_enable)
    usartd1masend                            0x08001bc1   Thumb Code    68  value.o(i.usartd1masend)
    wk_crc_init                              0x08001c0d   Thumb Code    40  at32f415_wk_config.o(i.wk_crc_init)
    wk_debug_config                          0x08001c39   Thumb Code    12  at32f415_wk_config.o(i.wk_debug_config)
    wk_dma1_channel1_init                    0x08001c49   Thumb Code    74  at32f415_wk_config.o(i.wk_dma1_channel1_init)
    wk_dma1_channel3_init                    0x08001c99   Thumb Code    74  at32f415_wk_config.o(i.wk_dma1_channel3_init)
    wk_dma1_channel4_init                    0x08001ce9   Thumb Code    76  at32f415_wk_config.o(i.wk_dma1_channel4_init)
    wk_dma1_channel5_init                    0x08001d39   Thumb Code    74  at32f415_wk_config.o(i.wk_dma1_channel5_init)
    wk_dma1_channel6_init                    0x08001d89   Thumb Code    76  at32f415_wk_config.o(i.wk_dma1_channel6_init)
    wk_dma1_channel7_init                    0x08001dd9   Thumb Code    74  at32f415_wk_config.o(i.wk_dma1_channel7_init)
    wk_dma2_channel1_init                    0x08001e29   Thumb Code    76  at32f415_wk_config.o(i.wk_dma2_channel1_init)
    wk_dma2_channel2_init                    0x08001e79   Thumb Code    74  at32f415_wk_config.o(i.wk_dma2_channel2_init)
    wk_dma2_channel3_init                    0x08001ec9   Thumb Code    76  at32f415_wk_config.o(i.wk_dma2_channel3_init)
    wk_dma2_channel4_init                    0x08001f19   Thumb Code    74  at32f415_wk_config.o(i.wk_dma2_channel4_init)
    wk_dma2_channel5_init                    0x08001f69   Thumb Code    76  at32f415_wk_config.o(i.wk_dma2_channel5_init)
    wk_dma_channel_config                    0x08001fb9   Thumb Code     8  at32f415_wk_config.o(i.wk_dma_channel_config)
    wk_ertc_init                             0x08001fc1   Thumb Code    68  at32f415_wk_config.o(i.wk_ertc_init)
    wk_exint_config                          0x08002005   Thumb Code    80  at32f415_wk_config.o(i.wk_exint_config)
    wk_gpio_config                           0x08002059   Thumb Code   130  at32f415_wk_config.o(i.wk_gpio_config)
    wk_i2c1_init                             0x080020e5   Thumb Code   138  at32f415_wk_config.o(i.wk_i2c1_init)
    wk_i2c2_init                             0x0800217d   Thumb Code   138  at32f415_wk_config.o(i.wk_i2c2_init)
    wk_nvic_config                           0x08002219   Thumb Code   220  at32f415_wk_config.o(i.wk_nvic_config)
    wk_periph_clock_config                   0x080022f5   Thumb Code   168  at32f415_wk_config.o(i.wk_periph_clock_config)
    wk_spi1_init                             0x080023a9   Thumb Code   194  at32f415_wk_config.o(i.wk_spi1_init)
    wk_spi2_init                             0x08002475   Thumb Code   200  at32f415_wk_config.o(i.wk_spi2_init)
    wk_system_clock_config                   0x08002545   Thumb Code   132  at32f415_wk_config.o(i.wk_system_clock_config)
    wk_tmr3_init                             0x080025d1   Thumb Code   222  at32f415_wk_config.o(i.wk_tmr3_init)
    wk_usart1_init                           0x080026bd   Thumb Code   170  at32f415_wk_config.o(i.wk_usart1_init)
    wk_usart2_init                           0x08002775   Thumb Code   174  at32f415_wk_config.o(i.wk_usart2_init)
    wk_usart3_init                           0x08002831   Thumb Code   178  at32f415_wk_config.o(i.wk_usart3_init)
    wk_usb_otgfs1_init                       0x080028f1   Thumb Code    16  at32f415_wk_config.o(i.wk_usb_otgfs1_init)
    Region$$Table$$Base                      0x08002938   Number         0  anon$$obj.o(Region$$Table)
    Region$$Table$$Limit                     0x08002958   Number         0  anon$$obj.o(Region$$Table)
    system_core_clock                        0x20000008   Data           4  system_at32f415.o(.data)
    __stdout                                 0x2000000c   Data           4  stdout.o(.data)
    UART_1                                   0x20000010   Data        1028  value.o(.bss)
    UART_2                                   0x20000414   Data        1028  value.o(.bss)
    UART_3                                   0x20000818   Data        1028  value.o(.bss)
    debug_rx                                 0x20000c1c   Data         512  value.o(.bss)
    debug_tx                                 0x20000e1c   Data         512  value.o(.bss)
    __initial_sp                             0x20001420   Data           0  startup_at32f415.o(STACK)



==============================================================================

Memory Map of the image

  Image Entry point : 0x08000171

  Load Region LR_IROM1 (Base: 0x08000000, Size: 0x00002968, Max: 0x00020000, ABSOLUTE)

    Execution Region ER_IROM1 (Exec base: 0x08000000, Load base: 0x08000000, Size: 0x00002958, Max: 0x00020000, ABSOLUTE)

    Exec Addr    Load Addr    Size         Type   Attr      Idx    E Section Name        Object

    0x08000000   0x08000000   0x00000170   Data   RO         3193    RESET               startup_at32f415.o
    0x08000170   0x08000170   0x00000000   Code   RO         3198  * .ARM.Collect$$$$00000000  mc_w.l(entry.o)
    0x08000170   0x08000170   0x00000004   Code   RO         3467    .ARM.Collect$$$$00000001  mc_w.l(entry2.o)
    0x08000174   0x08000174   0x00000004   Code   RO         3470    .ARM.Collect$$$$00000004  mc_w.l(entry5.o)
    0x08000178   0x08000178   0x00000000   Code   RO         3472    .ARM.Collect$$$$00000008  mc_w.l(entry7b.o)
    0x08000178   0x08000178   0x00000000   Code   RO         3474    .ARM.Collect$$$$0000000A  mc_w.l(entry8b.o)
    0x08000178   0x08000178   0x00000008   Code   RO         3475    .ARM.Collect$$$$0000000B  mc_w.l(entry9a.o)
    0x08000180   0x08000180   0x00000004   Code   RO         3482    .ARM.Collect$$$$0000000E  mc_w.l(entry12b.o)
    0x08000184   0x08000184   0x00000000   Code   RO         3477    .ARM.Collect$$$$0000000F  mc_w.l(entry10a.o)
    0x08000184   0x08000184   0x00000000   Code   RO         3479    .ARM.Collect$$$$00000011  mc_w.l(entry11a.o)
    0x08000184   0x08000184   0x00000004   Code   RO         3468    .ARM.Collect$$$$00002712  mc_w.l(entry2.o)
    0x08000188   0x08000188   0x00000024   Code   RO         3194    .text               startup_at32f415.o
    0x080001ac   0x080001ac   0x00000062   Code   RO         3201    .text               mc_w.l(uldiv.o)
    0x0800020e   0x0800020e   0x00000024   Code   RO         3203    .text               mc_w.l(memcpya.o)
    0x08000232   0x08000232   0x0000001e   Code   RO         3486    .text               mc_w.l(llshl.o)
    0x08000250   0x08000250   0x00000020   Code   RO         3488    .text               mc_w.l(llushr.o)
    0x08000270   0x08000270   0x00000024   Code   RO         3501    .text               mc_w.l(init.o)
    0x08000294   0x08000294   0x00000004   Code   RO          326    i.BusFault_Handler  at32f415_int.o
    0x08000298   0x08000298   0x00000002   Code   RO          327    i.DMA1_Channel1_IRQHandler  at32f415_int.o
    0x0800029a   0x0800029a   0x00000002   Code   RO          328    i.DMA1_Channel3_IRQHandler  at32f415_int.o
    0x0800029c   0x0800029c   0x00000002   Code   RO          329    i.DMA1_Channel4_IRQHandler  at32f415_int.o
    0x0800029e   0x0800029e   0x00000002   Code   RO          330    i.DMA1_Channel5_IRQHandler  at32f415_int.o
    0x080002a0   0x080002a0   0x00000002   Code   RO          331    i.DMA1_Channel6_IRQHandler  at32f415_int.o
    0x080002a2   0x080002a2   0x00000002   Code   RO          332    i.DMA1_Channel7_IRQHandler  at32f415_int.o
    0x080002a4   0x080002a4   0x00000002   Code   RO          333    i.DMA2_Channel1_IRQHandler  at32f415_int.o
    0x080002a6   0x080002a6   0x00000002   Code   RO          334    i.DMA2_Channel2_IRQHandler  at32f415_int.o
    0x080002a8   0x080002a8   0x00000002   Code   RO          335    i.DMA2_Channel3_IRQHandler  at32f415_int.o
    0x080002aa   0x080002aa   0x00000002   Code   RO          336    i.DMA2_Channel4_5_IRQHandler  at32f415_int.o
    0x080002ac   0x080002ac   0x00000002   Code   RO          337    i.DebugMon_Handler  at32f415_int.o
    0x080002ae   0x080002ae   0x00000002   Code   RO          338    i.EXINT1_IRQHandler  at32f415_int.o
    0x080002b0   0x080002b0   0x00000004   Code   RO          339    i.HardFault_Handler  at32f415_int.o
    0x080002b4   0x080002b4   0x00000002   Code   RO          340    i.I2C1_ERR_IRQHandler  at32f415_int.o
    0x080002b6   0x080002b6   0x00000002   Code   RO          341    i.I2C1_EVT_IRQHandler  at32f415_int.o
    0x080002b8   0x080002b8   0x00000002   Code   RO          342    i.I2C2_ERR_IRQHandler  at32f415_int.o
    0x080002ba   0x080002ba   0x00000002   Code   RO          343    i.I2C2_EVT_IRQHandler  at32f415_int.o
    0x080002bc   0x080002bc   0x00000004   Code   RO          344    i.MemManage_Handler  at32f415_int.o
    0x080002c0   0x080002c0   0x00000002   Code   RO          345    i.NMI_Handler       at32f415_int.o
    0x080002c2   0x080002c2   0x00000002   Code   RO          346    i.PendSV_Handler    at32f415_int.o
    0x080002c4   0x080002c4   0x00000002   Code   RO          347    i.SPI1_IRQHandler   at32f415_int.o
    0x080002c6   0x080002c6   0x00000002   Code   RO          348    i.SPI2_IRQHandler   at32f415_int.o
    0x080002c8   0x080002c8   0x00000002   Code   RO          349    i.SVC_Handler       at32f415_int.o
    0x080002ca   0x080002ca   0x00000002   PAD
    0x080002cc   0x080002cc   0x0000009c   Code   RO         3157    i.SystemInit        system_at32f415.o
    0x08000368   0x08000368   0x00000002   Code   RO          350    i.TMR3_GLOBAL_IRQHandler  at32f415_int.o
    0x0800036a   0x0800036a   0x00000002   PAD
    0x0800036c   0x0800036c   0x0000005c   Code   RO          351    i.USART1_IRQHandler  at32f415_int.o
    0x080003c8   0x080003c8   0x00000002   Code   RO          352    i.USART2_IRQHandler  at32f415_int.o
    0x080003ca   0x080003ca   0x00000002   Code   RO          353    i.USART3_IRQHandler  at32f415_int.o
    0x080003cc   0x080003cc   0x00000004   Code   RO          354    i.UsageFault_Handler  at32f415_int.o
    0x080003d0   0x080003d0   0x00000010   Code   RO         3208    i.__0printf$bare    mc_w.l(printfb.o)
    0x080003e0   0x080003e0   0x0000000e   Code   RO         3509    i.__scatterload_copy  mc_w.l(handlers.o)
    0x080003ee   0x080003ee   0x00000002   Code   RO         3510    i.__scatterload_null  mc_w.l(handlers.o)
    0x080003f0   0x080003f0   0x0000000e   Code   RO         3511    i.__scatterload_zeroinit  mc_w.l(handlers.o)
    0x080003fe   0x080003fe   0x00000022   Code   RO         3215    i._printf_core      mc_w.l(printfb.o)
    0x08000420   0x08000420   0x00000014   Code   RO          611    i.crc_data_reset    at32f415_crc.o
    0x08000434   0x08000434   0x0000000c   Code   RO          612    i.crc_init_data_set  at32f415_crc.o
    0x08000440   0x08000440   0x00000014   Code   RO          615    i.crc_poly_size_set  at32f415_crc.o
    0x08000454   0x08000454   0x0000000c   Code   RO          617    i.crc_poly_value_set  at32f415_crc.o
    0x08000460   0x08000460   0x00000014   Code   RO          618    i.crc_reverse_input_data_set  at32f415_crc.o
    0x08000474   0x08000474   0x00000014   Code   RO          619    i.crc_reverse_output_data_set  at32f415_crc.o
    0x08000488   0x08000488   0x00000014   Code   RO          704    i.crm_ahb_div_set   at32f415_crm.o
    0x0800049c   0x0800049c   0x00000014   Code   RO          705    i.crm_apb1_div_set  at32f415_crm.o
    0x080004b0   0x080004b0   0x00000014   Code   RO          706    i.crm_apb2_div_set  at32f415_crm.o
    0x080004c4   0x080004c4   0x00000028   Code   RO          707    i.crm_auto_step_mode_enable  at32f415_crm.o
    0x080004ec   0x080004ec   0x00000060   Code   RO          712    i.crm_clock_source_enable  at32f415_crm.o
    0x0800054c   0x0800054c   0x000001ac   Code   RO          713    i.crm_clocks_freq_get  at32f415_crm.o
    0x080006f8   0x080006f8   0x00000014   Code   RO          714    i.crm_ertc_clock_enable  at32f415_crm.o
    0x0800070c   0x0800070c   0x00000014   Code   RO          715    i.crm_ertc_clock_select  at32f415_crm.o
    0x08000720   0x08000720   0x00000030   Code   RO          717    i.crm_flag_get      at32f415_crm.o
    0x08000750   0x08000750   0x00000014   Code   RO          722    i.crm_hick_divider_select  at32f415_crm.o
    0x08000764   0x08000764   0x0000001c   Code   RO          723    i.crm_hick_sclk_frequency_select  at32f415_crm.o
    0x08000780   0x08000780   0x00000044   Code   RO          728    i.crm_periph_clock_enable  at32f415_crm.o
    0x080007c4   0x080007c4   0x00000114   Code   RO          731    i.crm_pll_config    at32f415_crm.o
    0x080008d8   0x080008d8   0x00000064   Code   RO          733    i.crm_reset         at32f415_crm.o
    0x0800093c   0x0800093c   0x0000003c   Code   RO          734    i.crm_sysclk_switch  at32f415_crm.o
    0x08000978   0x08000978   0x00000010   Code   RO          735    i.crm_sysclk_switch_status_get  at32f415_crm.o
    0x08000988   0x08000988   0x00000020   Code   RO          736    i.crm_usb_clock_div_set  at32f415_crm.o
    0x080009a8   0x080009a8   0x00000020   Code   RO          737    i.crm_usb_clock_source_select  at32f415_crm.o
    0x080009c8   0x080009c8   0x00000074   Code   RO          561    i.delay_ms          delay.o
    0x08000a3c   0x08000a3c   0x0000000a   Code   RO         3073    i.dma_channel_enable  at32f415_dma.o
    0x08000a46   0x08000a46   0x00000008   Code   RO         3074    i.dma_data_number_get  at32f415_dma.o
    0x08000a4e   0x08000a4e   0x00000018   Code   RO         3076    i.dma_default_para_init  at32f415_dma.o
    0x08000a66   0x08000a66   0x00000002   PAD
    0x08000a68   0x08000a68   0x00000020   Code   RO         3077    i.dma_flag_clear    at32f415_dma.o
    0x08000a88   0x08000a88   0x0000002c   Code   RO         3078    i.dma_flag_get      at32f415_dma.o
    0x08000ab4   0x08000ab4   0x00000098   Code   RO         3079    i.dma_flexible_config  at32f415_dma.o
    0x08000b4c   0x08000b4c   0x0000005c   Code   RO         3080    i.dma_init          at32f415_dma.o
    0x08000ba8   0x08000ba8   0x00000070   Code   RO         3083    i.dma_reset         at32f415_dma.o
    0x08000c18   0x08000c18   0x00000078   Code   RO          983    i.ertc_date_set     at32f415_ertc.o
    0x08000c90   0x08000c90   0x0000003c   Code   RO          987    i.ertc_divider_set  at32f415_ertc.o
    0x08000ccc   0x08000ccc   0x00000030   Code   RO          990    i.ertc_hour_mode_set  at32f415_ertc.o
    0x08000cfc   0x08000cfc   0x0000003c   Code   RO          991    i.ertc_init_mode_enter  at32f415_ertc.o
    0x08000d38   0x08000d38   0x00000010   Code   RO          992    i.ertc_init_mode_exit  at32f415_ertc.o
    0x08000d48   0x08000d48   0x00000024   Code   RO          996    i.ertc_num_to_bcd   at32f415_ertc.o
    0x08000d6c   0x08000d6c   0x00000080   Code   RO          999    i.ertc_reset        at32f415_ertc.o
    0x08000dec   0x08000dec   0x00000078   Code   RO         1010    i.ertc_time_set     at32f415_ertc.o
    0x08000e64   0x08000e64   0x00000038   Code   RO         1016    i.ertc_wait_update  at32f415_ertc.o
    0x08000e9c   0x08000e9c   0x00000010   Code   RO         1021    i.ertc_write_protect_disable  at32f415_ertc.o
    0x08000eac   0x08000eac   0x0000000c   Code   RO         1022    i.ertc_write_protect_enable  at32f415_ertc.o
    0x08000eb8   0x08000eb8   0x0000000e   Code   RO         1316    i.exint_default_para_init  at32f415_exint.o
    0x08000ec6   0x08000ec6   0x00000002   PAD
    0x08000ec8   0x08000ec8   0x00000098   Code   RO         1320    i.exint_init        at32f415_exint.o
    0x08000f60   0x08000f60   0x00000024   Code   RO            4    i.fputc             main.o
    0x08000f84   0x08000f84   0x00000004   Code   RO         1605    i.gpio_bits_reset   at32f415_gpio.o
    0x08000f88   0x08000f88   0x00000016   Code   RO         1608    i.gpio_default_para_init  at32f415_gpio.o
    0x08000f9e   0x08000f9e   0x00000002   PAD
    0x08000fa0   0x08000fa0   0x000000a4   Code   RO         1611    i.gpio_exint_line_config  at32f415_gpio.o
    0x08001044   0x08001044   0x000000a8   Code   RO         1612    i.gpio_init         at32f415_gpio.o
    0x080010ec   0x080010ec   0x0000004c   Code   RO         1618    i.gpio_pin_remap_config  at32f415_gpio.o
    0x08001138   0x08001138   0x0000000a   Code   RO         1726    i.i2c_ack_enable    at32f415_i2c.o
    0x08001142   0x08001142   0x00000012   Code   RO         1728    i.i2c_clock_stretch_enable  at32f415_i2c.o
    0x08001154   0x08001154   0x0000000a   Code   RO         1731    i.i2c_dma_enable    at32f415_i2c.o
    0x0800115e   0x0800115e   0x0000000a   Code   RO         1733    i.i2c_enable        at32f415_i2c.o
    0x08001168   0x08001168   0x0000000a   Code   RO         1737    i.i2c_general_call_enable  at32f415_i2c.o
    0x08001172   0x08001172   0x00000002   PAD
    0x08001174   0x08001174   0x00000104   Code   RO         1738    i.i2c_init          at32f415_i2c.o
    0x08001278   0x08001278   0x00000012   Code   RO         1742    i.i2c_own_address1_set  at32f415_i2c.o
    0x0800128a   0x0800128a   0x00000002   PAD
    0x0800128c   0x0800128c   0x000001e8   Code   RO            5    i.main              main.o
    0x08001474   0x08001474   0x000000c8   Code   RO         1930    i.nvic_irq_enable   at32f415_misc.o
    0x0800153c   0x0800153c   0x00000028   Code   RO         1932    i.nvic_priority_group_config  at32f415_misc.o
    0x08001564   0x08001564   0x00000014   Code   RO         1993    i.pwc_battery_powered_domain_access  at32f415_pwc.o
    0x08001578   0x08001578   0x00000016   Code   RO         2085    i.spi_default_para_init  at32f415_spi.o
    0x0800158e   0x0800158e   0x0000000a   Code   RO         2086    i.spi_enable        at32f415_spi.o
    0x08001598   0x08001598   0x0000000a   Code   RO         2092    i.spi_i2s_dma_receiver_enable  at32f415_spi.o
    0x080015a2   0x080015a2   0x0000000a   Code   RO         2093    i.spi_i2s_dma_transmitter_enable  at32f415_spi.o
    0x080015ac   0x080015ac   0x00000124   Code   RO         2099    i.spi_init          at32f415_spi.o
    0x080016d0   0x080016d0   0x00000154   Code   RO         3158    i.system_core_clock_update  system_at32f415.o
    0x08001824   0x08001824   0x00000010   Code   RO         2240    i.tmr_base_init     at32f415_tmr.o
    0x08001834   0x08001834   0x0000000a   Code   RO         2249    i.tmr_clock_source_div_set  at32f415_tmr.o
    0x0800183e   0x0800183e   0x0000000a   Code   RO         2250    i.tmr_cnt_dir_set   at32f415_tmr.o
    0x08001848   0x08001848   0x0000000a   Code   RO         2251    i.tmr_counter_enable  at32f415_tmr.o
    0x08001852   0x08001852   0x00000046   Code   RO         2258    i.tmr_encoder_mode_config  at32f415_tmr.o
    0x08001898   0x08001898   0x00000130   Code   RO         2269    i.tmr_input_channel_init  at32f415_tmr.o
    0x080019c8   0x080019c8   0x0000000a   Code   RO         2286    i.tmr_period_buffer_enable  at32f415_tmr.o
    0x080019d2   0x080019d2   0x0000000a   Code   RO         2289    i.tmr_primary_mode_select  at32f415_tmr.o
    0x080019dc   0x080019dc   0x0000000a   Code   RO         2294    i.tmr_sub_sync_mode_set  at32f415_tmr.o
    0x080019e6   0x080019e6   0x00000002   PAD
    0x080019e8   0x080019e8   0x00000038   Code   RO          524    i.usart1dmarecv     value.o
    0x08001a20   0x08001a20   0x00000008   Code   RO         2604    i.usart_data_transmit  at32f415_usart.o
    0x08001a28   0x08001a28   0x0000000a   Code   RO         2605    i.usart_dma_receiver_enable  at32f415_usart.o
    0x08001a32   0x08001a32   0x0000000a   Code   RO         2606    i.usart_dma_transmitter_enable  at32f415_usart.o
    0x08001a3c   0x08001a3c   0x0000000a   Code   RO         2607    i.usart_enable      at32f415_usart.o
    0x08001a46   0x08001a46   0x00000010   Code   RO         2609    i.usart_flag_get    at32f415_usart.o
    0x08001a56   0x08001a56   0x00000066   Code   RO         2610    i.usart_hardware_flow_control_set  at32f415_usart.o
    0x08001abc   0x08001abc   0x0000006c   Code   RO         2611    i.usart_init        at32f415_usart.o
    0x08001b28   0x08001b28   0x00000036   Code   RO         2612    i.usart_interrupt_enable  at32f415_usart.o
    0x08001b5e   0x08001b5e   0x0000004c   Code   RO         2618    i.usart_parity_selection_config  at32f415_usart.o
    0x08001baa   0x08001baa   0x0000000a   Code   RO         2619    i.usart_receiver_enable  at32f415_usart.o
    0x08001bb4   0x08001bb4   0x0000000a   Code   RO         2626    i.usart_transmitter_enable  at32f415_usart.o
    0x08001bbe   0x08001bbe   0x00000002   PAD
    0x08001bc0   0x08001bc0   0x0000004c   Code   RO          525    i.usartd1masend     value.o
    0x08001c0c   0x08001c0c   0x0000002c   Code   RO          134    i.wk_crc_init       at32f415_wk_config.o
    0x08001c38   0x08001c38   0x00000010   Code   RO          135    i.wk_debug_config   at32f415_wk_config.o
    0x08001c48   0x08001c48   0x00000050   Code   RO          136    i.wk_dma1_channel1_init  at32f415_wk_config.o
    0x08001c98   0x08001c98   0x00000050   Code   RO          137    i.wk_dma1_channel3_init  at32f415_wk_config.o
    0x08001ce8   0x08001ce8   0x00000050   Code   RO          138    i.wk_dma1_channel4_init  at32f415_wk_config.o
    0x08001d38   0x08001d38   0x00000050   Code   RO          139    i.wk_dma1_channel5_init  at32f415_wk_config.o
    0x08001d88   0x08001d88   0x00000050   Code   RO          140    i.wk_dma1_channel6_init  at32f415_wk_config.o
    0x08001dd8   0x08001dd8   0x00000050   Code   RO          141    i.wk_dma1_channel7_init  at32f415_wk_config.o
    0x08001e28   0x08001e28   0x00000050   Code   RO          142    i.wk_dma2_channel1_init  at32f415_wk_config.o
    0x08001e78   0x08001e78   0x00000050   Code   RO          143    i.wk_dma2_channel2_init  at32f415_wk_config.o
    0x08001ec8   0x08001ec8   0x00000050   Code   RO          144    i.wk_dma2_channel3_init  at32f415_wk_config.o
    0x08001f18   0x08001f18   0x00000050   Code   RO          145    i.wk_dma2_channel4_init  at32f415_wk_config.o
    0x08001f68   0x08001f68   0x00000050   Code   RO          146    i.wk_dma2_channel5_init  at32f415_wk_config.o
    0x08001fb8   0x08001fb8   0x00000008   Code   RO          147    i.wk_dma_channel_config  at32f415_wk_config.o
    0x08001fc0   0x08001fc0   0x00000044   Code   RO          148    i.wk_ertc_init      at32f415_wk_config.o
    0x08002004   0x08002004   0x00000054   Code   RO          149    i.wk_exint_config   at32f415_wk_config.o
    0x08002058   0x08002058   0x0000008c   Code   RO          150    i.wk_gpio_config    at32f415_wk_config.o
    0x080020e4   0x080020e4   0x00000098   Code   RO          151    i.wk_i2c1_init      at32f415_wk_config.o
    0x0800217c   0x0800217c   0x0000009c   Code   RO          152    i.wk_i2c2_init      at32f415_wk_config.o
    0x08002218   0x08002218   0x000000dc   Code   RO          153    i.wk_nvic_config    at32f415_wk_config.o
    0x080022f4   0x080022f4   0x000000b4   Code   RO          154    i.wk_periph_clock_config  at32f415_wk_config.o
    0x080023a8   0x080023a8   0x000000cc   Code   RO          155    i.wk_spi1_init      at32f415_wk_config.o
    0x08002474   0x08002474   0x000000d0   Code   RO          156    i.wk_spi2_init      at32f415_wk_config.o
    0x08002544   0x08002544   0x0000008c   Code   RO          157    i.wk_system_clock_config  at32f415_wk_config.o
    0x080025d0   0x080025d0   0x000000ec   Code   RO          158    i.wk_tmr3_init      at32f415_wk_config.o
    0x080026bc   0x080026bc   0x000000b8   Code   RO          159    i.wk_usart1_init    at32f415_wk_config.o
    0x08002774   0x08002774   0x000000bc   Code   RO          160    i.wk_usart2_init    at32f415_wk_config.o
    0x08002830   0x08002830   0x000000c0   Code   RO          161    i.wk_usart3_init    at32f415_wk_config.o
    0x080028f0   0x080028f0   0x00000010   Code   RO          162    i.wk_usb_otgfs1_init  at32f415_wk_config.o
    0x08002900   0x08002900   0x00000028   Data   RO          739    .constdata          at32f415_crm.o
    0x08002928   0x08002928   0x00000010   Data   RO         3159    .constdata          system_at32f415.o
    0x08002938   0x08002938   0x00000020   Data   RO         3507    Region$$Table       anon$$obj.o


    Execution Region RW_IRAM1 (Exec base: 0x20000000, Load base: 0x08002958, Size: 0x00001420, Max: 0x00008000, ABSOLUTE)

    Exec Addr    Load Addr    Size         Type   Attr      Idx    E Section Name        Object

    0x20000000   0x08002958   0x00000008   Data   RW          564    .data               delay.o
    0x20000008   0x08002960   0x00000004   Data   RW         3160    .data               system_at32f415.o
    0x2000000c   0x08002964   0x00000004   Data   RW         3483    .data               mc_w.l(stdout.o)
    0x20000010        -       0x0000100c   Zero   RW          526    .bss                value.o
    0x2000101c   0x08002968   0x00000004   PAD
    0x20001020        -       0x00000400   Zero   RW         3191    STACK               startup_at32f415.o


==============================================================================

Image component sizes


      Code (inc. data)   RO Data    RW Data    ZI Data      Debug   Object Name

       104         34          0          0          0       3069   at32f415_crc.o
      1344        186         40          0          0      10994   at32f415_crm.o
       474         28          0          0          0       4992   at32f415_dma.o
       672         56          0          0          0       6852   at32f415_ertc.o
       166          4          0          0          0       1511   at32f415_exint.o
       434         12          0          0          0       3792   at32f415_gpio.o
       336         18          0          0          0       4602   at32f415_i2c.o
       156         18          0          0          0      12741   at32f415_int.o
       240         18          0          0          0      32014   at32f415_misc.o
        20          6          0          0          0        548   at32f415_pwc.o
       344          0          0          0          0       3263   at32f415_spi.o
       450          0          0          0          0       5798   at32f415_tmr.o
       414          6          0          0          0       7104   at32f415_usart.o
      3316        204          0          0          0      16888   at32f415_wk_config.o
       116          6          0          8          0       1031   delay.o
       524         70          0          0          0      77339   main.o
        36          8        368          0       1024        772   startup_at32f415.o
       496         42         16          4          0       2272   system_at32f415.o
       132         18          0          0       4108       2113   value.o

    ----------------------------------------------------------------------
      9792        734        456         12       5136     197695   Object Totals
         0          0         32          0          0          0   (incl. Generated)
        18          0          0          0          4          0   (incl. Padding)

    ----------------------------------------------------------------------

      Code (inc. data)   RO Data    RW Data    ZI Data      Debug   Library Member Name

         0          0          0          0          0          0   entry.o
         0          0          0          0          0          0   entry10a.o
         0          0          0          0          0          0   entry11a.o
         4          0          0          0          0          0   entry12b.o
         8          4          0          0          0          0   entry2.o
         4          0          0          0          0          0   entry5.o
         0          0          0          0          0          0   entry7b.o
         0          0          0          0          0          0   entry8b.o
         8          4          0          0          0          0   entry9a.o
        30          0          0          0          0          0   handlers.o
        36          8          0          0          0         68   init.o
        30          0          0          0          0         68   llshl.o
        32          0          0          0          0         68   llushr.o
        36          0          0          0          0         68   memcpya.o
        50          8          0          0          0        152   printfb.o
         0          0          0          4          0          0   stdout.o
        98          0          0          0          0         92   uldiv.o

    ----------------------------------------------------------------------
       336         24          0          4          0        516   Library Totals
         0          0          0          0          0          0   (incl. Padding)

    ----------------------------------------------------------------------

      Code (inc. data)   RO Data    RW Data    ZI Data      Debug   Library Name

       336         24          0          4          0        516   mc_w.l

    ----------------------------------------------------------------------
       336         24          0          4          0        516   Library Totals

    ----------------------------------------------------------------------

==============================================================================


      Code (inc. data)   RO Data    RW Data    ZI Data      Debug   

     10128        758        456         16       5136     190563   Grand Totals
     10128        758        456         16       5136     190563   ELF Image Totals
     10128        758        456         16          0          0   ROM Totals

==============================================================================

    Total RO  Size (Code + RO Data)                10584 (  10.34kB)
    Total RW  Size (RW Data + ZI Data)              5152 (   5.03kB)
    Total ROM Size (Code + RO Data + RW Data)      10600 (  10.35kB)

==============================================================================

